Archive member included to satisfy reference by file (symbol)

c:/st/stm32cubeide_1.4.0/stm32cubeide/plugins/com.st.stm32cube.ide.mcu.externaltools.gnu-tools-for-stm32.7-2018-q2-update.win32_1.4.0.202007081208/tools/bin/../lib/gcc/arm-none-eabi/7.3.1/../../../../arm-none-eabi/lib/thumb/v7-m\libc_nano.a(lib_a-errno.o)
                              Src/syscalls.o (__errno)
c:/st/stm32cubeide_1.4.0/stm32cubeide/plugins/com.st.stm32cube.ide.mcu.externaltools.gnu-tools-for-stm32.7-2018-q2-update.win32_1.4.0.202007081208/tools/bin/../lib/gcc/arm-none-eabi/7.3.1/../../../../arm-none-eabi/lib/thumb/v7-m\libc_nano.a(lib_a-exit.o)
                              c:/st/stm32cubeide_1.4.0/stm32cubeide/plugins/com.st.stm32cube.ide.mcu.externaltools.gnu-tools-for-stm32.7-2018-q2-update.win32_1.4.0.202007081208/tools/bin/../lib/gcc/arm-none-eabi/7.3.1/../../../../arm-none-eabi/lib/thumb/v7-m/crt0.o (exit)
c:/st/stm32cubeide_1.4.0/stm32cubeide/plugins/com.st.stm32cube.ide.mcu.externaltools.gnu-tools-for-stm32.7-2018-q2-update.win32_1.4.0.202007081208/tools/bin/../lib/gcc/arm-none-eabi/7.3.1/../../../../arm-none-eabi/lib/thumb/v7-m\libc_nano.a(lib_a-impure.o)
                              c:/st/stm32cubeide_1.4.0/stm32cubeide/plugins/com.st.stm32cube.ide.mcu.externaltools.gnu-tools-for-stm32.7-2018-q2-update.win32_1.4.0.202007081208/tools/bin/../lib/gcc/arm-none-eabi/7.3.1/../../../../arm-none-eabi/lib/thumb/v7-m\libc_nano.a(lib_a-exit.o) (_global_impure_ptr)
c:/st/stm32cubeide_1.4.0/stm32cubeide/plugins/com.st.stm32cube.ide.mcu.externaltools.gnu-tools-for-stm32.7-2018-q2-update.win32_1.4.0.202007081208/tools/bin/../lib/gcc/arm-none-eabi/7.3.1/../../../../arm-none-eabi/lib/thumb/v7-m\libc_nano.a(lib_a-init.o)
                              c:/st/stm32cubeide_1.4.0/stm32cubeide/plugins/com.st.stm32cube.ide.mcu.externaltools.gnu-tools-for-stm32.7-2018-q2-update.win32_1.4.0.202007081208/tools/bin/../lib/gcc/arm-none-eabi/7.3.1/../../../../arm-none-eabi/lib/thumb/v7-m/crt0.o (__libc_init_array)
c:/st/stm32cubeide_1.4.0/stm32cubeide/plugins/com.st.stm32cube.ide.mcu.externaltools.gnu-tools-for-stm32.7-2018-q2-update.win32_1.4.0.202007081208/tools/bin/../lib/gcc/arm-none-eabi/7.3.1/../../../../arm-none-eabi/lib/thumb/v7-m\libc_nano.a(lib_a-memset.o)
                              c:/st/stm32cubeide_1.4.0/stm32cubeide/plugins/com.st.stm32cube.ide.mcu.externaltools.gnu-tools-for-stm32.7-2018-q2-update.win32_1.4.0.202007081208/tools/bin/../lib/gcc/arm-none-eabi/7.3.1/../../../../arm-none-eabi/lib/thumb/v7-m/crt0.o (memset)

Allocating common symbols
Common symbol       size              file

Global_SPI_Config2  0x18              STM32_F103C6_Drivers/SPI_DRIVER/STM32_F103C6_SPI_Driver.o
PinCnfg             0x4               HAL/KEYPAD_DRIVER/keypad.o
PinCfg              0x4               HAL/LCD_DRIVER/lcd.o
Global_SPI_Config1  0x18              STM32_F103C6_Drivers/SPI_DRIVER/STM32_F103C6_SPI_Driver.o
ch                  0x1               Src/main.o
GP_IRQ_CallBack     0x3c              STM32_F103C6_Drivers/EXTI_DRIVER/STM32_F103C6_EXTI_Driver.o

Discarded input sections

 .text          0x0000000000000000        0x0 c:/st/stm32cubeide_1.4.0/stm32cubeide/plugins/com.st.stm32cube.ide.mcu.externaltools.gnu-tools-for-stm32.7-2018-q2-update.win32_1.4.0.202007081208/tools/bin/../lib/gcc/arm-none-eabi/7.3.1/thumb/v7-m/crti.o
 .data          0x0000000000000000        0x0 c:/st/stm32cubeide_1.4.0/stm32cubeide/plugins/com.st.stm32cube.ide.mcu.externaltools.gnu-tools-for-stm32.7-2018-q2-update.win32_1.4.0.202007081208/tools/bin/../lib/gcc/arm-none-eabi/7.3.1/thumb/v7-m/crti.o
 .bss           0x0000000000000000        0x0 c:/st/stm32cubeide_1.4.0/stm32cubeide/plugins/com.st.stm32cube.ide.mcu.externaltools.gnu-tools-for-stm32.7-2018-q2-update.win32_1.4.0.202007081208/tools/bin/../lib/gcc/arm-none-eabi/7.3.1/thumb/v7-m/crti.o
 .data          0x0000000000000000        0x4 c:/st/stm32cubeide_1.4.0/stm32cubeide/plugins/com.st.stm32cube.ide.mcu.externaltools.gnu-tools-for-stm32.7-2018-q2-update.win32_1.4.0.202007081208/tools/bin/../lib/gcc/arm-none-eabi/7.3.1/thumb/v7-m/crtbegin.o
 .text          0x0000000000000000       0x74 c:/st/stm32cubeide_1.4.0/stm32cubeide/plugins/com.st.stm32cube.ide.mcu.externaltools.gnu-tools-for-stm32.7-2018-q2-update.win32_1.4.0.202007081208/tools/bin/../lib/gcc/arm-none-eabi/7.3.1/../../../../arm-none-eabi/lib/thumb/v7-m/crt0.o
 .data          0x0000000000000000        0x0 c:/st/stm32cubeide_1.4.0/stm32cubeide/plugins/com.st.stm32cube.ide.mcu.externaltools.gnu-tools-for-stm32.7-2018-q2-update.win32_1.4.0.202007081208/tools/bin/../lib/gcc/arm-none-eabi/7.3.1/../../../../arm-none-eabi/lib/thumb/v7-m/crt0.o
 .bss           0x0000000000000000        0x0 c:/st/stm32cubeide_1.4.0/stm32cubeide/plugins/com.st.stm32cube.ide.mcu.externaltools.gnu-tools-for-stm32.7-2018-q2-update.win32_1.4.0.202007081208/tools/bin/../lib/gcc/arm-none-eabi/7.3.1/../../../../arm-none-eabi/lib/thumb/v7-m/crt0.o
[...]
Memory Configuration

Name             Origin             Length             Attributes
RAM              0x0000000020000000 0x0000000000002800 xrw
FLASH            0x0000000008000000 0x0000000000008000 xr
*default*        0x0000000000000000 0xffffffffffffffff

Linker script and memory map

LOAD c:/st/stm32cubeide_1.4.0/stm32cubeide/plugins/com.st.stm32cube.ide.mcu.externaltools.gnu-tools-for-stm32.7-2018-q2-update.win32_1.4.0.202007081208/tools/bin/../lib/gcc/arm-none-eabi/7.3.1/thumb/v7-m/crti.o
LOAD c:/st/stm32cubeide_1.4.0/stm32cubeide/plugins/com.st.stm32cube.ide.mcu.externaltools.gnu-tools-for-stm32.7-2018-q2-update.win32_1.4.0.202007081208/tools/bin/../lib/gcc/arm-none-eabi/7.3.1/thumb/v7-m/crtbegin.o
LOAD c:/st/stm32cubeide_1.4.0/stm32cubeide/plugins/com.st.stm32cube.ide.mcu.externaltools.gnu-tools-for-stm32.7-2018-q2-update.win32_1.4.0.202007081208/tools/bin/../lib/gcc/arm-none-eabi/7.3.1/../../../../arm-none-eabi/lib/thumb/v7-m/crt0.o
LOAD HAL/I2C_Slave_EEPROM/I2C_Slave_EEPROM.o
LOAD HAL/KEYPAD_DRIVER/keypad.o
LOAD HAL/LCD_DRIVER/lcd.o
LOAD HAL/Seven_Segment/seven_seg.o
LOAD STM32_F103C6_Drivers/EXTI_DRIVER/STM32_F103C6_EXTI_Driver.o
LOAD STM32_F103C6_Drivers/GPIO/STM32_F103C6_GPIO_Driver.o
LOAD STM32_F103C6_Drivers/I2C_DRIVER/STM32_F103C6_I2C_Driver.o
LOAD STM32_F103C6_Drivers/RCC_DRIVER/STM32_F103C6_RCC_Driver.o
LOAD STM32_F103C6_Drivers/SPI_DRIVER/STM32_F103C6_SPI_Driver.o
LOAD STM32_F103C6_Drivers/USART_DRIVER/STM32_F103C6_USART_Driver.o
LOAD Src/main.o
LOAD Src/syscalls.o
LOAD Src/sysmem.o
LOAD Startup/startup_stm32f103c6tx.o
START GROUP
LOAD c:/st/stm32cubeide_1.4.0/stm32cubeide/plugins/com.st.stm32cube.ide.mcu.externaltools.gnu-tools-for-stm32.7-2018-q2-update.win32_1.4.0.202007081208/tools/bin/../lib/gcc/arm-none-eabi/7.3.1/../../../../arm-none-eabi/lib/thumb/v7-m\libc_nano.a
LOAD c:/st/stm32cubeide_1.4.0/stm32cubeide/plugins/com.st.stm32cube.ide.mcu.externaltools.gnu-tools-for-stm32.7-2018-q2-update.win32_1.4.0.202007081208/tools/bin/../lib/gcc/arm-none-eabi/7.3.1/../../../../arm-none-eabi/lib/thumb/v7-m\libm.a
END GROUP
START GROUP
LOAD c:/st/stm32cubeide_1.4.0/stm32cubeide/plugins/com.st.stm32cube.ide.mcu.externaltools.gnu-tools-for-stm32.7-2018-q2-update.win32_1.4.0.202007081208/tools/bin/../lib/gcc/arm-none-eabi/7.3.1/thumb/v7-m\libgcc.a
LOAD c:/st/stm32cubeide_1.4.0/stm32cubeide/plugins/com.st.stm32cube.ide.mcu.externaltools.gnu-tools-for-stm32.7-2018-q2-update.win32_1.4.0.202007081208/tools/bin/../lib/gcc/arm-none-eabi/7.3.1/../../../../arm-none-eabi/lib/thumb/v7-m\libg_nano.a
LOAD c:/st/stm32cubeide_1.4.0/stm32cubeide/plugins/com.st.stm32cube.ide.mcu.externaltools.gnu-tools-for-stm32.7-2018-q2-update.win32_1.4.0.202007081208/tools/bin/../lib/gcc/arm-none-eabi/7.3.1/../../../../arm-none-eabi/lib/thumb/v7-m\libc_nano.a
END GROUP
START GROUP
LOAD c:/st/stm32cubeide_1.4.0/stm32cubeide/plugins/com.st.stm32cube.ide.mcu.externaltools.gnu-tools-for-stm32.7-2018-q2-update.win32_1.4.0.202007081208/tools/bin/../lib/gcc/arm-none-eabi/7.3.1/thumb/v7-m\libgcc.a
LOAD c:/st/stm32cubeide_1.4.0/stm32cubeide/plugins/com.st.stm32cube.ide.mcu.externaltools.gnu-tools-for-stm32.7-2018-q2-update.win32_1.4.0.202007081208/tools/bin/../lib/gcc/arm-none-eabi/7.3.1/../../../../arm-none-eabi/lib/thumb/v7-m\libc_nano.a
LOAD c:/st/stm32cubeide_1.4.0/stm32cubeide/plugins/com.st.stm32cube.ide.mcu.externaltools.gnu-tools-for-stm32.7-2018-q2-update.win32_1.4.0.202007081208/tools/bin/../lib/gcc/arm-none-eabi/7.3.1/../../../../arm-none-eabi/lib/thumb/v7-m\libnosys.a
END GROUP
START GROUP
LOAD c:/st/stm32cubeide_1.4.0/stm32cubeide/plugins/com.st.stm32cube.ide.mcu.externaltools.gnu-tools-for-stm32.7-2018-q2-update.win32_1.4.0.202007081208/tools/bin/../lib/gcc/arm-none-eabi/7.3.1/thumb/v7-m\libgcc.a
LOAD c:/st/stm32cubeide_1.4.0/stm32cubeide/plugins/com.st.stm32cube.ide.mcu.externaltools.gnu-tools-for-stm32.7-2018-q2-update.win32_1.4.0.202007081208/tools/bin/../lib/gcc/arm-none-eabi/7.3.1/../../../../arm-none-eabi/lib/thumb/v7-m\libc_nano.a
LOAD c:/st/stm32cubeide_1.4.0/stm32cubeide/plugins/com.st.stm32cube.ide.mcu.externaltools.gnu-tools-for-stm32.7-2018-q2-update.win32_1.4.0.202007081208/tools/bin/../lib/gcc/arm-none-eabi/7.3.1/../../../../arm-none-eabi/lib/thumb/v7-m\libnosys.a
END GROUP
LOAD c:/st/stm32cubeide_1.4.0/stm32cubeide/plugins/com.st.stm32cube.ide.mcu.externaltools.gnu-tools-for-stm32.7-2018-q2-update.win32_1.4.0.202007081208/tools/bin/../lib/gcc/arm-none-eabi/7.3.1/thumb/v7-m/crtend.o
LOAD c:/st/stm32cubeide_1.4.0/stm32cubeide/plugins/com.st.stm32cube.ide.mcu.externaltools.gnu-tools-for-stm32.7-2018-q2-update.win32_1.4.0.202007081208/tools/bin/../lib/gcc/arm-none-eabi/7.3.1/thumb/v7-m/crtn.o
                0x0000000020002800                _estack = (ORIGIN (RAM) + LENGTH (RAM))
                0x0000000000000200                _Min_Heap_Size = 0x200
                0x0000000000000400                _Min_Stack_Size = 0x400

.isr_vector     0x0000000008000000      0x130
                0x0000000008000000                . = ALIGN (0x4)
 *(.isr_vector)
 .isr_vector    0x0000000008000000      0x130 Startup/startup_stm32f103c6tx.o
                0x0000000008000000                g_pfnVectors
                0x0000000008000130                . = ALIGN (0x4)

.text           0x0000000008000130      0xcc8
                0x0000000008000130                . = ALIGN (0x4)
 *(.text)
 .text          0x0000000008000130       0x40 c:/st/stm32cubeide_1.4.0/stm32cubeide/plugins/com.st.stm32cube.ide.mcu.externaltools.gnu-tools-for-stm32.7-2018-q2-update.win32_1.4.0.202007081208/tools/bin/../lib/gcc/arm-none-eabi/7.3.1/thumb/v7-m/crtbegin.o
 *(.text*)
 .text.EXTI0_IRQHandler
                0x0000000008000170       0x24 STM32_F103C6_Drivers/EXTI_DRIVER/STM32_F103C6_EXTI_Driver.o
                0x0000000008000170                EXTI0_IRQHandler
 .text.EXTI1_IRQHandler
                0x0000000008000194       0x24 STM32_F103C6_Drivers/EXTI_DRIVER/STM32_F103C6_EXTI_Driver.o
                0x0000000008000194                EXTI1_IRQHandler
 .text.EXTI2_IRQHandler
                0x00000000080001b8       0x24 STM32_F103C6_Drivers/EXTI_DRIVER/STM32_F103C6_EXTI_Driver.o
                0x00000000080001b8                EXTI2_IRQHandler
 .text.EXTI3_IRQHandler
                0x00000000080001dc       0x24 STM32_F103C6_Drivers/EXTI_DRIVER/STM32_F103C6_EXTI_Driver.o
                0x00000000080001dc                EXTI3_IRQHandler
 .text.EXTI4_IRQHandler
                0x0000000008000200       0x24 STM32_F103C6_Drivers/EXTI_DRIVER/STM32_F103C6_EXTI_Driver.o
                0x0000000008000200                EXTI4_IRQHandler
 .text.EXTI9_5_IRQHandler
                0x0000000008000224       0xa8 STM32_F103C6_Drivers/EXTI_DRIVER/STM32_F103C6_EXTI_Driver.o
                0x0000000008000224                EXTI9_5_IRQHandler
 .text.EXTI15_10_IRQHandler
                0x00000000080002cc       0xc4 STM32_F103C6_Drivers/EXTI_DRIVER/STM32_F103C6_EXTI_Driver.o
                0x00000000080002cc                EXTI15_10_IRQHandler
 .text.Get_CRLH_Position
                0x0000000008000390       0xc6 STM32_F103C6_Drivers/GPIO/STM32_F103C6_GPIO_Driver.o
                0x0000000008000390                Get_CRLH_Position
 .text.MCAL_GPIO_Init
                0x0000000008000456      0x11a STM32_F103C6_Drivers/GPIO/STM32_F103C6_GPIO_Driver.o
                0x0000000008000456                MCAL_GPIO_Init
 .text.I2C1_ER_IRQHandler
                0x0000000008000570        0xc STM32_F103C6_Drivers/I2C_DRIVER/STM32_F103C6_I2C_Driver.o
                0x0000000008000570                I2C1_ER_IRQHandler
 .text.I2C1_EV_IRQHandler
                0x000000000800057c       0xec STM32_F103C6_Drivers/I2C_DRIVER/STM32_F103C6_I2C_Driver.o
                0x000000000800057c                I2C1_EV_IRQHandler
 .text.Slave_States
                0x0000000008000668       0xe0 STM32_F103C6_Drivers/I2C_DRIVER/STM32_F103C6_I2C_Driver.o
                0x0000000008000668                Slave_States
 .text.I2C2_ER_IRQHandler
                0x0000000008000748        0xc STM32_F103C6_Drivers/I2C_DRIVER/STM32_F103C6_I2C_Driver.o
                0x0000000008000748                I2C2_ER_IRQHandler
 .text.I2C2_EV_IRQHandler
                0x0000000008000754        0xc STM32_F103C6_Drivers/I2C_DRIVER/STM32_F103C6_I2C_Driver.o
                0x0000000008000754                I2C2_EV_IRQHandler
 .text.MCAL_RCC_GetSYS_CLCKFreq
                0x0000000008000760       0x3c STM32_F103C6_Drivers/RCC_DRIVER/STM32_F103C6_RCC_Driver.o
                0x0000000008000760                MCAL_RCC_GetSYS_CLCKFreq
 .text.MCAL_RCC_GetHCLKFreq
                0x000000000800079c       0x28 STM32_F103C6_Drivers/RCC_DRIVER/STM32_F103C6_RCC_Driver.o
                0x000000000800079c                MCAL_RCC_GetHCLKFreq
 .text.MCAL_RCC_GetPCLK1Freq
                0x00000000080007c4       0x28 STM32_F103C6_Drivers/RCC_DRIVER/STM32_F103C6_RCC_Driver.o
                0x00000000080007c4                MCAL_RCC_GetPCLK1Freq
 .text.MCAL_RCC_GetPCLK2Freq
                0x00000000080007ec       0x28 STM32_F103C6_Drivers/RCC_DRIVER/STM32_F103C6_RCC_Driver.o
                0x00000000080007ec                MCAL_RCC_GetPCLK2Freq
 .text.SPI1_IRQHandler
                0x0000000008000814       0x5c STM32_F103C6_Drivers/SPI_DRIVER/STM32_F103C6_SPI_Driver.o
                0x0000000008000814                SPI1_IRQHandler
 .text.SPI2_IRQHandler
                0x0000000008000870       0x5c STM32_F103C6_Drivers/SPI_DRIVER/STM32_F103C6_SPI_Driver.o
                0x0000000008000870                SPI2_IRQHandler
 .text.MCAL_UART_Init
                0x00000000080008cc      0x1bc STM32_F103C6_Drivers/USART_DRIVER/STM32_F103C6_USART_Driver.o
                0x00000000080008cc                MCAL_UART_Init
 .text.MCAL_UART_SendData
                0x0000000008000a88       0x74 STM32_F103C6_Drivers/USART_DRIVER/STM32_F103C6_USART_Driver.o
                0x0000000008000a88                MCAL_UART_SendData
 .text.MCAL_UART_ReceiveData
                0x0000000008000afc       0xa0 STM32_F103C6_Drivers/USART_DRIVER/STM32_F103C6_USART_Driver.o
                0x0000000008000afc                MCAL_UART_ReceiveData
 .text.MCAL_UART_GPIO_Set_Pins
                0x0000000008000b9c       0xcc STM32_F103C6_Drivers/USART_DRIVER/STM32_F103C6_USART_Driver.o
                0x0000000008000b9c                MCAL_UART_GPIO_Set_Pins
 .text.USART1_IRQHandler
                0x0000000008000c68       0x14 STM32_F103C6_Drivers/USART_DRIVER/STM32_F103C6_USART_Driver.o
                0x0000000008000c68                USART1_IRQHandler
 .text.USART2_IRQHandler
                0x0000000008000c7c       0x14 STM32_F103C6_Drivers/USART_DRIVER/STM32_F103C6_USART_Driver.o
                0x0000000008000c7c                USART2_IRQHandler
 .text.USART3_IRQHandler
                0x0000000008000c90       0x14 STM32_F103C6_Drivers/USART_DRIVER/STM32_F103C6_USART_Driver.o
                0x0000000008000c90                USART3_IRQHandler
 .text.clock_init
                0x0000000008000ca4       0x34 Src/main.o
                0x0000000008000ca4                clock_init
 .text.UART_IRQ_Callback
                0x0000000008000cd8       0x24 Src/main.o
                0x0000000008000cd8                UART_IRQ_Callback
 .text.main     0x0000000008000cfc       0x48 Src/main.o
                0x0000000008000cfc                main
 .text.Reset_Handler
                0x0000000008000d44       0x50 Startup/startup_stm32f103c6tx.o
                0x0000000008000d44                Reset_Handler
 .text.Default_Handler
                0x0000000008000d94        0x2 Startup/startup_stm32f103c6tx.o
                0x0000000008000d94                TIM8_TRG_COM_IRQHandler
                0x0000000008000d94                TIM8_CC_IRQHandler
                0x0000000008000d94                DebugMon_Handler
                0x0000000008000d94                TIM1_CC_IRQHandler
                0x0000000008000d94                HardFault_Handler
                0x0000000008000d94                TIM6_IRQHandler
                0x0000000008000d94                SysTick_Handler
                0x0000000008000d94                PVD_IRQHandler
                0x0000000008000d94                SDIO_IRQHandler
                0x0000000008000d94                PendSV_Handler
                0x0000000008000d94                NMI_Handler
                0x0000000008000d94                USB_HP_CAN_TX_IRQHandler
                0x0000000008000d94                UsageFault_Handler
                0x0000000008000d94                ADC1_2_IRQHandler
                0x0000000008000d94                CAN_SCE_IRQHandler
                0x0000000008000d94                TAMPER_IRQHandler
                0x0000000008000d94                TIM8_UP_IRQHandler
                0x0000000008000d94                DMA2_Channel2_IRQHandler
                0x0000000008000d94                DMA1_Channel4_IRQHandler
                0x0000000008000d94                RTC_IRQHandler
                0x0000000008000d94                DMA1_Channel7_IRQHandler
                0x0000000008000d94                UART5_IRQHandler
                0x0000000008000d94                ADC3_IRQHandler
                0x0000000008000d94                TIM4_IRQHandler
                0x0000000008000d94                CAN_RX1_IRQHandler
                0x0000000008000d94                DMA2_Channel1_IRQHandler
                0x0000000008000d94                DMA1_Channel6_IRQHandler
                0x0000000008000d94                UART4_IRQHandler
                0x0000000008000d94                TIM3_IRQHandler
                0x0000000008000d94                RCC_IRQHandler
                0x0000000008000d94                TIM1_TRG_COM_IRQHandler
                0x0000000008000d94                DMA1_Channel1_IRQHandler
                0x0000000008000d94                Default_Handler
                0x0000000008000d94                TIM7_IRQHandler
                0x0000000008000d94                TIM5_IRQHandler
                0x0000000008000d94                USB_LP_CAN_RX0_IRQHandler
                0x0000000008000d94                MemManage_Handler
                0x0000000008000d94                SVC_Handler
                0x0000000008000d94                DMA1_Channel5_IRQHandler
                0x0000000008000d94                DMA1_Channel3_IRQHandler
                0x0000000008000d94                FSMC_IRQHandler
                0x0000000008000d94                TIM1_UP_IRQHandler
                0x0000000008000d94                WWDG_IRQHandler
                0x0000000008000d94                TIM2_IRQHandler
                0x0000000008000d94                TIM1_BRK_IRQHandler
                0x0000000008000d94                RTCAlarm_IRQHandler
                0x0000000008000d94                DMA2_Channel4_5_IRQHandler
                0x0000000008000d94                DMA1_Channel2_IRQHandler
                0x0000000008000d94                TIM8_BRK_IRQHandler
                0x0000000008000d94                FLASH_IRQHandler
                0x0000000008000d94                BusFault_Handler
                0x0000000008000d94                SPI3_IRQHandler
                0x0000000008000d94                DMA2_Channel3_IRQHandler
 *fill*         0x0000000008000d96        0x2 
 .text.__libc_init_array
                0x0000000008000d98       0x48 c:/st/stm32cubeide_1.4.0/stm32cubeide/plugins/com.st.stm32cube.ide.mcu.externaltools.gnu-tools-for-stm32.7-2018-q2-update.win32_1.4.0.202007081208/tools/bin/../lib/gcc/arm-none-eabi/7.3.1/../../../../arm-none-eabi/lib/thumb/v7-m\libc_nano.a(lib_a-init.o)
                0x0000000008000d98                __libc_init_array
 *(.glue_7)
 .glue_7        0x0000000008000de0        0x0 linker stubs
 *(.glue_7t)
 .glue_7t       0x0000000008000de0        0x0 linker stubs
 *(.eh_frame)
 .eh_frame      0x0000000008000de0        0x0 c:/st/stm32cubeide_1.4.0/stm32cubeide/plugins/com.st.stm32cube.ide.mcu.externaltools.gnu-tools-for-stm32.7-2018-q2-update.win32_1.4.0.202007081208/tools/bin/../lib/gcc/arm-none-eabi/7.3.1/thumb/v7-m/crtbegin.o
 *(.init)
 .init          0x0000000008000de0        0x4 c:/st/stm32cubeide_1.4.0/stm32cubeide/plugins/com.st.stm32cube.ide.mcu.externaltools.gnu-tools-for-stm32.7-2018-q2-update.win32_1.4.0.202007081208/tools/bin/../lib/gcc/arm-none-eabi/7.3.1/thumb/v7-m/crti.o
                0x0000000008000de0                _init
 .init          0x0000000008000de4        0x8 c:/st/stm32cubeide_1.4.0/stm32cubeide/plugins/com.st.stm32cube.ide.mcu.externaltools.gnu-tools-for-stm32.7-2018-q2-update.win32_1.4.0.202007081208/tools/bin/../lib/gcc/arm-none-eabi/7.3.1/thumb/v7-m/crtn.o
 *(.fini)
 .fini          0x0000000008000dec        0x4 c:/st/stm32cubeide_1.4.0/stm32cubeide/plugins/com.st.stm32cube.ide.mcu.externaltools.gnu-tools-for-stm32.7-2018-q2-update.win32_1.4.0.202007081208/tools/bin/../lib/gcc/arm-none-eabi/7.3.1/thumb/v7-m/crti.o
                0x0000000008000dec                _fini
 .fini          0x0000000008000df0        0x8 c:/st/stm32cubeide_1.4.0/stm32cubeide/plugins/com.st.stm32cube.ide.mcu.externaltools.gnu-tools-for-stm32.7-2018-q2-update.win32_1.4.0.202007081208/tools/bin/../lib/gcc/arm-none-eabi/7.3.1/thumb/v7-m/crtn.o
                0x0000000008000df8                . = ALIGN (0x4)
                0x0000000008000df8                _etext = .

.vfp11_veneer   0x0000000008000df8        0x0
 .vfp11_veneer  0x0000000008000df8        0x0 linker stubs

.v4_bx          0x0000000008000df8        0x0
 .v4_bx         0x0000000008000df8        0x0 linker stubs

.iplt           0x0000000008000df8        0x0
 .iplt          0x0000000008000df8        0x0 c:/st/stm32cubeide_1.4.0/stm32cubeide/plugins/com.st.stm32cube.ide.mcu.externaltools.gnu-tools-for-stm32.7-2018-q2-update.win32_1.4.0.202007081208/tools/bin/../lib/gcc/arm-none-eabi/7.3.1/thumb/v7-m/crtbegin.o

.rodata         0x0000000008000df8       0x18
                0x0000000008000df8                . = ALIGN (0x4)
 *(.rodata)
 *(.rodata*)
 .rodata.APBPrescTable
                0x0000000008000df8        0x8 STM32_F103C6_Drivers/RCC_DRIVER/STM32_F103C6_RCC_Driver.o
                0x0000000008000df8                APBPrescTable
 .rodata.AHBPrescTable
                0x0000000008000e00       0x10 STM32_F103C6_Drivers/RCC_DRIVER/STM32_F103C6_RCC_Driver.o
                0x0000000008000e00                AHBPrescTable
                0x0000000008000e10                . = ALIGN (0x4)

.rel.dyn        0x0000000008000e10        0x0
 .rel.iplt      0x0000000008000e10        0x0 c:/st/stm32cubeide_1.4.0/stm32cubeide/plugins/com.st.stm32cube.ide.mcu.externaltools.gnu-tools-for-stm32.7-2018-q2-update.win32_1.4.0.202007081208/tools/bin/../lib/gcc/arm-none-eabi/7.3.1/thumb/v7-m/crtbegin.o

.ARM.extab      0x0000000008000e10        0x0
                0x0000000008000e10                . = ALIGN (0x4)
 *(.ARM.extab* .gnu.linkonce.armextab.*)
                0x0000000008000e10                . = ALIGN (0x4)

.ARM            0x0000000008000e10        0x0
                0x0000000008000e10                . = ALIGN (0x4)
                0x0000000008000e10                __exidx_start = .
 *(.ARM.exidx*)
                0x0000000008000e10                __exidx_end = .
                0x0000000008000e10                . = ALIGN (0x4)

.preinit_array  0x0000000008000e10        0x0
                0x0000000008000e10                . = ALIGN (0x4)
                0x0000000008000e10                PROVIDE (__preinit_array_start = .)
 *(.preinit_array*)
                0x0000000008000e10                PROVIDE (__preinit_array_end = .)
                0x0000000008000e10                . = ALIGN (0x4)

.init_array     0x0000000008000e10        0x4
                0x0000000008000e10                . = ALIGN (0x4)
                0x0000000008000e10                PROVIDE (__init_array_start = .)
 *(SORT_BY_NAME(.init_array.*))
 *(.init_array*)
 .init_array    0x0000000008000e10        0x4 c:/st/stm32cubeide_1.4.0/stm32cubeide/plugins/com.st.stm32cube.ide.mcu.externaltools.gnu-tools-for-stm32.7-2018-q2-update.win32_1.4.0.202007081208/tools/bin/../lib/gcc/arm-none-eabi/7.3.1/thumb/v7-m/crtbegin.o
                0x0000000008000e14                PROVIDE (__init_array_end = .)
                0x0000000008000e14                . = ALIGN (0x4)

.fini_array     0x0000000008000e14        0x4
                0x0000000008000e14                . = ALIGN (0x4)
                [!provide]                        PROVIDE (__fini_array_start = .)
 *(SORT_BY_NAME(.fini_array.*))
 *(.fini_array*)
 .fini_array    0x0000000008000e14        0x4 c:/st/stm32cubeide_1.4.0/stm32cubeide/plugins/com.st.stm32cube.ide.mcu.externaltools.gnu-tools-for-stm32.7-2018-q2-update.win32_1.4.0.202007081208/tools/bin/../lib/gcc/arm-none-eabi/7.3.1/thumb/v7-m/crtbegin.o
                [!provide]                        PROVIDE (__fini_array_end = .)
                0x0000000008000e18                . = ALIGN (0x4)
                0x0000000008000e18                _sidata = LOADADDR (.data)

.data           0x0000000020000000        0x0 load address 0x0000000008000e18
                0x0000000020000000                . = ALIGN (0x4)
                0x0000000020000000                _sdata = .
 *(.data)
 *(.data*)
 *(.RamFunc)
 *(.RamFunc*)
                0x0000000020000000                . = ALIGN (0x4)
                0x0000000020000000                _edata = .

.igot.plt       0x0000000020000000        0x0 load address 0x0000000008000e18
 .igot.plt      0x0000000020000000        0x0 c:/st/stm32cubeide_1.4.0/stm32cubeide/plugins/com.st.stm32cube.ide.mcu.externaltools.gnu-tools-for-stm32.7-2018-q2-update.win32_1.4.0.202007081208/tools/bin/../lib/gcc/arm-none-eabi/7.3.1/thumb/v7-m/crtbegin.o
                0x0000000020000000                . = ALIGN (0x4)

.bss            0x0000000020000000       0xbc load address 0x0000000008000e18
                0x0000000020000000                _sbss = .
                0x0000000020000000                __bss_start__ = _sbss
 *(.bss)
 .bss           0x0000000020000000       0x1c c:/st/stm32cubeide_1.4.0/stm32cubeide/plugins/com.st.stm32cube.ide.mcu.externaltools.gnu-tools-for-stm32.7-2018-q2-update.win32_1.4.0.202007081208/tools/bin/../lib/gcc/arm-none-eabi/7.3.1/thumb/v7-m/crtbegin.o
 *(.bss*)
 .bss.Global_I2C_Config
                0x000000002000001c       0x48 STM32_F103C6_Drivers/I2C_DRIVER/STM32_F103C6_I2C_Driver.o
                0x000000002000001c                Global_I2C_Config
 .bss.Global_SPI_Config
                0x0000000020000064        0x8 STM32_F103C6_Drivers/SPI_DRIVER/STM32_F103C6_SPI_Driver.o
                0x0000000020000064                Global_SPI_Config
 .bss.Global_UART_Config
                0x000000002000006c        0xc STM32_F103C6_Drivers/USART_DRIVER/STM32_F103C6_USART_Driver.o
                0x000000002000006c                Global_UART_Config
 .bss.USART_Index
                0x0000000020000078        0x1 STM32_F103C6_Drivers/USART_DRIVER/STM32_F103C6_USART_Driver.o
                0x0000000020000078                USART_Index
 *(COMMON)
 *fill*         0x0000000020000079        0x3 
 COMMON         0x000000002000007c       0x3c STM32_F103C6_Drivers/EXTI_DRIVER/STM32_F103C6_EXTI_Driver.o
                0x000000002000007c                GP_IRQ_CallBack
 COMMON         0x00000000200000b8        0x1 Src/main.o
                0x00000000200000b8                ch
                0x00000000200000bc                . = ALIGN (0x4)
 *fill*         0x00000000200000b9        0x3 
                0x00000000200000bc                _ebss = .
                0x00000000200000bc                __bss_end__ = _ebss

._user_heap_stack
                0x00000000200000bc      0x604 load address 0x0000000008000e18
                0x00000000200000c0                . = ALIGN (0x8)
 *fill*         0x00000000200000bc        0x4 
                [!provide]                        PROVIDE (end = .)
                0x00000000200000c0                PROVIDE (_end = .)
                0x00000000200002c0                . = (. + _Min_Heap_Size)
 *fill*         0x00000000200000c0      0x200 
                0x00000000200006c0                . = (. + _Min_Stack_Size)
 *fill*         0x00000000200002c0      0x400 
                0x00000000200006c0                . = ALIGN (0x8)

/DISCARD/
 libc.a(*)
 libm.a(*)
 libgcc.a(*)

.ARM.attributes
                0x0000000000000000       0x29
 *(.ARM.attributes)
 .ARM.attributes
                0x0000000000000000       0x1d c:/st/stm32cubeide_1.4.0/stm32cubeide/plugins/com.st.stm32cube.ide.mcu.externaltools.gnu-tools-for-stm32.7-2018-q2-update.win32_1.4.0.202007081208/tools/bin/../lib/gcc/arm-none-eabi/7.3.1/thumb/v7-m/crti.o
 .ARM.attributes
                0x000000000000001d       0x2d c:/st/stm32cubeide_1.4.0/stm32cubeide/plugins/com.st.stm32cube.ide.mcu.externaltools.gnu-tools-for-stm32.7-2018-q2-update.win32_1.4.0.202007081208/tools/bin/../lib/gcc/arm-none-eabi/7.3.1/thumb/v7-m/crtbegin.o
 .ARM.attributes
                0x000000000000004a       0x33 STM32_F103C6_Drivers/EXTI_DRIVER/STM32_F103C6_EXTI_Driver.o
 .ARM.attributes
                0x000000000000007d       0x33 STM32_F103C6_Drivers/GPIO/STM32_F103C6_GPIO_Driver.o
 .ARM.attributes
                0x00000000000000b0       0x33 STM32_F103C6_Drivers/I2C_DRIVER/STM32_F103C6_I2C_Driver.o
 .ARM.attributes
                0x00000000000000e3       0x33 STM32_F103C6_Drivers/RCC_DRIVER/STM32_F103C6_RCC_Driver.o
 .ARM.attributes
                0x0000000000000116       0x33 STM32_F103C6_Drivers/SPI_DRIVER/STM32_F103C6_SPI_Driver.o
 .ARM.attributes
                0x0000000000000149       0x33 STM32_F103C6_Drivers/USART_DRIVER/STM32_F103C6_USART_Driver.o
 .ARM.attributes
                0x000000000000017c       0x33 Src/main.o
 .ARM.attributes
                0x00000000000001af       0x21 Startup/startup_stm32f103c6tx.o
 .ARM.attributes
                0x00000000000001d0       0x2d c:/st/stm32cubeide_1.4.0/stm32cubeide/plugins/com.st.stm32cube.ide.mcu.externaltools.gnu-tools-for-stm32.7-2018-q2-update.win32_1.4.0.202007081208/tools/bin/../lib/gcc/arm-none-eabi/7.3.1/../../../../arm-none-eabi/lib/thumb/v7-m\libc_nano.a(lib_a-init.o)
 .ARM.attributes
                0x00000000000001fd       0x1d c:/st/stm32cubeide_1.4.0/stm32cubeide/plugins/com.st.stm32cube.ide.mcu.externaltools.gnu-tools-for-stm32.7-2018-q2-update.win32_1.4.0.202007081208/tools/bin/../lib/gcc/arm-none-eabi/7.3.1/thumb/v7-m/crtn.o
OUTPUT(Drivers.elf elf32-littlearm)

.debug_info     0x0000000000000000     0x6291
 .debug_info    0x0000000000000000      0xdc2 STM32_F103C6_Drivers/EXTI_DRIVER/STM32_F103C6_EXTI_Driver.o
 .debug_info    0x0000000000000dc2      0xd61 STM32_F103C6_Drivers/GPIO/STM32_F103C6_GPIO_Driver.o
 .debug_info    0x0000000000001b23     0x131d STM32_F103C6_Drivers/I2C_DRIVER/STM32_F103C6_I2C_Driver.o
 .debug_info    0x0000000000002e40      0xb0a STM32_F103C6_Drivers/RCC_DRIVER/STM32_F103C6_RCC_Driver.o
 .debug_info    0x000000000000394a      0xf14 STM32_F103C6_Drivers/SPI_DRIVER/STM32_F103C6_SPI_Driver.o
 .debug_info    0x000000000000485e      0xe2a STM32_F103C6_Drivers/USART_DRIVER/STM32_F103C6_USART_Driver.o
 .debug_info    0x0000000000005688      0xbe7 Src/main.o
 .debug_info    0x000000000000626f       0x22 Startup/startup_stm32f103c6tx.o

.debug_abbrev   0x0000000000000000      0xf33
 .debug_abbrev  0x0000000000000000      0x239 STM32_F103C6_Drivers/EXTI_DRIVER/STM32_F103C6_EXTI_Driver.o
 .debug_abbrev  0x0000000000000239      0x241 STM32_F103C6_Drivers/GPIO/STM32_F103C6_GPIO_Driver.o
 .debug_abbrev  0x000000000000047a      0x2b3 STM32_F103C6_Drivers/I2C_DRIVER/STM32_F103C6_I2C_Driver.o
 .debug_abbrev  0x000000000000072d      0x19b STM32_F103C6_Drivers/RCC_DRIVER/STM32_F103C6_RCC_Driver.o
 .debug_abbrev  0x00000000000008c8      0x240 STM32_F103C6_Drivers/SPI_DRIVER/STM32_F103C6_SPI_Driver.o
 .debug_abbrev  0x0000000000000b08      0x23f STM32_F103C6_Drivers/USART_DRIVER/STM32_F103C6_USART_Driver.o
 .debug_abbrev  0x0000000000000d47      0x1da Src/main.o
 .debug_abbrev  0x0000000000000f21       0x12 Startup/startup_stm32f103c6tx.o

.debug_loc      0x0000000000000000     0x1290
 .debug_loc     0x0000000000000000      0x320 STM32_F103C6_Drivers/EXTI_DRIVER/STM32_F103C6_EXTI_Driver.o
 .debug_loc     0x0000000000000320      0x330 STM32_F103C6_Drivers/GPIO/STM32_F103C6_GPIO_Driver.o
 .debug_loc     0x0000000000000650      0x580 STM32_F103C6_Drivers/I2C_DRIVER/STM32_F103C6_I2C_Driver.o
 .debug_loc     0x0000000000000bd0       0xc8 STM32_F103C6_Drivers/RCC_DRIVER/STM32_F103C6_RCC_Driver.o
 .debug_loc     0x0000000000000c98      0x2bc STM32_F103C6_Drivers/SPI_DRIVER/STM32_F103C6_SPI_Driver.o
 .debug_loc     0x0000000000000f54      0x294 STM32_F103C6_Drivers/USART_DRIVER/STM32_F103C6_USART_Driver.o
 .debug_loc     0x00000000000011e8       0xa8 Src/main.o

.debug_aranges  0x0000000000000000      0x2c8
 .debug_aranges
                0x0000000000000000       0x80 STM32_F103C6_Drivers/EXTI_DRIVER/STM32_F103C6_EXTI_Driver.o
 .debug_aranges
                0x0000000000000080       0x60 STM32_F103C6_Drivers/GPIO/STM32_F103C6_GPIO_Driver.o
 .debug_aranges
                0x00000000000000e0       0xa0 STM32_F103C6_Drivers/I2C_DRIVER/STM32_F103C6_I2C_Driver.o
 .debug_aranges
                0x0000000000000180       0x38 STM32_F103C6_Drivers/RCC_DRIVER/STM32_F103C6_RCC_Driver.o
 .debug_aranges
                0x00000000000001b8       0x58 STM32_F103C6_Drivers/SPI_DRIVER/STM32_F103C6_SPI_Driver.o
 .debug_aranges
                0x0000000000000210       0x60 STM32_F103C6_Drivers/USART_DRIVER/STM32_F103C6_USART_Driver.o
 .debug_aranges
                0x0000000000000270       0x30 Src/main.o
 .debug_aranges
                0x00000000000002a0       0x28 Startup/startup_stm32f103c6tx.o

.debug_ranges   0x0000000000000000      0x250
 .debug_ranges  0x0000000000000000       0x70 STM32_F103C6_Drivers/EXTI_DRIVER/STM32_F103C6_EXTI_Driver.o
 .debug_ranges  0x0000000000000070       0x50 STM32_F103C6_Drivers/GPIO/STM32_F103C6_GPIO_Driver.o
 .debug_ranges  0x00000000000000c0       0x90 STM32_F103C6_Drivers/I2C_DRIVER/STM32_F103C6_I2C_Driver.o
 .debug_ranges  0x0000000000000150       0x28 STM32_F103C6_Drivers/RCC_DRIVER/STM32_F103C6_RCC_Driver.o
 .debug_ranges  0x0000000000000178       0x48 STM32_F103C6_Drivers/SPI_DRIVER/STM32_F103C6_SPI_Driver.o
 .debug_ranges  0x00000000000001c0       0x50 STM32_F103C6_Drivers/USART_DRIVER/STM32_F103C6_USART_Driver.o
 .debug_ranges  0x0000000000000210       0x20 Src/main.o
 .debug_ranges  0x0000000000000230       0x20 Startup/startup_stm32f103c6tx.o

.debug_macro    0x0000000000000000      0xea3
 .debug_macro   0x0000000000000000      0x162 STM32_F103C6_Drivers/EXTI_DRIVER/STM32_F103C6_EXTI_Driver.o
 .debug_macro   0x0000000000000162      0x225 STM32_F103C6_Drivers/EXTI_DRIVER/STM32_F103C6_EXTI_Driver.o
 .debug_macro   0x0000000000000387      0x149 STM32_F103C6_Drivers/GPIO/STM32_F103C6_GPIO_Driver.o
 .debug_macro   0x00000000000004d0      0x163 STM32_F103C6_Drivers/I2C_DRIVER/STM32_F103C6_I2C_Driver.o
 .debug_macro   0x0000000000000633      0x15c STM32_F103C6_Drivers/RCC_DRIVER/STM32_F103C6_RCC_Driver.o
 .debug_macro   0x000000000000078f       0x10 STM32_F103C6_Drivers/RCC_DRIVER/STM32_F103C6_RCC_Driver.o
 .debug_macro   0x000000000000079f      0x16f STM32_F103C6_Drivers/SPI_DRIVER/STM32_F103C6_SPI_Driver.o
 .debug_macro   0x000000000000090e       0xce STM32_F103C6_Drivers/SPI_DRIVER/STM32_F103C6_SPI_Driver.o
 .debug_macro   0x00000000000009dc      0x157 STM32_F103C6_Drivers/USART_DRIVER/STM32_F103C6_USART_Driver.o
 .debug_macro   0x0000000000000b33       0xf1 STM32_F103C6_Drivers/USART_DRIVER/STM32_F103C6_USART_Driver.o
 .debug_macro   0x0000000000000c24      0x193 Src/main.o
 .debug_macro   0x0000000000000db7       0xa6 Src/main.o
 .debug_macro   0x0000000000000e5d       0x46 Src/main.o

.debug_line     0x0000000000000000     0x306d
 .debug_line    0x0000000000000000      0x749 STM32_F103C6_Drivers/EXTI_DRIVER/STM32_F103C6_EXTI_Driver.o
 .debug_line    0x0000000000000749      0x692 STM32_F103C6_Drivers/GPIO/STM32_F103C6_GPIO_Driver.o
 .debug_line    0x0000000000000ddb      0x837 STM32_F103C6_Drivers/I2C_DRIVER/STM32_F103C6_I2C_Driver.o
 .debug_line    0x0000000000001612      0x5d1 STM32_F103C6_Drivers/RCC_DRIVER/STM32_F103C6_RCC_Driver.o
 .debug_line    0x0000000000001be3      0x6f9 STM32_F103C6_Drivers/SPI_DRIVER/STM32_F103C6_SPI_Driver.o
 .debug_line    0x00000000000022dc      0x6d4 STM32_F103C6_Drivers/USART_DRIVER/STM32_F103C6_USART_Driver.o
 .debug_line    0x00000000000029b0      0x639 Src/main.o
 .debug_line    0x0000000000002fe9       0x84 Startup/startup_stm32f103c6tx.o

.debug_str      0x0000000000000000     0xc735
 .debug_str     0x0000000000000000     0xaa41 STM32_F103C6_Drivers/EXTI_DRIVER/STM32_F103C6_EXTI_Driver.o
                                       0xacb7 (size before relaxing)
 .debug_str     0x000000000000aa41      0x193 STM32_F103C6_Drivers/GPIO/STM32_F103C6_GPIO_Driver.o
                                       0x982c (size before relaxing)
 .debug_str     0x000000000000abd4      0x6fa STM32_F103C6_Drivers/I2C_DRIVER/STM32_F103C6_I2C_Driver.o
                                       0x9e59 (size before relaxing)
 .debug_str     0x000000000000b2ce       0xb3 STM32_F103C6_Drivers/RCC_DRIVER/STM32_F103C6_RCC_Driver.o
                                       0x9770 (size before relaxing)
 .debug_str     0x000000000000b381      0x7ed STM32_F103C6_Drivers/SPI_DRIVER/STM32_F103C6_SPI_Driver.o
                                       0x9f76 (size before relaxing)
 .debug_str     0x000000000000bb6e      0x7c2 STM32_F103C6_Drivers/USART_DRIVER/STM32_F103C6_USART_Driver.o
                                       0x9f74 (size before relaxing)
 .debug_str     0x000000000000c330      0x3d4 Src/main.o
                                       0xb4ba (size before relaxing)
 .debug_str     0x000000000000c704       0x31 Startup/startup_stm32f103c6tx.o
                                         0x6b (size before relaxing)

.comment        0x0000000000000000       0x7b
 .comment       0x0000000000000000       0x7b STM32_F103C6_Drivers/EXTI_DRIVER/STM32_F103C6_EXTI_Driver.o
                                         0x7c (size before relaxing)
 .comment       0x000000000000007b       0x7c STM32_F103C6_Drivers/GPIO/STM32_F103C6_GPIO_Driver.o
 .comment       0x000000000000007b       0x7c STM32_F103C6_Drivers/I2C_DRIVER/STM32_F103C6_I2C_Driver.o
 .comment       0x000000000000007b       0x7c STM32_F103C6_Drivers/RCC_DRIVER/STM32_F103C6_RCC_Driver.o
 .comment       0x000000000000007b       0x7c STM32_F103C6_Drivers/SPI_DRIVER/STM32_F103C6_SPI_Driver.o
 .comment       0x000000000000007b       0x7c STM32_F103C6_Drivers/USART_DRIVER/STM32_F103C6_USART_Driver.o
 .comment       0x000000000000007b       0x7c Src/main.o

.debug_frame    0x0000000000000000      0x960
 .debug_frame   0x0000000000000000      0x1b0 STM32_F103C6_Drivers/EXTI_DRIVER/STM32_F103C6_EXTI_Driver.o
 .debug_frame   0x00000000000001b0      0x178 STM32_F103C6_Drivers/GPIO/STM32_F103C6_GPIO_Driver.o
 .debug_frame   0x0000000000000328      0x288 STM32_F103C6_Drivers/I2C_DRIVER/STM32_F103C6_I2C_Driver.o
 .debug_frame   0x00000000000005b0       0x84 STM32_F103C6_Drivers/RCC_DRIVER/STM32_F103C6_RCC_Driver.o
 .debug_frame   0x0000000000000634      0x148 STM32_F103C6_Drivers/SPI_DRIVER/STM32_F103C6_SPI_Driver.o
 .debug_frame   0x000000000000077c      0x14c STM32_F103C6_Drivers/USART_DRIVER/STM32_F103C6_USART_Driver.o
 .debug_frame   0x00000000000008c8       0x6c Src/main.o
 .debug_frame   0x0000000000000934       0x2c c:/st/stm32cubeide_1.4.0/stm32cubeide/plugins/com.st.stm32cube.ide.mcu.externaltools.gnu-tools-for-stm32.7-2018-q2-update.win32_1.4.0.202007081208/tools/bin/../lib/gcc/arm-none-eabi/7.3.1/../../../../arm-none-eabi/lib/thumb/v7-m\libc_nano.a(lib_a-init.o)
