Archive member included to satisfy reference by file (symbol)

c:/st/stm32cubeide_1.4.0/stm32cubeide/plugins/com.st.stm32cube.ide.mcu.externaltools.gnu-tools-for-stm32.7-2018-q2-update.win32_1.4.0.202007081208/tools/bin/../lib/gcc/arm-none-eabi/7.3.1/../../../../arm-none-eabi/lib/thumb/v7-m\libc_nano.a(lib_a-errno.o)
                              Src/syscalls.o (__errno)
c:/st/stm32cubeide_1.4.0/stm32cubeide/plugins/com.st.stm32cube.ide.mcu.externaltools.gnu-tools-for-stm32.7-2018-q2-update.win32_1.4.0.202007081208/tools/bin/../lib/gcc/arm-none-eabi/7.3.1/../../../../arm-none-eabi/lib/thumb/v7-m\libc_nano.a(lib_a-exit.o)
                              c:/st/stm32cubeide_1.4.0/stm32cubeide/plugins/com.st.stm32cube.ide.mcu.externaltools.gnu-tools-for-stm32.7-2018-q2-update.win32_1.4.0.202007081208/tools/bin/../lib/gcc/arm-none-eabi/7.3.1/../../../../arm-none-eabi/lib/thumb/v7-m/crt0.o (exit)
c:/st/stm32cubeide_1.4.0/stm32cubeide/plugins/com.st.stm32cube.ide.mcu.externaltools.gnu-tools-for-stm32.7-2018-q2-update.win32_1.4.0.202007081208/tools/bin/../lib/gcc/arm-none-eabi/7.3.1/../../../../arm-none-eabi/lib/thumb/v7-m\libc_nano.a(lib_a-impure.o)
                              c:/st/stm32cubeide_1.4.0/stm32cubeide/plugins/com.st.stm32cube.ide.mcu.externaltools.gnu-tools-for-stm32.7-2018-q2-update.win32_1.4.0.202007081208/tools/bin/../lib/gcc/arm-none-eabi/7.3.1/../../../../arm-none-eabi/lib/thumb/v7-m\libc_nano.a(lib_a-exit.o) (_global_impure_ptr)
c:/st/stm32cubeide_1.4.0/stm32cubeide/plugins/com.st.stm32cube.ide.mcu.externaltools.gnu-tools-for-stm32.7-2018-q2-update.win32_1.4.0.202007081208/tools/bin/../lib/gcc/arm-none-eabi/7.3.1/../../../../arm-none-eabi/lib/thumb/v7-m\libc_nano.a(lib_a-init.o)
                              c:/st/stm32cubeide_1.4.0/stm32cubeide/plugins/com.st.stm32cube.ide.mcu.externaltools.gnu-tools-for-stm32.7-2018-q2-update.win32_1.4.0.202007081208/tools/bin/../lib/gcc/arm-none-eabi/7.3.1/../../../../arm-none-eabi/lib/thumb/v7-m/crt0.o (__libc_init_array)
c:/st/stm32cubeide_1.4.0/stm32cubeide/plugins/com.st.stm32cube.ide.mcu.externaltools.gnu-tools-for-stm32.7-2018-q2-update.win32_1.4.0.202007081208/tools/bin/../lib/gcc/arm-none-eabi/7.3.1/../../../../arm-none-eabi/lib/thumb/v7-m\libc_nano.a(lib_a-memset.o)
                              c:/st/stm32cubeide_1.4.0/stm32cubeide/plugins/com.st.stm32cube.ide.mcu.externaltools.gnu-tools-for-stm32.7-2018-q2-update.win32_1.4.0.202007081208/tools/bin/../lib/gcc/arm-none-eabi/7.3.1/../../../../arm-none-eabi/lib/thumb/v7-m/crt0.o (memset)

Allocating common symbols
Common symbol       size              file

Global_SPI_Config2  0x18              STM32_F103C6_Drivers/SPI_DRIVER/STM32_F103C6_SPI_Driver.o
PinCnfg             0x4               HAL/KEYPAD_DRIVER/keypad.o
PinCfg              0x4               HAL/LCD_DRIVER/lcd.o
Global_SPI_Config1  0x18              STM32_F103C6_Drivers/SPI_DRIVER/STM32_F103C6_SPI_Driver.o
GP_IRQ_CallBack     0x3c              STM32_F103C6_Drivers/EXTI_DRIVER/STM32_F103C6_EXTI_Driver.o

Discarded input sections

 .text          0x0000000000000000        0x0 c:/st/stm32cubeide_1.4.0/stm32cubeide/plugins/com.st.stm32cube.ide.mcu.externaltools.gnu-tools-for-stm32.7-2018-q2-update.win32_1.4.0.202007081208/tools/bin/../lib/gcc/arm-none-eabi/7.3.1/thumb/v7-m/crti.o
 .data          0x0000000000000000        0x0 c:/st/stm32cubeide_1.4.0/stm32cubeide/plugins/com.st.stm32cube.ide.mcu.externaltools.gnu-tools-for-stm32.7-2018-q2-update.win32_1.4.0.202007081208/tools/bin/../lib/gcc/arm-none-eabi/7.3.1/thumb/v7-m/crti.o
 .bss           0x0000000000000000        0x0 c:/st/stm32cubeide_1.4.0/stm32cubeide/plugins/com.st.stm32cube.ide.mcu.externaltools.gnu-tools-for-stm32.7-2018-q2-update.win32_1.4.0.202007081208/tools/bin/../lib/gcc/arm-none-eabi/7.3.1/thumb/v7-m/crti.o
 .data          0x0000000000000000        0x4 c:/st/stm32cubeide_1.4.0/stm32cubeide/plugins/com.st.stm32cube.ide.mcu.externaltools.gnu-tools-for-stm32.7-2018-q2-update.win32_1.4.0.202007081208/tools/bin/../lib/gcc/arm-none-eabi/7.3.1/thumb/v7-m/crtbegin.o
 .text          0x0000000000000000       0x74 c:/st/stm32cubeide_1.4.0/stm32cubeide/plugins/com.st.stm32cube.ide.mcu.externaltools.gnu-tools-for-stm32.7-2018-q2-update.win32_1.4.0.202007081208/tools/bin/../lib/gcc/arm-none-eabi/7.3.1/../../../../arm-none-eabi/lib/thumb/v7-m/crt0.o
 .data          0x0000000000000000        0x0 c:/st/stm32cubeide_1.4.0/stm32cubeide/plugins/com.st.stm32cube.ide.mcu.externaltools.gnu-tools-for-stm32.7-2018-q2-update.win32_1.4.0.202007081208/tools/bin/../lib/gcc/arm-none-eabi/7.3.1/../../../../arm-none-eabi/lib/thumb/v7-m/crt0.o
 .bss           0x0000000000000000        0x0 c:/st/stm32cubeide_1.4.0/stm32cubeide/plugins/com.st.stm32cube.ide.mcu.externaltools.gnu-tools-for-stm32.7-2018-q2-update.win32_1.4.0.202007081208/tools/bin/../lib/gcc/arm-none-eabi/7.3.1/../../../../arm-none-eabi/lib/thumb/v7-m/crt0.o
[...]
Memory Configuration

Name             Origin             Length             Attributes
RAM              0x0000000020000000 0x0000000000002800 xrw
FLASH            0x0000000008000000 0x0000000000008000 xr
*default*        0x0000000000000000 0xffffffffffffffff

Linker script and memory map

LOAD c:/st/stm32cubeide_1.4.0/stm32cubeide/plugins/com.st.stm32cube.ide.mcu.externaltools.gnu-tools-for-stm32.7-2018-q2-update.win32_1.4.0.202007081208/tools/bin/../lib/gcc/arm-none-eabi/7.3.1/thumb/v7-m/crti.o
LOAD c:/st/stm32cubeide_1.4.0/stm32cubeide/plugins/com.st.stm32cube.ide.mcu.externaltools.gnu-tools-for-stm32.7-2018-q2-update.win32_1.4.0.202007081208/tools/bin/../lib/gcc/arm-none-eabi/7.3.1/thumb/v7-m/crtbegin.o
LOAD c:/st/stm32cubeide_1.4.0/stm32cubeide/plugins/com.st.stm32cube.ide.mcu.externaltools.gnu-tools-for-stm32.7-2018-q2-update.win32_1.4.0.202007081208/tools/bin/../lib/gcc/arm-none-eabi/7.3.1/../../../../arm-none-eabi/lib/thumb/v7-m/crt0.o
LOAD HAL/I2C_Slave_EEPROM/I2C_Slave_EEPROM.o
LOAD HAL/KEYPAD_DRIVER/keypad.o
LOAD HAL/LCD_DRIVER/lcd.o
LOAD HAL/Seven_Segment/seven_seg.o
LOAD STM32_F103C6_Drivers/EXTI_DRIVER/STM32_F103C6_EXTI_Driver.o
LOAD STM32_F103C6_Drivers/GPIO/STM32_F103C6_GPIO_Driver.o
LOAD STM32_F103C6_Drivers/I2C_DRIVER/STM32_F103C6_I2C_Driver.o
LOAD STM32_F103C6_Drivers/RCC_DRIVER/STM32_F103C6_RCC_Driver.o
LOAD STM32_F103C6_Drivers/SPI_DRIVER/STM32_F103C6_SPI_Driver.o
LOAD STM32_F103C6_Drivers/USART_DRIVER/STM32_F103C6_USART_Driver.o
LOAD Src/main.o
LOAD Src/syscalls.o
LOAD Src/sysmem.o
LOAD Startup/startup_stm32f103c6tx.o
START GROUP
LOAD c:/st/stm32cubeide_1.4.0/stm32cubeide/plugins/com.st.stm32cube.ide.mcu.externaltools.gnu-tools-for-stm32.7-2018-q2-update.win32_1.4.0.202007081208/tools/bin/../lib/gcc/arm-none-eabi/7.3.1/../../../../arm-none-eabi/lib/thumb/v7-m\libc_nano.a
LOAD c:/st/stm32cubeide_1.4.0/stm32cubeide/plugins/com.st.stm32cube.ide.mcu.externaltools.gnu-tools-for-stm32.7-2018-q2-update.win32_1.4.0.202007081208/tools/bin/../lib/gcc/arm-none-eabi/7.3.1/../../../../arm-none-eabi/lib/thumb/v7-m\libm.a
END GROUP
START GROUP
LOAD c:/st/stm32cubeide_1.4.0/stm32cubeide/plugins/com.st.stm32cube.ide.mcu.externaltools.gnu-tools-for-stm32.7-2018-q2-update.win32_1.4.0.202007081208/tools/bin/../lib/gcc/arm-none-eabi/7.3.1/thumb/v7-m\libgcc.a
LOAD c:/st/stm32cubeide_1.4.0/stm32cubeide/plugins/com.st.stm32cube.ide.mcu.externaltools.gnu-tools-for-stm32.7-2018-q2-update.win32_1.4.0.202007081208/tools/bin/../lib/gcc/arm-none-eabi/7.3.1/../../../../arm-none-eabi/lib/thumb/v7-m\libg_nano.a
LOAD c:/st/stm32cubeide_1.4.0/stm32cubeide/plugins/com.st.stm32cube.ide.mcu.externaltools.gnu-tools-for-stm32.7-2018-q2-update.win32_1.4.0.202007081208/tools/bin/../lib/gcc/arm-none-eabi/7.3.1/../../../../arm-none-eabi/lib/thumb/v7-m\libc_nano.a
END GROUP
START GROUP
LOAD c:/st/stm32cubeide_1.4.0/stm32cubeide/plugins/com.st.stm32cube.ide.mcu.externaltools.gnu-tools-for-stm32.7-2018-q2-update.win32_1.4.0.202007081208/tools/bin/../lib/gcc/arm-none-eabi/7.3.1/thumb/v7-m\libgcc.a
LOAD c:/st/stm32cubeide_1.4.0/stm32cubeide/plugins/com.st.stm32cube.ide.mcu.externaltools.gnu-tools-for-stm32.7-2018-q2-update.win32_1.4.0.202007081208/tools/bin/../lib/gcc/arm-none-eabi/7.3.1/../../../../arm-none-eabi/lib/thumb/v7-m\libc_nano.a
LOAD c:/st/stm32cubeide_1.4.0/stm32cubeide/plugins/com.st.stm32cube.ide.mcu.externaltools.gnu-tools-for-stm32.7-2018-q2-update.win32_1.4.0.202007081208/tools/bin/../lib/gcc/arm-none-eabi/7.3.1/../../../../arm-none-eabi/lib/thumb/v7-m\libnosys.a
END GROUP
START GROUP
LOAD c:/st/stm32cubeide_1.4.0/stm32cubeide/plugins/com.st.stm32cube.ide.mcu.externaltools.gnu-tools-for-stm32.7-2018-q2-update.win32_1.4.0.202007081208/tools/bin/../lib/gcc/arm-none-eabi/7.3.1/thumb/v7-m\libgcc.a
LOAD c:/st/stm32cubeide_1.4.0/stm32cubeide/plugins/com.st.stm32cube.ide.mcu.externaltools.gnu-tools-for-stm32.7-2018-q2-update.win32_1.4.0.202007081208/tools/bin/../lib/gcc/arm-none-eabi/7.3.1/../../../../arm-none-eabi/lib/thumb/v7-m\libc_nano.a
LOAD c:/st/stm32cubeide_1.4.0/stm32cubeide/plugins/com.st.stm32cube.ide.mcu.externaltools.gnu-tools-for-stm32.7-2018-q2-update.win32_1.4.0.202007081208/tools/bin/../lib/gcc/arm-none-eabi/7.3.1/../../../../arm-none-eabi/lib/thumb/v7-m\libnosys.a
END GROUP
LOAD c:/st/stm32cubeide_1.4.0/stm32cubeide/plugins/com.st.stm32cube.ide.mcu.externaltools.gnu-tools-for-stm32.7-2018-q2-update.win32_1.4.0.202007081208/tools/bin/../lib/gcc/arm-none-eabi/7.3.1/thumb/v7-m/crtend.o
LOAD c:/st/stm32cubeide_1.4.0/stm32cubeide/plugins/com.st.stm32cube.ide.mcu.externaltools.gnu-tools-for-stm32.7-2018-q2-update.win32_1.4.0.202007081208/tools/bin/../lib/gcc/arm-none-eabi/7.3.1/thumb/v7-m/crtn.o
                0x0000000020002800                _estack = (ORIGIN (RAM) + LENGTH (RAM))
                0x0000000000000200                _Min_Heap_Size = 0x200
                0x0000000000000400                _Min_Stack_Size = 0x400

.isr_vector     0x0000000008000000      0x130
                0x0000000008000000                . = ALIGN (0x4)
 *(.isr_vector)
 .isr_vector    0x0000000008000000      0x130 Startup/startup_stm32f103c6tx.o
                0x0000000008000000                g_pfnVectors
                0x0000000008000130                . = ALIGN (0x4)

.text           0x0000000008000130     0x108c
                0x0000000008000130                . = ALIGN (0x4)
 *(.text)
 .text          0x0000000008000130       0x40 c:/st/stm32cubeide_1.4.0/stm32cubeide/plugins/com.st.stm32cube.ide.mcu.externaltools.gnu-tools-for-stm32.7-2018-q2-update.win32_1.4.0.202007081208/tools/bin/../lib/gcc/arm-none-eabi/7.3.1/thumb/v7-m/crtbegin.o
 *(.text*)
 .text.eeprom_init
                0x0000000008000170       0x40 HAL/I2C_Slave_EEPROM/I2C_Slave_EEPROM.o
                0x0000000008000170                eeprom_init
 .text.eeprom_write_Nbytes
                0x00000000080001b0       0xa4 HAL/I2C_Slave_EEPROM/I2C_Slave_EEPROM.o
                0x00000000080001b0                eeprom_write_Nbytes
 .text.eeprom_read_byte
                0x0000000008000254       0x58 HAL/I2C_Slave_EEPROM/I2C_Slave_EEPROM.o
                0x0000000008000254                eeprom_read_byte
 .text.EXTI0_IRQHandler
                0x00000000080002ac       0x24 STM32_F103C6_Drivers/EXTI_DRIVER/STM32_F103C6_EXTI_Driver.o
                0x00000000080002ac                EXTI0_IRQHandler
 .text.EXTI1_IRQHandler
                0x00000000080002d0       0x24 STM32_F103C6_Drivers/EXTI_DRIVER/STM32_F103C6_EXTI_Driver.o
                0x00000000080002d0                EXTI1_IRQHandler
 .text.EXTI2_IRQHandler
                0x00000000080002f4       0x24 STM32_F103C6_Drivers/EXTI_DRIVER/STM32_F103C6_EXTI_Driver.o
                0x00000000080002f4                EXTI2_IRQHandler
 .text.EXTI3_IRQHandler
                0x0000000008000318       0x24 STM32_F103C6_Drivers/EXTI_DRIVER/STM32_F103C6_EXTI_Driver.o
                0x0000000008000318                EXTI3_IRQHandler
 .text.EXTI4_IRQHandler
                0x000000000800033c       0x24 STM32_F103C6_Drivers/EXTI_DRIVER/STM32_F103C6_EXTI_Driver.o
                0x000000000800033c                EXTI4_IRQHandler
 .text.EXTI9_5_IRQHandler
                0x0000000008000360       0xa8 STM32_F103C6_Drivers/EXTI_DRIVER/STM32_F103C6_EXTI_Driver.o
                0x0000000008000360                EXTI9_5_IRQHandler
 .text.EXTI15_10_IRQHandler
                0x0000000008000408       0xc4 STM32_F103C6_Drivers/EXTI_DRIVER/STM32_F103C6_EXTI_Driver.o
                0x0000000008000408                EXTI15_10_IRQHandler
 .text.Get_CRLH_Position
                0x00000000080004cc       0xc6 STM32_F103C6_Drivers/GPIO/STM32_F103C6_GPIO_Driver.o
                0x00000000080004cc                Get_CRLH_Position
 .text.MCAL_GPIO_Init
                0x0000000008000592      0x11a STM32_F103C6_Drivers/GPIO/STM32_F103C6_GPIO_Driver.o
                0x0000000008000592                MCAL_GPIO_Init
 .text.MCAL_I2C_Init
                0x00000000080006ac      0x220 STM32_F103C6_Drivers/I2C_DRIVER/STM32_F103C6_I2C_Driver.o
                0x00000000080006ac                MCAL_I2C_Init
 .text.MCAL_I2C_GPIO_Set_Pins
                0x00000000080008cc       0x94 STM32_F103C6_Drivers/I2C_DRIVER/STM32_F103C6_I2C_Driver.o
                0x00000000080008cc                MCAL_I2C_GPIO_Set_Pins
 .text.MCAL_I2C_Master_RX
                0x0000000008000960       0xe8 STM32_F103C6_Drivers/I2C_DRIVER/STM32_F103C6_I2C_Driver.o
                0x0000000008000960                MCAL_I2C_Master_RX
 .text.MCAL_I2C_Master_TX
                0x0000000008000a48       0xac STM32_F103C6_Drivers/I2C_DRIVER/STM32_F103C6_I2C_Driver.o
                0x0000000008000a48                MCAL_I2C_Master_TX
 .text.I2C_GenerateSTART
                0x0000000008000af4       0x4e STM32_F103C6_Drivers/I2C_DRIVER/STM32_F103C6_I2C_Driver.o
                0x0000000008000af4                I2C_GenerateSTART
 .text.I2C_SendAddress
                0x0000000008000b42       0x3e STM32_F103C6_Drivers/I2C_DRIVER/STM32_F103C6_I2C_Driver.o
                0x0000000008000b42                I2C_SendAddress
 .text.I2C_GenerateSTOP
                0x0000000008000b80       0x36 STM32_F103C6_Drivers/I2C_DRIVER/STM32_F103C6_I2C_Driver.o
                0x0000000008000b80                I2C_GenerateSTOP
 *fill*         0x0000000008000bb6        0x2 
 .text.I2C_GetFlagStatus
                0x0000000008000bb8       0xf8 STM32_F103C6_Drivers/I2C_DRIVER/STM32_F103C6_I2C_Driver.o
                0x0000000008000bb8                I2C_GetFlagStatus
 .text.I2C1_ER_IRQHandler
                0x0000000008000cb0        0xc STM32_F103C6_Drivers/I2C_DRIVER/STM32_F103C6_I2C_Driver.o
                0x0000000008000cb0                I2C1_ER_IRQHandler
 .text.I2C1_EV_IRQHandler
                0x0000000008000cbc       0xec STM32_F103C6_Drivers/I2C_DRIVER/STM32_F103C6_I2C_Driver.o
                0x0000000008000cbc                I2C1_EV_IRQHandler
 .text.Slave_States
                0x0000000008000da8       0xe0 STM32_F103C6_Drivers/I2C_DRIVER/STM32_F103C6_I2C_Driver.o
                0x0000000008000da8                Slave_States
 .text.I2C2_ER_IRQHandler
                0x0000000008000e88        0xc STM32_F103C6_Drivers/I2C_DRIVER/STM32_F103C6_I2C_Driver.o
                0x0000000008000e88                I2C2_ER_IRQHandler
 .text.I2C2_EV_IRQHandler
                0x0000000008000e94        0xc STM32_F103C6_Drivers/I2C_DRIVER/STM32_F103C6_I2C_Driver.o
                0x0000000008000e94                I2C2_EV_IRQHandler
 .text.I2C_AcknowledgeConfig
                0x0000000008000ea0       0x36 STM32_F103C6_Drivers/I2C_DRIVER/STM32_F103C6_I2C_Driver.o
                0x0000000008000ea0                I2C_AcknowledgeConfig
 *fill*         0x0000000008000ed6        0x2 
 .text.MCAL_RCC_GetSYS_CLCKFreq
                0x0000000008000ed8       0x3c STM32_F103C6_Drivers/RCC_DRIVER/STM32_F103C6_RCC_Driver.o
                0x0000000008000ed8                MCAL_RCC_GetSYS_CLCKFreq
 .text.MCAL_RCC_GetHCLKFreq
                0x0000000008000f14       0x28 STM32_F103C6_Drivers/RCC_DRIVER/STM32_F103C6_RCC_Driver.o
                0x0000000008000f14                MCAL_RCC_GetHCLKFreq
 .text.MCAL_RCC_GetPCLK1Freq
                0x0000000008000f3c       0x28 STM32_F103C6_Drivers/RCC_DRIVER/STM32_F103C6_RCC_Driver.o
                0x0000000008000f3c                MCAL_RCC_GetPCLK1Freq
 .text.SPI1_IRQHandler
                0x0000000008000f64       0x5c STM32_F103C6_Drivers/SPI_DRIVER/STM32_F103C6_SPI_Driver.o
                0x0000000008000f64                SPI1_IRQHandler
 .text.SPI2_IRQHandler
                0x0000000008000fc0       0x5c STM32_F103C6_Drivers/SPI_DRIVER/STM32_F103C6_SPI_Driver.o
                0x0000000008000fc0                SPI2_IRQHandler
 .text.USART1_IRQHandler
                0x000000000800101c       0x14 STM32_F103C6_Drivers/USART_DRIVER/STM32_F103C6_USART_Driver.o
                0x000000000800101c                USART1_IRQHandler
 .text.USART2_IRQHandler
                0x0000000008001030       0x14 STM32_F103C6_Drivers/USART_DRIVER/STM32_F103C6_USART_Driver.o
                0x0000000008001030                USART2_IRQHandler
 .text.USART3_IRQHandler
                0x0000000008001044       0x14 STM32_F103C6_Drivers/USART_DRIVER/STM32_F103C6_USART_Driver.o
                0x0000000008001044                USART3_IRQHandler
 .text.clock_init
                0x0000000008001058       0x34 Src/main.o
                0x0000000008001058                clock_init
 .text.main     0x000000000800108c       0x7c Src/main.o
                0x000000000800108c                main
 .text.Reset_Handler
                0x0000000008001108       0x50 Startup/startup_stm32f103c6tx.o
                0x0000000008001108                Reset_Handler
 .text.Default_Handler
                0x0000000008001158        0x2 Startup/startup_stm32f103c6tx.o
                0x0000000008001158                TIM8_TRG_COM_IRQHandler
                0x0000000008001158                TIM8_CC_IRQHandler
                0x0000000008001158                DebugMon_Handler
                0x0000000008001158                TIM1_CC_IRQHandler
                0x0000000008001158                HardFault_Handler
                0x0000000008001158                TIM6_IRQHandler
                0x0000000008001158                SysTick_Handler
                0x0000000008001158                PVD_IRQHandler
                0x0000000008001158                SDIO_IRQHandler
                0x0000000008001158                PendSV_Handler
                0x0000000008001158                NMI_Handler
                0x0000000008001158                USB_HP_CAN_TX_IRQHandler
                0x0000000008001158                UsageFault_Handler
                0x0000000008001158                ADC1_2_IRQHandler
                0x0000000008001158                CAN_SCE_IRQHandler
                0x0000000008001158                TAMPER_IRQHandler
                0x0000000008001158                TIM8_UP_IRQHandler
                0x0000000008001158                DMA2_Channel2_IRQHandler
                0x0000000008001158                DMA1_Channel4_IRQHandler
                0x0000000008001158                RTC_IRQHandler
                0x0000000008001158                DMA1_Channel7_IRQHandler
                0x0000000008001158                UART5_IRQHandler
                0x0000000008001158                ADC3_IRQHandler
                0x0000000008001158                TIM4_IRQHandler
                0x0000000008001158                CAN_RX1_IRQHandler
                0x0000000008001158                DMA2_Channel1_IRQHandler
                0x0000000008001158                DMA1_Channel6_IRQHandler
                0x0000000008001158                UART4_IRQHandler
                0x0000000008001158                TIM3_IRQHandler
                0x0000000008001158                RCC_IRQHandler
                0x0000000008001158                TIM1_TRG_COM_IRQHandler
                0x0000000008001158                DMA1_Channel1_IRQHandler
                0x0000000008001158                Default_Handler
                0x0000000008001158                TIM7_IRQHandler
                0x0000000008001158                TIM5_IRQHandler
                0x0000000008001158                USB_LP_CAN_RX0_IRQHandler
                0x0000000008001158                MemManage_Handler
                0x0000000008001158                SVC_Handler
                0x0000000008001158                DMA1_Channel5_IRQHandler
                0x0000000008001158                DMA1_Channel3_IRQHandler
                0x0000000008001158                FSMC_IRQHandler
                0x0000000008001158                TIM1_UP_IRQHandler
                0x0000000008001158                WWDG_IRQHandler
                0x0000000008001158                TIM2_IRQHandler
                0x0000000008001158                TIM1_BRK_IRQHandler
                0x0000000008001158                RTCAlarm_IRQHandler
                0x0000000008001158                DMA2_Channel4_5_IRQHandler
                0x0000000008001158                DMA1_Channel2_IRQHandler
                0x0000000008001158                TIM8_BRK_IRQHandler
                0x0000000008001158                FLASH_IRQHandler
                0x0000000008001158                BusFault_Handler
                0x0000000008001158                SPI3_IRQHandler
                0x0000000008001158                DMA2_Channel3_IRQHandler
 *fill*         0x000000000800115a        0x2 
 .text.__libc_init_array
                0x000000000800115c       0x48 c:/st/stm32cubeide_1.4.0/stm32cubeide/plugins/com.st.stm32cube.ide.mcu.externaltools.gnu-tools-for-stm32.7-2018-q2-update.win32_1.4.0.202007081208/tools/bin/../lib/gcc/arm-none-eabi/7.3.1/../../../../arm-none-eabi/lib/thumb/v7-m\libc_nano.a(lib_a-init.o)
                0x000000000800115c                __libc_init_array
 *(.glue_7)
 .glue_7        0x00000000080011a4        0x0 linker stubs
 *(.glue_7t)
 .glue_7t       0x00000000080011a4        0x0 linker stubs
 *(.eh_frame)
 .eh_frame      0x00000000080011a4        0x0 c:/st/stm32cubeide_1.4.0/stm32cubeide/plugins/com.st.stm32cube.ide.mcu.externaltools.gnu-tools-for-stm32.7-2018-q2-update.win32_1.4.0.202007081208/tools/bin/../lib/gcc/arm-none-eabi/7.3.1/thumb/v7-m/crtbegin.o
 *(.init)
 .init          0x00000000080011a4        0x4 c:/st/stm32cubeide_1.4.0/stm32cubeide/plugins/com.st.stm32cube.ide.mcu.externaltools.gnu-tools-for-stm32.7-2018-q2-update.win32_1.4.0.202007081208/tools/bin/../lib/gcc/arm-none-eabi/7.3.1/thumb/v7-m/crti.o
                0x00000000080011a4                _init
 .init          0x00000000080011a8        0x8 c:/st/stm32cubeide_1.4.0/stm32cubeide/plugins/com.st.stm32cube.ide.mcu.externaltools.gnu-tools-for-stm32.7-2018-q2-update.win32_1.4.0.202007081208/tools/bin/../lib/gcc/arm-none-eabi/7.3.1/thumb/v7-m/crtn.o
 *(.fini)
 .fini          0x00000000080011b0        0x4 c:/st/stm32cubeide_1.4.0/stm32cubeide/plugins/com.st.stm32cube.ide.mcu.externaltools.gnu-tools-for-stm32.7-2018-q2-update.win32_1.4.0.202007081208/tools/bin/../lib/gcc/arm-none-eabi/7.3.1/thumb/v7-m/crti.o
                0x00000000080011b0                _fini
 .fini          0x00000000080011b4        0x8 c:/st/stm32cubeide_1.4.0/stm32cubeide/plugins/com.st.stm32cube.ide.mcu.externaltools.gnu-tools-for-stm32.7-2018-q2-update.win32_1.4.0.202007081208/tools/bin/../lib/gcc/arm-none-eabi/7.3.1/thumb/v7-m/crtn.o
                0x00000000080011bc                . = ALIGN (0x4)
                0x00000000080011bc                _etext = .

.vfp11_veneer   0x00000000080011bc        0x0
 .vfp11_veneer  0x00000000080011bc        0x0 linker stubs

.v4_bx          0x00000000080011bc        0x0
 .v4_bx         0x00000000080011bc        0x0 linker stubs

.iplt           0x00000000080011bc        0x0
 .iplt          0x00000000080011bc        0x0 c:/st/stm32cubeide_1.4.0/stm32cubeide/plugins/com.st.stm32cube.ide.mcu.externaltools.gnu-tools-for-stm32.7-2018-q2-update.win32_1.4.0.202007081208/tools/bin/../lib/gcc/arm-none-eabi/7.3.1/thumb/v7-m/crtbegin.o

.rodata         0x00000000080011bc       0x20
                0x00000000080011bc                . = ALIGN (0x4)
 *(.rodata)
 .rodata        0x00000000080011bc        0x7 Src/main.o
 *(.rodata*)
 *fill*         0x00000000080011c3        0x1 
 .rodata.APBPrescTable
                0x00000000080011c4        0x8 STM32_F103C6_Drivers/RCC_DRIVER/STM32_F103C6_RCC_Driver.o
                0x00000000080011c4                APBPrescTable
 .rodata.AHBPrescTable
                0x00000000080011cc       0x10 STM32_F103C6_Drivers/RCC_DRIVER/STM32_F103C6_RCC_Driver.o
                0x00000000080011cc                AHBPrescTable
                0x00000000080011dc                . = ALIGN (0x4)

.rel.dyn        0x00000000080011dc        0x0
 .rel.iplt      0x00000000080011dc        0x0 c:/st/stm32cubeide_1.4.0/stm32cubeide/plugins/com.st.stm32cube.ide.mcu.externaltools.gnu-tools-for-stm32.7-2018-q2-update.win32_1.4.0.202007081208/tools/bin/../lib/gcc/arm-none-eabi/7.3.1/thumb/v7-m/crtbegin.o

.ARM.extab      0x00000000080011dc        0x0
                0x00000000080011dc                . = ALIGN (0x4)
 *(.ARM.extab* .gnu.linkonce.armextab.*)
                0x00000000080011dc                . = ALIGN (0x4)

.ARM            0x00000000080011dc        0x0
                0x00000000080011dc                . = ALIGN (0x4)
                0x00000000080011dc                __exidx_start = .
 *(.ARM.exidx*)
                0x00000000080011dc                __exidx_end = .
                0x00000000080011dc                . = ALIGN (0x4)

.preinit_array  0x00000000080011dc        0x0
                0x00000000080011dc                . = ALIGN (0x4)
                0x00000000080011dc                PROVIDE (__preinit_array_start = .)
 *(.preinit_array*)
                0x00000000080011dc                PROVIDE (__preinit_array_end = .)
                0x00000000080011dc                . = ALIGN (0x4)

.init_array     0x00000000080011dc        0x4
                0x00000000080011dc                . = ALIGN (0x4)
                0x00000000080011dc                PROVIDE (__init_array_start = .)
 *(SORT_BY_NAME(.init_array.*))
 *(.init_array*)
 .init_array    0x00000000080011dc        0x4 c:/st/stm32cubeide_1.4.0/stm32cubeide/plugins/com.st.stm32cube.ide.mcu.externaltools.gnu-tools-for-stm32.7-2018-q2-update.win32_1.4.0.202007081208/tools/bin/../lib/gcc/arm-none-eabi/7.3.1/thumb/v7-m/crtbegin.o
                0x00000000080011e0                PROVIDE (__init_array_end = .)
                0x00000000080011e0                . = ALIGN (0x4)

.fini_array     0x00000000080011e0        0x4
                0x00000000080011e0                . = ALIGN (0x4)
                [!provide]                        PROVIDE (__fini_array_start = .)
 *(SORT_BY_NAME(.fini_array.*))
 *(.fini_array*)
 .fini_array    0x00000000080011e0        0x4 c:/st/stm32cubeide_1.4.0/stm32cubeide/plugins/com.st.stm32cube.ide.mcu.externaltools.gnu-tools-for-stm32.7-2018-q2-update.win32_1.4.0.202007081208/tools/bin/../lib/gcc/arm-none-eabi/7.3.1/thumb/v7-m/crtbegin.o
                [!provide]                        PROVIDE (__fini_array_end = .)
                0x00000000080011e4                . = ALIGN (0x4)
                0x00000000080011e4                _sidata = LOADADDR (.data)

.data           0x0000000020000000        0x0 load address 0x00000000080011e4
                0x0000000020000000                . = ALIGN (0x4)
                0x0000000020000000                _sdata = .
 *(.data)
 *(.data*)
 *(.RamFunc)
 *(.RamFunc*)
                0x0000000020000000                . = ALIGN (0x4)
                0x0000000020000000                _edata = .

.igot.plt       0x0000000020000000        0x0 load address 0x00000000080011e4
 .igot.plt      0x0000000020000000        0x0 c:/st/stm32cubeide_1.4.0/stm32cubeide/plugins/com.st.stm32cube.ide.mcu.externaltools.gnu-tools-for-stm32.7-2018-q2-update.win32_1.4.0.202007081208/tools/bin/../lib/gcc/arm-none-eabi/7.3.1/thumb/v7-m/crtbegin.o
                0x0000000020000000                . = ALIGN (0x4)

.bss            0x0000000020000000       0xb4 load address 0x00000000080011e4
                0x0000000020000000                _sbss = .
                0x0000000020000000                __bss_start__ = _sbss
 *(.bss)
 .bss           0x0000000020000000       0x1c c:/st/stm32cubeide_1.4.0/stm32cubeide/plugins/com.st.stm32cube.ide.mcu.externaltools.gnu-tools-for-stm32.7-2018-q2-update.win32_1.4.0.202007081208/tools/bin/../lib/gcc/arm-none-eabi/7.3.1/thumb/v7-m/crtbegin.o
 *(.bss*)
 .bss.Global_I2C_Config
                0x000000002000001c       0x48 STM32_F103C6_Drivers/I2C_DRIVER/STM32_F103C6_I2C_Driver.o
                0x000000002000001c                Global_I2C_Config
 .bss.Global_SPI_Config
                0x0000000020000064        0x8 STM32_F103C6_Drivers/SPI_DRIVER/STM32_F103C6_SPI_Driver.o
                0x0000000020000064                Global_SPI_Config
 .bss.Global_UART_Config
                0x000000002000006c        0xc STM32_F103C6_Drivers/USART_DRIVER/STM32_F103C6_USART_Driver.o
                0x000000002000006c                Global_UART_Config
 *(COMMON)
 COMMON         0x0000000020000078       0x3c STM32_F103C6_Drivers/EXTI_DRIVER/STM32_F103C6_EXTI_Driver.o
                0x0000000020000078                GP_IRQ_CallBack
                0x00000000200000b4                . = ALIGN (0x4)
                0x00000000200000b4                _ebss = .
                0x00000000200000b4                __bss_end__ = _ebss

._user_heap_stack
                0x00000000200000b4      0x604 load address 0x00000000080011e4
                0x00000000200000b8                . = ALIGN (0x8)
 *fill*         0x00000000200000b4        0x4 
                [!provide]                        PROVIDE (end = .)
                0x00000000200000b8                PROVIDE (_end = .)
                0x00000000200002b8                . = (. + _Min_Heap_Size)
 *fill*         0x00000000200000b8      0x200 
                0x00000000200006b8                . = (. + _Min_Stack_Size)
 *fill*         0x00000000200002b8      0x400 
                0x00000000200006b8                . = ALIGN (0x8)

/DISCARD/
 libc.a(*)
 libm.a(*)
 libgcc.a(*)

.ARM.attributes
                0x0000000000000000       0x29
 *(.ARM.attributes)
 .ARM.attributes
                0x0000000000000000       0x1d c:/st/stm32cubeide_1.4.0/stm32cubeide/plugins/com.st.stm32cube.ide.mcu.externaltools.gnu-tools-for-stm32.7-2018-q2-update.win32_1.4.0.202007081208/tools/bin/../lib/gcc/arm-none-eabi/7.3.1/thumb/v7-m/crti.o
 .ARM.attributes
                0x000000000000001d       0x2d c:/st/stm32cubeide_1.4.0/stm32cubeide/plugins/com.st.stm32cube.ide.mcu.externaltools.gnu-tools-for-stm32.7-2018-q2-update.win32_1.4.0.202007081208/tools/bin/../lib/gcc/arm-none-eabi/7.3.1/thumb/v7-m/crtbegin.o
 .ARM.attributes
                0x000000000000004a       0x33 HAL/I2C_Slave_EEPROM/I2C_Slave_EEPROM.o
 .ARM.attributes
                0x000000000000007d       0x33 STM32_F103C6_Drivers/EXTI_DRIVER/STM32_F103C6_EXTI_Driver.o
 .ARM.attributes
                0x00000000000000b0       0x33 STM32_F103C6_Drivers/GPIO/STM32_F103C6_GPIO_Driver.o
 .ARM.attributes
                0x00000000000000e3       0x33 STM32_F103C6_Drivers/I2C_DRIVER/STM32_F103C6_I2C_Driver.o
 .ARM.attributes
                0x0000000000000116       0x33 STM32_F103C6_Drivers/RCC_DRIVER/STM32_F103C6_RCC_Driver.o
 .ARM.attributes
                0x0000000000000149       0x33 STM32_F103C6_Drivers/SPI_DRIVER/STM32_F103C6_SPI_Driver.o
 .ARM.attributes
                0x000000000000017c       0x33 STM32_F103C6_Drivers/USART_DRIVER/STM32_F103C6_USART_Driver.o
 .ARM.attributes
                0x00000000000001af       0x33 Src/main.o
 .ARM.attributes
                0x00000000000001e2       0x21 Startup/startup_stm32f103c6tx.o
 .ARM.attributes
                0x0000000000000203       0x2d c:/st/stm32cubeide_1.4.0/stm32cubeide/plugins/com.st.stm32cube.ide.mcu.externaltools.gnu-tools-for-stm32.7-2018-q2-update.win32_1.4.0.202007081208/tools/bin/../lib/gcc/arm-none-eabi/7.3.1/../../../../arm-none-eabi/lib/thumb/v7-m\libc_nano.a(lib_a-init.o)
 .ARM.attributes
                0x0000000000000230       0x1d c:/st/stm32cubeide_1.4.0/stm32cubeide/plugins/com.st.stm32cube.ide.mcu.externaltools.gnu-tools-for-stm32.7-2018-q2-update.win32_1.4.0.202007081208/tools/bin/../lib/gcc/arm-none-eabi/7.3.1/thumb/v7-m/crtn.o
OUTPUT(unit8_lesson7_lab1.elf elf32-littlearm)

.debug_info     0x0000000000000000     0x6e09
 .debug_info    0x0000000000000000      0xc97 HAL/I2C_Slave_EEPROM/I2C_Slave_EEPROM.o
 .debug_info    0x0000000000000c97      0xdc2 STM32_F103C6_Drivers/EXTI_DRIVER/STM32_F103C6_EXTI_Driver.o
 .debug_info    0x0000000000001a59      0xd61 STM32_F103C6_Drivers/GPIO/STM32_F103C6_GPIO_Driver.o
 .debug_info    0x00000000000027ba     0x131d STM32_F103C6_Drivers/I2C_DRIVER/STM32_F103C6_I2C_Driver.o
 .debug_info    0x0000000000003ad7      0xb0a STM32_F103C6_Drivers/RCC_DRIVER/STM32_F103C6_RCC_Driver.o
 .debug_info    0x00000000000045e1      0xf14 STM32_F103C6_Drivers/SPI_DRIVER/STM32_F103C6_SPI_Driver.o
 .debug_info    0x00000000000054f5      0xe2a STM32_F103C6_Drivers/USART_DRIVER/STM32_F103C6_USART_Driver.o
 .debug_info    0x000000000000631f      0xac8 Src/main.o
 .debug_info    0x0000000000006de7       0x22 Startup/startup_stm32f103c6tx.o

.debug_abbrev   0x0000000000000000     0x10bf
 .debug_abbrev  0x0000000000000000      0x1d1 HAL/I2C_Slave_EEPROM/I2C_Slave_EEPROM.o
 .debug_abbrev  0x00000000000001d1      0x239 STM32_F103C6_Drivers/EXTI_DRIVER/STM32_F103C6_EXTI_Driver.o
 .debug_abbrev  0x000000000000040a      0x241 STM32_F103C6_Drivers/GPIO/STM32_F103C6_GPIO_Driver.o
 .debug_abbrev  0x000000000000064b      0x2b3 STM32_F103C6_Drivers/I2C_DRIVER/STM32_F103C6_I2C_Driver.o
 .debug_abbrev  0x00000000000008fe      0x19b STM32_F103C6_Drivers/RCC_DRIVER/STM32_F103C6_RCC_Driver.o
 .debug_abbrev  0x0000000000000a99      0x240 STM32_F103C6_Drivers/SPI_DRIVER/STM32_F103C6_SPI_Driver.o
 .debug_abbrev  0x0000000000000cd9      0x23f STM32_F103C6_Drivers/USART_DRIVER/STM32_F103C6_USART_Driver.o
 .debug_abbrev  0x0000000000000f18      0x195 Src/main.o
 .debug_abbrev  0x00000000000010ad       0x12 Startup/startup_stm32f103c6tx.o

.debug_loc      0x0000000000000000     0x1356
 .debug_loc     0x0000000000000000       0xf2 HAL/I2C_Slave_EEPROM/I2C_Slave_EEPROM.o
 .debug_loc     0x00000000000000f2      0x320 STM32_F103C6_Drivers/EXTI_DRIVER/STM32_F103C6_EXTI_Driver.o
 .debug_loc     0x0000000000000412      0x330 STM32_F103C6_Drivers/GPIO/STM32_F103C6_GPIO_Driver.o
 .debug_loc     0x0000000000000742      0x580 STM32_F103C6_Drivers/I2C_DRIVER/STM32_F103C6_I2C_Driver.o
 .debug_loc     0x0000000000000cc2       0xc8 STM32_F103C6_Drivers/RCC_DRIVER/STM32_F103C6_RCC_Driver.o
 .debug_loc     0x0000000000000d8a      0x2bc STM32_F103C6_Drivers/SPI_DRIVER/STM32_F103C6_SPI_Driver.o
 .debug_loc     0x0000000000001046      0x294 STM32_F103C6_Drivers/USART_DRIVER/STM32_F103C6_USART_Driver.o
 .debug_loc     0x00000000000012da       0x7c Src/main.o

.debug_aranges  0x0000000000000000      0x2f0
 .debug_aranges
                0x0000000000000000       0x30 HAL/I2C_Slave_EEPROM/I2C_Slave_EEPROM.o
 .debug_aranges
                0x0000000000000030       0x80 STM32_F103C6_Drivers/EXTI_DRIVER/STM32_F103C6_EXTI_Driver.o
 .debug_aranges
                0x00000000000000b0       0x60 STM32_F103C6_Drivers/GPIO/STM32_F103C6_GPIO_Driver.o
 .debug_aranges
                0x0000000000000110       0xa0 STM32_F103C6_Drivers/I2C_DRIVER/STM32_F103C6_I2C_Driver.o
 .debug_aranges
                0x00000000000001b0       0x38 STM32_F103C6_Drivers/RCC_DRIVER/STM32_F103C6_RCC_Driver.o
 .debug_aranges
                0x00000000000001e8       0x58 STM32_F103C6_Drivers/SPI_DRIVER/STM32_F103C6_SPI_Driver.o
 .debug_aranges
                0x0000000000000240       0x60 STM32_F103C6_Drivers/USART_DRIVER/STM32_F103C6_USART_Driver.o
 .debug_aranges
                0x00000000000002a0       0x28 Src/main.o
 .debug_aranges
                0x00000000000002c8       0x28 Startup/startup_stm32f103c6tx.o

.debug_ranges   0x0000000000000000      0x268
 .debug_ranges  0x0000000000000000       0x20 HAL/I2C_Slave_EEPROM/I2C_Slave_EEPROM.o
 .debug_ranges  0x0000000000000020       0x70 STM32_F103C6_Drivers/EXTI_DRIVER/STM32_F103C6_EXTI_Driver.o
 .debug_ranges  0x0000000000000090       0x50 STM32_F103C6_Drivers/GPIO/STM32_F103C6_GPIO_Driver.o
 .debug_ranges  0x00000000000000e0       0x90 STM32_F103C6_Drivers/I2C_DRIVER/STM32_F103C6_I2C_Driver.o
 .debug_ranges  0x0000000000000170       0x28 STM32_F103C6_Drivers/RCC_DRIVER/STM32_F103C6_RCC_Driver.o
 .debug_ranges  0x0000000000000198       0x48 STM32_F103C6_Drivers/SPI_DRIVER/STM32_F103C6_SPI_Driver.o
 .debug_ranges  0x00000000000001e0       0x50 STM32_F103C6_Drivers/USART_DRIVER/STM32_F103C6_USART_Driver.o
 .debug_ranges  0x0000000000000230       0x18 Src/main.o
 .debug_ranges  0x0000000000000248       0x20 Startup/startup_stm32f103c6tx.o

.debug_macro    0x0000000000000000     0x2f96
 .debug_macro   0x0000000000000000      0x167 HAL/I2C_Slave_EEPROM/I2C_Slave_EEPROM.o
 .debug_macro   0x0000000000000167      0xa60 HAL/I2C_Slave_EEPROM/I2C_Slave_EEPROM.o
 .debug_macro   0x0000000000000bc7       0x22 HAL/I2C_Slave_EEPROM/I2C_Slave_EEPROM.o
 .debug_macro   0x0000000000000be9       0x8e HAL/I2C_Slave_EEPROM/I2C_Slave_EEPROM.o
 .debug_macro   0x0000000000000c77       0x51 HAL/I2C_Slave_EEPROM/I2C_Slave_EEPROM.o
 .debug_macro   0x0000000000000cc8       0xef HAL/I2C_Slave_EEPROM/I2C_Slave_EEPROM.o
 .debug_macro   0x0000000000000db7       0x6a HAL/I2C_Slave_EEPROM/I2C_Slave_EEPROM.o
 .debug_macro   0x0000000000000e21      0x1df HAL/I2C_Slave_EEPROM/I2C_Slave_EEPROM.o
 .debug_macro   0x0000000000001000       0x18 HAL/I2C_Slave_EEPROM/I2C_Slave_EEPROM.o
 .debug_macro   0x0000000000001018       0x46 HAL/I2C_Slave_EEPROM/I2C_Slave_EEPROM.o
 .debug_macro   0x000000000000105e       0x3c HAL/I2C_Slave_EEPROM/I2C_Slave_EEPROM.o
 .debug_macro   0x000000000000109a       0x34 HAL/I2C_Slave_EEPROM/I2C_Slave_EEPROM.o
 .debug_macro   0x00000000000010ce       0x16 HAL/I2C_Slave_EEPROM/I2C_Slave_EEPROM.o
 .debug_macro   0x00000000000010e4      0x10e HAL/I2C_Slave_EEPROM/I2C_Slave_EEPROM.o
 .debug_macro   0x00000000000011f2       0x8d HAL/I2C_Slave_EEPROM/I2C_Slave_EEPROM.o
 .debug_macro   0x000000000000127f       0x52 HAL/I2C_Slave_EEPROM/I2C_Slave_EEPROM.o
 .debug_macro   0x00000000000012d1       0x1f HAL/I2C_Slave_EEPROM/I2C_Slave_EEPROM.o
 .debug_macro   0x00000000000012f0       0x43 HAL/I2C_Slave_EEPROM/I2C_Slave_EEPROM.o
 .debug_macro   0x0000000000001333       0x20 HAL/I2C_Slave_EEPROM/I2C_Slave_EEPROM.o
 .debug_macro   0x0000000000001353      0x1a3 HAL/I2C_Slave_EEPROM/I2C_Slave_EEPROM.o
 .debug_macro   0x00000000000014f6      0x330 HAL/I2C_Slave_EEPROM/I2C_Slave_EEPROM.o
 .debug_macro   0x0000000000001826       0x16 HAL/I2C_Slave_EEPROM/I2C_Slave_EEPROM.o
 .debug_macro   0x000000000000183c       0x29 HAL/I2C_Slave_EEPROM/I2C_Slave_EEPROM.o
 .debug_macro   0x0000000000001865      0x6b8 HAL/I2C_Slave_EEPROM/I2C_Slave_EEPROM.o
 .debug_macro   0x0000000000001f1d       0xd6 HAL/I2C_Slave_EEPROM/I2C_Slave_EEPROM.o
 .debug_macro   0x0000000000001ff3       0x16 HAL/I2C_Slave_EEPROM/I2C_Slave_EEPROM.o
 .debug_macro   0x0000000000002009       0x61 HAL/I2C_Slave_EEPROM/I2C_Slave_EEPROM.o
 .debug_macro   0x000000000000206a      0x162 STM32_F103C6_Drivers/EXTI_DRIVER/STM32_F103C6_EXTI_Driver.o
 .debug_macro   0x00000000000021cc      0x225 STM32_F103C6_Drivers/EXTI_DRIVER/STM32_F103C6_EXTI_Driver.o
 .debug_macro   0x00000000000023f1      0x149 STM32_F103C6_Drivers/GPIO/STM32_F103C6_GPIO_Driver.o
 .debug_macro   0x000000000000253a      0x163 STM32_F103C6_Drivers/I2C_DRIVER/STM32_F103C6_I2C_Driver.o
 .debug_macro   0x000000000000269d      0x15c STM32_F103C6_Drivers/RCC_DRIVER/STM32_F103C6_RCC_Driver.o
 .debug_macro   0x00000000000027f9       0x10 STM32_F103C6_Drivers/RCC_DRIVER/STM32_F103C6_RCC_Driver.o
 .debug_macro   0x0000000000002809      0x16f STM32_F103C6_Drivers/SPI_DRIVER/STM32_F103C6_SPI_Driver.o
 .debug_macro   0x0000000000002978       0xce STM32_F103C6_Drivers/SPI_DRIVER/STM32_F103C6_SPI_Driver.o
 .debug_macro   0x0000000000002a46      0x157 STM32_F103C6_Drivers/USART_DRIVER/STM32_F103C6_USART_Driver.o
 .debug_macro   0x0000000000002b9d       0xf1 STM32_F103C6_Drivers/USART_DRIVER/STM32_F103C6_USART_Driver.o
 .debug_macro   0x0000000000002c8e      0x1a5 Src/main.o
 .debug_macro   0x0000000000002e33       0x67 Src/main.o
 .debug_macro   0x0000000000002e9a       0x10 Src/main.o
 .debug_macro   0x0000000000002eaa       0xa6 Src/main.o
 .debug_macro   0x0000000000002f50       0x46 Src/main.o

.debug_line     0x0000000000000000     0x36df
 .debug_line    0x0000000000000000      0x63a HAL/I2C_Slave_EEPROM/I2C_Slave_EEPROM.o
 .debug_line    0x000000000000063a      0x749 STM32_F103C6_Drivers/EXTI_DRIVER/STM32_F103C6_EXTI_Driver.o
 .debug_line    0x0000000000000d83      0x692 STM32_F103C6_Drivers/GPIO/STM32_F103C6_GPIO_Driver.o
 .debug_line    0x0000000000001415      0x837 STM32_F103C6_Drivers/I2C_DRIVER/STM32_F103C6_I2C_Driver.o
 .debug_line    0x0000000000001c4c      0x5d1 STM32_F103C6_Drivers/RCC_DRIVER/STM32_F103C6_RCC_Driver.o
 .debug_line    0x000000000000221d      0x6f9 STM32_F103C6_Drivers/SPI_DRIVER/STM32_F103C6_SPI_Driver.o
 .debug_line    0x0000000000002916      0x6d4 STM32_F103C6_Drivers/USART_DRIVER/STM32_F103C6_USART_Driver.o
 .debug_line    0x0000000000002fea      0x671 Src/main.o
 .debug_line    0x000000000000365b       0x84 Startup/startup_stm32f103c6tx.o

.debug_str      0x0000000000000000     0xc819
 .debug_str     0x0000000000000000     0x9871 HAL/I2C_Slave_EEPROM/I2C_Slave_EEPROM.o
                                       0x9aec (size before relaxing)
 .debug_str     0x0000000000009871     0x16aa STM32_F103C6_Drivers/EXTI_DRIVER/STM32_F103C6_EXTI_Driver.o
                                       0xacb7 (size before relaxing)
 .debug_str     0x000000000000af1b      0x193 STM32_F103C6_Drivers/GPIO/STM32_F103C6_GPIO_Driver.o
                                       0x982c (size before relaxing)
 .debug_str     0x000000000000b0ae      0x2d9 STM32_F103C6_Drivers/I2C_DRIVER/STM32_F103C6_I2C_Driver.o
                                       0x9e59 (size before relaxing)
 .debug_str     0x000000000000b387       0xb3 STM32_F103C6_Drivers/RCC_DRIVER/STM32_F103C6_RCC_Driver.o
                                       0x9770 (size before relaxing)
 .debug_str     0x000000000000b43a      0x7ed STM32_F103C6_Drivers/SPI_DRIVER/STM32_F103C6_SPI_Driver.o
                                       0x9f76 (size before relaxing)
 .debug_str     0x000000000000bc27      0x7c2 STM32_F103C6_Drivers/USART_DRIVER/STM32_F103C6_USART_Driver.o
                                       0x9f74 (size before relaxing)
 .debug_str     0x000000000000c3e9      0x3ff Src/main.o
                                       0xb65f (size before relaxing)
 .debug_str     0x000000000000c7e8       0x31 Startup/startup_stm32f103c6tx.o
                                         0x6b (size before relaxing)

.comment        0x0000000000000000       0x7b
 .comment       0x0000000000000000       0x7b HAL/I2C_Slave_EEPROM/I2C_Slave_EEPROM.o
                                         0x7c (size before relaxing)
 .comment       0x000000000000007b       0x7c STM32_F103C6_Drivers/EXTI_DRIVER/STM32_F103C6_EXTI_Driver.o
 .comment       0x000000000000007b       0x7c STM32_F103C6_Drivers/GPIO/STM32_F103C6_GPIO_Driver.o
 .comment       0x000000000000007b       0x7c STM32_F103C6_Drivers/I2C_DRIVER/STM32_F103C6_I2C_Driver.o
 .comment       0x000000000000007b       0x7c STM32_F103C6_Drivers/RCC_DRIVER/STM32_F103C6_RCC_Driver.o
 .comment       0x000000000000007b       0x7c STM32_F103C6_Drivers/SPI_DRIVER/STM32_F103C6_SPI_Driver.o
 .comment       0x000000000000007b       0x7c STM32_F103C6_Drivers/USART_DRIVER/STM32_F103C6_USART_Driver.o
 .comment       0x000000000000007b       0x7c Src/main.o

.debug_frame    0x0000000000000000      0x9c4
 .debug_frame   0x0000000000000000       0x80 HAL/I2C_Slave_EEPROM/I2C_Slave_EEPROM.o
 .debug_frame   0x0000000000000080      0x1b0 STM32_F103C6_Drivers/EXTI_DRIVER/STM32_F103C6_EXTI_Driver.o
 .debug_frame   0x0000000000000230      0x178 STM32_F103C6_Drivers/GPIO/STM32_F103C6_GPIO_Driver.o
 .debug_frame   0x00000000000003a8      0x288 STM32_F103C6_Drivers/I2C_DRIVER/STM32_F103C6_I2C_Driver.o
 .debug_frame   0x0000000000000630       0x84 STM32_F103C6_Drivers/RCC_DRIVER/STM32_F103C6_RCC_Driver.o
 .debug_frame   0x00000000000006b4      0x148 STM32_F103C6_Drivers/SPI_DRIVER/STM32_F103C6_SPI_Driver.o
 .debug_frame   0x00000000000007fc      0x14c STM32_F103C6_Drivers/USART_DRIVER/STM32_F103C6_USART_Driver.o
 .debug_frame   0x0000000000000948       0x50 Src/main.o
 .debug_frame   0x0000000000000998       0x2c c:/st/stm32cubeide_1.4.0/stm32cubeide/plugins/com.st.stm32cube.ide.mcu.externaltools.gnu-tools-for-stm32.7-2018-q2-update.win32_1.4.0.202007081208/tools/bin/../lib/gcc/arm-none-eabi/7.3.1/../../../../arm-none-eabi/lib/thumb/v7-m\libc_nano.a(lib_a-init.o)
