Archive member included to satisfy reference by file (symbol)

c:/st/stm32cubeide_1.4.0/stm32cubeide/plugins/com.st.stm32cube.ide.mcu.externaltools.gnu-tools-for-stm32.7-2018-q2-update.win32_1.4.0.202007081208/tools/bin/../lib/gcc/arm-none-eabi/7.3.1/../../../../arm-none-eabi/lib/thumb/v7-m\libc_nano.a(lib_a-errno.o)
                              Src/syscalls.o (__errno)
c:/st/stm32cubeide_1.4.0/stm32cubeide/plugins/com.st.stm32cube.ide.mcu.externaltools.gnu-tools-for-stm32.7-2018-q2-update.win32_1.4.0.202007081208/tools/bin/../lib/gcc/arm-none-eabi/7.3.1/../../../../arm-none-eabi/lib/thumb/v7-m\libc_nano.a(lib_a-exit.o)
                              c:/st/stm32cubeide_1.4.0/stm32cubeide/plugins/com.st.stm32cube.ide.mcu.externaltools.gnu-tools-for-stm32.7-2018-q2-update.win32_1.4.0.202007081208/tools/bin/../lib/gcc/arm-none-eabi/7.3.1/../../../../arm-none-eabi/lib/thumb/v7-m/crt0.o (exit)
c:/st/stm32cubeide_1.4.0/stm32cubeide/plugins/com.st.stm32cube.ide.mcu.externaltools.gnu-tools-for-stm32.7-2018-q2-update.win32_1.4.0.202007081208/tools/bin/../lib/gcc/arm-none-eabi/7.3.1/../../../../arm-none-eabi/lib/thumb/v7-m\libc_nano.a(lib_a-impure.o)
                              c:/st/stm32cubeide_1.4.0/stm32cubeide/plugins/com.st.stm32cube.ide.mcu.externaltools.gnu-tools-for-stm32.7-2018-q2-update.win32_1.4.0.202007081208/tools/bin/../lib/gcc/arm-none-eabi/7.3.1/../../../../arm-none-eabi/lib/thumb/v7-m\libc_nano.a(lib_a-exit.o) (_global_impure_ptr)
c:/st/stm32cubeide_1.4.0/stm32cubeide/plugins/com.st.stm32cube.ide.mcu.externaltools.gnu-tools-for-stm32.7-2018-q2-update.win32_1.4.0.202007081208/tools/bin/../lib/gcc/arm-none-eabi/7.3.1/../../../../arm-none-eabi/lib/thumb/v7-m\libc_nano.a(lib_a-init.o)
                              c:/st/stm32cubeide_1.4.0/stm32cubeide/plugins/com.st.stm32cube.ide.mcu.externaltools.gnu-tools-for-stm32.7-2018-q2-update.win32_1.4.0.202007081208/tools/bin/../lib/gcc/arm-none-eabi/7.3.1/../../../../arm-none-eabi/lib/thumb/v7-m/crt0.o (__libc_init_array)
c:/st/stm32cubeide_1.4.0/stm32cubeide/plugins/com.st.stm32cube.ide.mcu.externaltools.gnu-tools-for-stm32.7-2018-q2-update.win32_1.4.0.202007081208/tools/bin/../lib/gcc/arm-none-eabi/7.3.1/../../../../arm-none-eabi/lib/thumb/v7-m\libc_nano.a(lib_a-memset.o)
                              c:/st/stm32cubeide_1.4.0/stm32cubeide/plugins/com.st.stm32cube.ide.mcu.externaltools.gnu-tools-for-stm32.7-2018-q2-update.win32_1.4.0.202007081208/tools/bin/../lib/gcc/arm-none-eabi/7.3.1/../../../../arm-none-eabi/lib/thumb/v7-m/crt0.o (memset)

Allocating common symbols
Common symbol       size              file

PinCnfg             0x4               STM32_F103C6_Drivers/KEYPAD_DRIVER/keypad.o
PinCfg              0x4               STM32_F103C6_Drivers/LCD_DRIVER/lcd.o
GP_IRQ_CallBack     0x3c              STM32_F103C6_Drivers/EXTI_DRIVER/STM32_F103C6_EXTI_Driver.o

Discarded input sections

 .text          0x0000000000000000        0x0 c:/st/stm32cubeide_1.4.0/stm32cubeide/plugins/com.st.stm32cube.ide.mcu.externaltools.gnu-tools-for-stm32.7-2018-q2-update.win32_1.4.0.202007081208/tools/bin/../lib/gcc/arm-none-eabi/7.3.1/thumb/v7-m/crti.o
 .data          0x0000000000000000        0x0 c:/st/stm32cubeide_1.4.0/stm32cubeide/plugins/com.st.stm32cube.ide.mcu.externaltools.gnu-tools-for-stm32.7-2018-q2-update.win32_1.4.0.202007081208/tools/bin/../lib/gcc/arm-none-eabi/7.3.1/thumb/v7-m/crti.o
 .bss           0x0000000000000000        0x0 c:/st/stm32cubeide_1.4.0/stm32cubeide/plugins/com.st.stm32cube.ide.mcu.externaltools.gnu-tools-for-stm32.7-2018-q2-update.win32_1.4.0.202007081208/tools/bin/../lib/gcc/arm-none-eabi/7.3.1/thumb/v7-m/crti.o
 .data          0x0000000000000000        0x4 c:/st/stm32cubeide_1.4.0/stm32cubeide/plugins/com.st.stm32cube.ide.mcu.externaltools.gnu-tools-for-stm32.7-2018-q2-update.win32_1.4.0.202007081208/tools/bin/../lib/gcc/arm-none-eabi/7.3.1/thumb/v7-m/crtbegin.o
 .text          0x0000000000000000       0x74 c:/st/stm32cubeide_1.4.0/stm32cubeide/plugins/com.st.stm32cube.ide.mcu.externaltools.gnu-tools-for-stm32.7-2018-q2-update.win32_1.4.0.202007081208/tools/bin/../lib/gcc/arm-none-eabi/7.3.1/../../../../arm-none-eabi/lib/thumb/v7-m/crt0.o
 .data          0x0000000000000000        0x0 c:/st/stm32cubeide_1.4.0/stm32cubeide/plugins/com.st.stm32cube.ide.mcu.externaltools.gnu-tools-for-stm32.7-2018-q2-update.win32_1.4.0.202007081208/tools/bin/../lib/gcc/arm-none-eabi/7.3.1/../../../../arm-none-eabi/lib/thumb/v7-m/crt0.o
 .bss           0x0000000000000000        0x0 c:/st/stm32cubeide_1.4.0/stm32cubeide/plugins/com.st.stm32cube.ide.mcu.externaltools.gnu-tools-for-stm32.7-2018-q2-update.win32_1.4.0.202007081208/tools/bin/../lib/gcc/arm-none-eabi/7.3.1/../../../../arm-none-eabi/lib/thumb/v7-m/crt0.o
 .ARM.extab     0x0000000000000000        0x0 c:/st/stm32cubeide_1.4.0/stm32cubeide/plugins/com.st.stm32cube.ide.mcu.externaltools.gnu-tools-for-stm32.7-2018-q2-update.win32_1.4.0.202007081208/tools/bin/../lib/gcc/arm-none-eabi/7.3.1/../../../../arm-none-eabi/lib/thumb/v7-m/crt0.o
 .ARM.exidx     0x0000000000000000        0x8 c:/st/stm32cubeide_1.4.0/stm32cubeide/plugins/com.st.stm32cube.ide.mcu.externaltools.gnu-tools-for-stm32.7-2018-q2-update.win32_1.4.0.202007081208/tools/bin/../lib/gcc/arm-none-eabi/7.3.1/../../../../arm-none-eabi/lib/thumb/v7-m/crt0.o
 .ARM.attributes
                0x0000000000000000       0x1b c:/st/stm32cubeide_1.4.0/stm32cubeide/plugins/com.st.stm32cube.ide.mcu.externaltools.gnu-tools-for-stm32.7-2018-q2-update.win32_1.4.0.202007081208/tools/bin/../lib/gcc/arm-none-eabi/7.3.1/../../../../arm-none-eabi/lib/thumb/v7-m/crt0.o
 .group         0x0000000000000000        0xc STM32_F103C6_Drivers/EXTI_DRIVER/STM32_F103C6_EXTI_Driver.o
 .group         0x0000000000000000        0xc STM32_F103C6_Drivers/EXTI_DRIVER/STM32_F103C6_EXTI_Driver.o
 .group         0x0000000000000000        0xc STM32_F103C6_Drivers/EXTI_DRIVER/STM32_F103C6_EXTI_Driver.o
 .group         0x0000000000000000        0xc STM32_F103C6_Drivers/EXTI_DRIVER/STM32_F103C6_EXTI_Driver.o
 .group         0x0000000000000000        0xc STM32_F103C6_Drivers/EXTI_DRIVER/STM32_F103C6_EXTI_Driver.o
 .group         0x0000000000000000        0xc STM32_F103C6_Drivers/EXTI_DRIVER/STM32_F103C6_EXTI_Driver.o
 .group         0x0000000000000000        0xc STM32_F103C6_Drivers/EXTI_DRIVER/STM32_F103C6_EXTI_Driver.o
 .group         0x0000000000000000        0xc STM32_F103C6_Drivers/EXTI_DRIVER/STM32_F103C6_EXTI_Driver.o
 .group         0x0000000000000000        0xc STM32_F103C6_Drivers/EXTI_DRIVER/STM32_F103C6_EXTI_Driver.o
 .group         0x0000000000000000        0xc STM32_F103C6_Drivers/EXTI_DRIVER/STM32_F103C6_EXTI_Driver.o
 .group         0x0000000000000000        0xc STM32_F103C6_Drivers/EXTI_DRIVER/STM32_F103C6_EXTI_Driver.o
 .group         0x0000000000000000        0xc STM32_F103C6_Drivers/EXTI_DRIVER/STM32_F103C6_EXTI_Driver.o
 .group         0x0000000000000000        0xc STM32_F103C6_Drivers/EXTI_DRIVER/STM32_F103C6_EXTI_Driver.o
 .group         0x0000000000000000        0xc STM32_F103C6_Drivers/EXTI_DRIVER/STM32_F103C6_EXTI_Driver.o
 .group         0x0000000000000000        0xc STM32_F103C6_Drivers/EXTI_DRIVER/STM32_F103C6_EXTI_Driver.o
 .group         0x0000000000000000        0xc STM32_F103C6_Drivers/EXTI_DRIVER/STM32_F103C6_EXTI_Driver.o
 .group         0x0000000000000000        0xc STM32_F103C6_Drivers/EXTI_DRIVER/STM32_F103C6_EXTI_Driver.o
 .group         0x0000000000000000        0xc STM32_F103C6_Drivers/EXTI_DRIVER/STM32_F103C6_EXTI_Driver.o
 .group         0x0000000000000000        0xc STM32_F103C6_Drivers/EXTI_DRIVER/STM32_F103C6_EXTI_Driver.o
 .group         0x0000000000000000        0xc STM32_F103C6_Drivers/EXTI_DRIVER/STM32_F103C6_EXTI_Driver.o
 .group         0x0000000000000000        0xc STM32_F103C6_Drivers/EXTI_DRIVER/STM32_F103C6_EXTI_Driver.o
 .group         0x0000000000000000        0xc STM32_F103C6_Drivers/EXTI_DRIVER/STM32_F103C6_EXTI_Driver.o
 .group         0x0000000000000000        0xc STM32_F103C6_Drivers/EXTI_DRIVER/STM32_F103C6_EXTI_Driver.o
 .group         0x0000000000000000        0xc STM32_F103C6_Drivers/EXTI_DRIVER/STM32_F103C6_EXTI_Driver.o
 .group         0x0000000000000000        0xc STM32_F103C6_Drivers/EXTI_DRIVER/STM32_F103C6_EXTI_Driver.o
 .text          0x0000000000000000        0x0 STM32_F103C6_Drivers/EXTI_DRIVER/STM32_F103C6_EXTI_Driver.o
 .data          0x0000000000000000        0x0 STM32_F103C6_Drivers/EXTI_DRIVER/STM32_F103C6_EXTI_Driver.o
 .bss           0x0000000000000000        0x0 STM32_F103C6_Drivers/EXTI_DRIVER/STM32_F103C6_EXTI_Driver.o
 .text.MCAL_EXTI_GPIO_DeInit
                0x0000000000000000       0x94 STM32_F103C6_Drivers/EXTI_DRIVER/STM32_F103C6_EXTI_Driver.o
 .text.MCAL_EXTI_GPIO_Update
                0x0000000000000000       0x16 STM32_F103C6_Drivers/EXTI_DRIVER/STM32_F103C6_EXTI_Driver.o
 .group         0x0000000000000000        0xc STM32_F103C6_Drivers/GPIO/STM32_F103C6_GPIO_Driver.o
 .group         0x0000000000000000        0xc STM32_F103C6_Drivers/GPIO/STM32_F103C6_GPIO_Driver.o
 .group         0x0000000000000000        0xc STM32_F103C6_Drivers/GPIO/STM32_F103C6_GPIO_Driver.o
 .group         0x0000000000000000        0xc STM32_F103C6_Drivers/GPIO/STM32_F103C6_GPIO_Driver.o
 .group         0x0000000000000000        0xc STM32_F103C6_Drivers/GPIO/STM32_F103C6_GPIO_Driver.o
 .group         0x0000000000000000        0xc STM32_F103C6_Drivers/GPIO/STM32_F103C6_GPIO_Driver.o
 .group         0x0000000000000000        0xc STM32_F103C6_Drivers/GPIO/STM32_F103C6_GPIO_Driver.o
 .group         0x0000000000000000        0xc STM32_F103C6_Drivers/GPIO/STM32_F103C6_GPIO_Driver.o
 .group         0x0000000000000000        0xc STM32_F103C6_Drivers/GPIO/STM32_F103C6_GPIO_Driver.o
 .group         0x0000000000000000        0xc STM32_F103C6_Drivers/GPIO/STM32_F103C6_GPIO_Driver.o
 .group         0x0000000000000000        0xc STM32_F103C6_Drivers/GPIO/STM32_F103C6_GPIO_Driver.o
 .group         0x0000000000000000        0xc STM32_F103C6_Drivers/GPIO/STM32_F103C6_GPIO_Driver.o
 .group         0x0000000000000000        0xc STM32_F103C6_Drivers/GPIO/STM32_F103C6_GPIO_Driver.o
 .group         0x0000000000000000        0xc STM32_F103C6_Drivers/GPIO/STM32_F103C6_GPIO_Driver.o
 .group         0x0000000000000000        0xc STM32_F103C6_Drivers/GPIO/STM32_F103C6_GPIO_Driver.o
 .group         0x0000000000000000        0xc STM32_F103C6_Drivers/GPIO/STM32_F103C6_GPIO_Driver.o
 .group         0x0000000000000000        0xc STM32_F103C6_Drivers/GPIO/STM32_F103C6_GPIO_Driver.o
 .group         0x0000000000000000        0xc STM32_F103C6_Drivers/GPIO/STM32_F103C6_GPIO_Driver.o
 .group         0x0000000000000000        0xc STM32_F103C6_Drivers/GPIO/STM32_F103C6_GPIO_Driver.o
 .group         0x0000000000000000        0xc STM32_F103C6_Drivers/GPIO/STM32_F103C6_GPIO_Driver.o
 .group         0x0000000000000000        0xc STM32_F103C6_Drivers/GPIO/STM32_F103C6_GPIO_Driver.o
 .group         0x0000000000000000        0xc STM32_F103C6_Drivers/GPIO/STM32_F103C6_GPIO_Driver.o
 .group         0x0000000000000000        0xc STM32_F103C6_Drivers/GPIO/STM32_F103C6_GPIO_Driver.o
 .group         0x0000000000000000        0xc STM32_F103C6_Drivers/GPIO/STM32_F103C6_GPIO_Driver.o
 .text          0x0000000000000000        0x0 STM32_F103C6_Drivers/GPIO/STM32_F103C6_GPIO_Driver.o
 .data          0x0000000000000000        0x0 STM32_F103C6_Drivers/GPIO/STM32_F103C6_GPIO_Driver.o
 .bss           0x0000000000000000        0x0 STM32_F103C6_Drivers/GPIO/STM32_F103C6_GPIO_Driver.o
 .text.MCAL_GPIO_DeInit
                0x0000000000000000       0xd4 STM32_F103C6_Drivers/GPIO/STM32_F103C6_GPIO_Driver.o
 .text.MCAL_GPIO_ReadPin
                0x0000000000000000       0x2e STM32_F103C6_Drivers/GPIO/STM32_F103C6_GPIO_Driver.o
 .text.MCAL_GPIO_ReadPort
                0x0000000000000000       0x1a STM32_F103C6_Drivers/GPIO/STM32_F103C6_GPIO_Driver.o
 .text.MCAL_GPIO_TogglePin
                0x0000000000000000       0x22 STM32_F103C6_Drivers/GPIO/STM32_F103C6_GPIO_Driver.o
 .text.MCAL_GPIO_LockPin
                0x0000000000000000       0x4e STM32_F103C6_Drivers/GPIO/STM32_F103C6_GPIO_Driver.o
 .debug_macro   0x0000000000000000      0xa60 STM32_F103C6_Drivers/GPIO/STM32_F103C6_GPIO_Driver.o
 .debug_macro   0x0000000000000000       0x22 STM32_F103C6_Drivers/GPIO/STM32_F103C6_GPIO_Driver.o
 .debug_macro   0x0000000000000000       0x8e STM32_F103C6_Drivers/GPIO/STM32_F103C6_GPIO_Driver.o
 .debug_macro   0x0000000000000000       0x51 STM32_F103C6_Drivers/GPIO/STM32_F103C6_GPIO_Driver.o
 .debug_macro   0x0000000000000000       0xef STM32_F103C6_Drivers/GPIO/STM32_F103C6_GPIO_Driver.o
 .debug_macro   0x0000000000000000       0x6a STM32_F103C6_Drivers/GPIO/STM32_F103C6_GPIO_Driver.o
 .debug_macro   0x0000000000000000      0x1df STM32_F103C6_Drivers/GPIO/STM32_F103C6_GPIO_Driver.o
 .debug_macro   0x0000000000000000       0x18 STM32_F103C6_Drivers/GPIO/STM32_F103C6_GPIO_Driver.o
 .debug_macro   0x0000000000000000       0x46 STM32_F103C6_Drivers/GPIO/STM32_F103C6_GPIO_Driver.o
 .debug_macro   0x0000000000000000       0x3c STM32_F103C6_Drivers/GPIO/STM32_F103C6_GPIO_Driver.o
 .debug_macro   0x0000000000000000       0x34 STM32_F103C6_Drivers/GPIO/STM32_F103C6_GPIO_Driver.o
 .debug_macro   0x0000000000000000       0x16 STM32_F103C6_Drivers/GPIO/STM32_F103C6_GPIO_Driver.o
 .debug_macro   0x0000000000000000      0x10e STM32_F103C6_Drivers/GPIO/STM32_F103C6_GPIO_Driver.o
 .debug_macro   0x0000000000000000       0x8d STM32_F103C6_Drivers/GPIO/STM32_F103C6_GPIO_Driver.o
 .debug_macro   0x0000000000000000       0x52 STM32_F103C6_Drivers/GPIO/STM32_F103C6_GPIO_Driver.o
 .debug_macro   0x0000000000000000       0x1f STM32_F103C6_Drivers/GPIO/STM32_F103C6_GPIO_Driver.o
 .debug_macro   0x0000000000000000       0x43 STM32_F103C6_Drivers/GPIO/STM32_F103C6_GPIO_Driver.o
 .debug_macro   0x0000000000000000       0x20 STM32_F103C6_Drivers/GPIO/STM32_F103C6_GPIO_Driver.o
 .debug_macro   0x0000000000000000      0x1a3 STM32_F103C6_Drivers/GPIO/STM32_F103C6_GPIO_Driver.o
 .debug_macro   0x0000000000000000      0x330 STM32_F103C6_Drivers/GPIO/STM32_F103C6_GPIO_Driver.o
 .debug_macro   0x0000000000000000       0x16 STM32_F103C6_Drivers/GPIO/STM32_F103C6_GPIO_Driver.o
 .debug_macro   0x0000000000000000       0x29 STM32_F103C6_Drivers/GPIO/STM32_F103C6_GPIO_Driver.o
 .debug_macro   0x0000000000000000      0x1b0 STM32_F103C6_Drivers/GPIO/STM32_F103C6_GPIO_Driver.o
 .debug_macro   0x0000000000000000       0xd0 STM32_F103C6_Drivers/GPIO/STM32_F103C6_GPIO_Driver.o
 .group         0x0000000000000000        0xc STM32_F103C6_Drivers/KEYPAD_DRIVER/keypad.o
 .group         0x0000000000000000        0xc STM32_F103C6_Drivers/KEYPAD_DRIVER/keypad.o
 .group         0x0000000000000000        0xc STM32_F103C6_Drivers/KEYPAD_DRIVER/keypad.o
 .group         0x0000000000000000        0xc STM32_F103C6_Drivers/KEYPAD_DRIVER/keypad.o
 .group         0x0000000000000000        0xc STM32_F103C6_Drivers/KEYPAD_DRIVER/keypad.o
 .group         0x0000000000000000        0xc STM32_F103C6_Drivers/KEYPAD_DRIVER/keypad.o
 .group         0x0000000000000000        0xc STM32_F103C6_Drivers/KEYPAD_DRIVER/keypad.o
 .group         0x0000000000000000        0xc STM32_F103C6_Drivers/KEYPAD_DRIVER/keypad.o
 .group         0x0000000000000000        0xc STM32_F103C6_Drivers/KEYPAD_DRIVER/keypad.o
 .group         0x0000000000000000        0xc STM32_F103C6_Drivers/KEYPAD_DRIVER/keypad.o
 .group         0x0000000000000000        0xc STM32_F103C6_Drivers/KEYPAD_DRIVER/keypad.o
 .group         0x0000000000000000        0xc STM32_F103C6_Drivers/KEYPAD_DRIVER/keypad.o
 .group         0x0000000000000000        0xc STM32_F103C6_Drivers/KEYPAD_DRIVER/keypad.o
 .group         0x0000000000000000        0xc STM32_F103C6_Drivers/KEYPAD_DRIVER/keypad.o
 .group         0x0000000000000000        0xc STM32_F103C6_Drivers/KEYPAD_DRIVER/keypad.o
 .group         0x0000000000000000        0xc STM32_F103C6_Drivers/KEYPAD_DRIVER/keypad.o
 .group         0x0000000000000000        0xc STM32_F103C6_Drivers/KEYPAD_DRIVER/keypad.o
 .group         0x0000000000000000        0xc STM32_F103C6_Drivers/KEYPAD_DRIVER/keypad.o
 .group         0x0000000000000000        0xc STM32_F103C6_Drivers/KEYPAD_DRIVER/keypad.o
 .group         0x0000000000000000        0xc STM32_F103C6_Drivers/KEYPAD_DRIVER/keypad.o
 .group         0x0000000000000000        0xc STM32_F103C6_Drivers/KEYPAD_DRIVER/keypad.o
 .group         0x0000000000000000        0xc STM32_F103C6_Drivers/KEYPAD_DRIVER/keypad.o
 .group         0x0000000000000000        0xc STM32_F103C6_Drivers/KEYPAD_DRIVER/keypad.o
 .group         0x0000000000000000        0xc STM32_F103C6_Drivers/KEYPAD_DRIVER/keypad.o
 .group         0x0000000000000000        0xc STM32_F103C6_Drivers/KEYPAD_DRIVER/keypad.o
 .text          0x0000000000000000        0x0 STM32_F103C6_Drivers/KEYPAD_DRIVER/keypad.o
 .data          0x0000000000000000        0x0 STM32_F103C6_Drivers/KEYPAD_DRIVER/keypad.o
 .bss           0x0000000000000000        0x0 STM32_F103C6_Drivers/KEYPAD_DRIVER/keypad.o
 .data.KEYPAD_ROW
                0x0000000000000000       0x10 STM32_F103C6_Drivers/KEYPAD_DRIVER/keypad.o
 .data.KEYPAD_COLOUMN
                0x0000000000000000       0x10 STM32_F103C6_Drivers/KEYPAD_DRIVER/keypad.o
 .text.KEYPAD_INIT
                0x0000000000000000       0xec STM32_F103C6_Drivers/KEYPAD_DRIVER/keypad.o
 .text.KEYPAD_GetChar
                0x0000000000000000      0x194 STM32_F103C6_Drivers/KEYPAD_DRIVER/keypad.o
 .debug_info    0x0000000000000000      0xb0c STM32_F103C6_Drivers/KEYPAD_DRIVER/keypad.o
 .debug_abbrev  0x0000000000000000      0x1aa STM32_F103C6_Drivers/KEYPAD_DRIVER/keypad.o
 .debug_loc     0x0000000000000000       0x7c STM32_F103C6_Drivers/KEYPAD_DRIVER/keypad.o
 .debug_aranges
                0x0000000000000000       0x28 STM32_F103C6_Drivers/KEYPAD_DRIVER/keypad.o
 .debug_ranges  0x0000000000000000       0x18 STM32_F103C6_Drivers/KEYPAD_DRIVER/keypad.o
 .debug_macro   0x0000000000000000      0x152 STM32_F103C6_Drivers/KEYPAD_DRIVER/keypad.o
 .debug_macro   0x0000000000000000      0xa60 STM32_F103C6_Drivers/KEYPAD_DRIVER/keypad.o
 .debug_macro   0x0000000000000000       0x22 STM32_F103C6_Drivers/KEYPAD_DRIVER/keypad.o
 .debug_macro   0x0000000000000000       0x8e STM32_F103C6_Drivers/KEYPAD_DRIVER/keypad.o
 .debug_macro   0x0000000000000000       0x51 STM32_F103C6_Drivers/KEYPAD_DRIVER/keypad.o
 .debug_macro   0x0000000000000000       0xef STM32_F103C6_Drivers/KEYPAD_DRIVER/keypad.o
 .debug_macro   0x0000000000000000       0x6a STM32_F103C6_Drivers/KEYPAD_DRIVER/keypad.o
 .debug_macro   0x0000000000000000      0x1df STM32_F103C6_Drivers/KEYPAD_DRIVER/keypad.o
 .debug_macro   0x0000000000000000       0x18 STM32_F103C6_Drivers/KEYPAD_DRIVER/keypad.o
 .debug_macro   0x0000000000000000       0x46 STM32_F103C6_Drivers/KEYPAD_DRIVER/keypad.o
 .debug_macro   0x0000000000000000       0x3c STM32_F103C6_Drivers/KEYPAD_DRIVER/keypad.o
 .debug_macro   0x0000000000000000       0x34 STM32_F103C6_Drivers/KEYPAD_DRIVER/keypad.o
 .debug_macro   0x0000000000000000       0x16 STM32_F103C6_Drivers/KEYPAD_DRIVER/keypad.o
 .debug_macro   0x0000000000000000      0x10e STM32_F103C6_Drivers/KEYPAD_DRIVER/keypad.o
 .debug_macro   0x0000000000000000       0x8d STM32_F103C6_Drivers/KEYPAD_DRIVER/keypad.o
 .debug_macro   0x0000000000000000       0x52 STM32_F103C6_Drivers/KEYPAD_DRIVER/keypad.o
 .debug_macro   0x0000000000000000       0x1f STM32_F103C6_Drivers/KEYPAD_DRIVER/keypad.o
 .debug_macro   0x0000000000000000       0x43 STM32_F103C6_Drivers/KEYPAD_DRIVER/keypad.o
 .debug_macro   0x0000000000000000       0x20 STM32_F103C6_Drivers/KEYPAD_DRIVER/keypad.o
 .debug_macro   0x0000000000000000      0x1a3 STM32_F103C6_Drivers/KEYPAD_DRIVER/keypad.o
 .debug_macro   0x0000000000000000      0x330 STM32_F103C6_Drivers/KEYPAD_DRIVER/keypad.o
 .debug_macro   0x0000000000000000       0x16 STM32_F103C6_Drivers/KEYPAD_DRIVER/keypad.o
 .debug_macro   0x0000000000000000       0x29 STM32_F103C6_Drivers/KEYPAD_DRIVER/keypad.o
 .debug_macro   0x0000000000000000      0x1b0 STM32_F103C6_Drivers/KEYPAD_DRIVER/keypad.o
 .debug_macro   0x0000000000000000       0xd0 STM32_F103C6_Drivers/KEYPAD_DRIVER/keypad.o
 .debug_macro   0x0000000000000000       0x40 STM32_F103C6_Drivers/KEYPAD_DRIVER/keypad.o
 .debug_line    0x0000000000000000      0x612 STM32_F103C6_Drivers/KEYPAD_DRIVER/keypad.o
 .debug_str     0x0000000000000000     0x7d08 STM32_F103C6_Drivers/KEYPAD_DRIVER/keypad.o
 .comment       0x0000000000000000       0x7c STM32_F103C6_Drivers/KEYPAD_DRIVER/keypad.o
 .debug_frame   0x0000000000000000       0x50 STM32_F103C6_Drivers/KEYPAD_DRIVER/keypad.o
 .ARM.attributes
                0x0000000000000000       0x33 STM32_F103C6_Drivers/KEYPAD_DRIVER/keypad.o
 COMMON         0x0000000000000000        0x4 STM32_F103C6_Drivers/KEYPAD_DRIVER/keypad.o
 .group         0x0000000000000000        0xc STM32_F103C6_Drivers/LCD_DRIVER/lcd.o
 .group         0x0000000000000000        0xc STM32_F103C6_Drivers/LCD_DRIVER/lcd.o
 .group         0x0000000000000000        0xc STM32_F103C6_Drivers/LCD_DRIVER/lcd.o
 .group         0x0000000000000000        0xc STM32_F103C6_Drivers/LCD_DRIVER/lcd.o
 .group         0x0000000000000000        0xc STM32_F103C6_Drivers/LCD_DRIVER/lcd.o
 .group         0x0000000000000000        0xc STM32_F103C6_Drivers/LCD_DRIVER/lcd.o
 .group         0x0000000000000000        0xc STM32_F103C6_Drivers/LCD_DRIVER/lcd.o
 .group         0x0000000000000000        0xc STM32_F103C6_Drivers/LCD_DRIVER/lcd.o
 .group         0x0000000000000000        0xc STM32_F103C6_Drivers/LCD_DRIVER/lcd.o
 .group         0x0000000000000000        0xc STM32_F103C6_Drivers/LCD_DRIVER/lcd.o
 .group         0x0000000000000000        0xc STM32_F103C6_Drivers/LCD_DRIVER/lcd.o
 .group         0x0000000000000000        0xc STM32_F103C6_Drivers/LCD_DRIVER/lcd.o
 .group         0x0000000000000000        0xc STM32_F103C6_Drivers/LCD_DRIVER/lcd.o
 .group         0x0000000000000000        0xc STM32_F103C6_Drivers/LCD_DRIVER/lcd.o
 .group         0x0000000000000000        0xc STM32_F103C6_Drivers/LCD_DRIVER/lcd.o
 .group         0x0000000000000000        0xc STM32_F103C6_Drivers/LCD_DRIVER/lcd.o
 .group         0x0000000000000000        0xc STM32_F103C6_Drivers/LCD_DRIVER/lcd.o
 .group         0x0000000000000000        0xc STM32_F103C6_Drivers/LCD_DRIVER/lcd.o
 .group         0x0000000000000000        0xc STM32_F103C6_Drivers/LCD_DRIVER/lcd.o
 .group         0x0000000000000000        0xc STM32_F103C6_Drivers/LCD_DRIVER/lcd.o
 .group         0x0000000000000000        0xc STM32_F103C6_Drivers/LCD_DRIVER/lcd.o
 .group         0x0000000000000000        0xc STM32_F103C6_Drivers/LCD_DRIVER/lcd.o
 .group         0x0000000000000000        0xc STM32_F103C6_Drivers/LCD_DRIVER/lcd.o
 .group         0x0000000000000000        0xc STM32_F103C6_Drivers/LCD_DRIVER/lcd.o
 .group         0x0000000000000000        0xc STM32_F103C6_Drivers/LCD_DRIVER/lcd.o
 .text          0x0000000000000000        0x0 STM32_F103C6_Drivers/LCD_DRIVER/lcd.o
 .data          0x0000000000000000        0x0 STM32_F103C6_Drivers/LCD_DRIVER/lcd.o
 .bss           0x0000000000000000        0x0 STM32_F103C6_Drivers/LCD_DRIVER/lcd.o
 .text.LCD_IsBusy
                0x0000000000000000       0xd8 STM32_F103C6_Drivers/LCD_DRIVER/lcd.o
 .text.LCD_Wirte_Special_Char
                0x0000000000000000       0x50 STM32_F103C6_Drivers/LCD_DRIVER/lcd.o
 .debug_macro   0x0000000000000000      0xa60 STM32_F103C6_Drivers/LCD_DRIVER/lcd.o
 .debug_macro   0x0000000000000000       0x22 STM32_F103C6_Drivers/LCD_DRIVER/lcd.o
 .debug_macro   0x0000000000000000       0x8e STM32_F103C6_Drivers/LCD_DRIVER/lcd.o
 .debug_macro   0x0000000000000000       0x51 STM32_F103C6_Drivers/LCD_DRIVER/lcd.o
 .debug_macro   0x0000000000000000       0xef STM32_F103C6_Drivers/LCD_DRIVER/lcd.o
 .debug_macro   0x0000000000000000       0x6a STM32_F103C6_Drivers/LCD_DRIVER/lcd.o
 .debug_macro   0x0000000000000000      0x1df STM32_F103C6_Drivers/LCD_DRIVER/lcd.o
 .debug_macro   0x0000000000000000       0x18 STM32_F103C6_Drivers/LCD_DRIVER/lcd.o
 .debug_macro   0x0000000000000000       0x46 STM32_F103C6_Drivers/LCD_DRIVER/lcd.o
 .debug_macro   0x0000000000000000       0x3c STM32_F103C6_Drivers/LCD_DRIVER/lcd.o
 .debug_macro   0x0000000000000000       0x34 STM32_F103C6_Drivers/LCD_DRIVER/lcd.o
 .debug_macro   0x0000000000000000       0x16 STM32_F103C6_Drivers/LCD_DRIVER/lcd.o
 .debug_macro   0x0000000000000000      0x10e STM32_F103C6_Drivers/LCD_DRIVER/lcd.o
 .debug_macro   0x0000000000000000       0x8d STM32_F103C6_Drivers/LCD_DRIVER/lcd.o
 .debug_macro   0x0000000000000000       0x52 STM32_F103C6_Drivers/LCD_DRIVER/lcd.o
 .debug_macro   0x0000000000000000       0x1f STM32_F103C6_Drivers/LCD_DRIVER/lcd.o
 .debug_macro   0x0000000000000000       0x43 STM32_F103C6_Drivers/LCD_DRIVER/lcd.o
 .debug_macro   0x0000000000000000       0x20 STM32_F103C6_Drivers/LCD_DRIVER/lcd.o
 .debug_macro   0x0000000000000000      0x1a3 STM32_F103C6_Drivers/LCD_DRIVER/lcd.o
 .debug_macro   0x0000000000000000      0x330 STM32_F103C6_Drivers/LCD_DRIVER/lcd.o
 .debug_macro   0x0000000000000000       0x16 STM32_F103C6_Drivers/LCD_DRIVER/lcd.o
 .debug_macro   0x0000000000000000       0x29 STM32_F103C6_Drivers/LCD_DRIVER/lcd.o
 .debug_macro   0x0000000000000000      0x1b0 STM32_F103C6_Drivers/LCD_DRIVER/lcd.o
 .debug_macro   0x0000000000000000       0xd0 STM32_F103C6_Drivers/LCD_DRIVER/lcd.o
 .group         0x0000000000000000        0xc STM32_F103C6_Drivers/Seven_Segment/seven_seg.o
 .group         0x0000000000000000        0xc STM32_F103C6_Drivers/Seven_Segment/seven_seg.o
 .group         0x0000000000000000        0xc STM32_F103C6_Drivers/Seven_Segment/seven_seg.o
 .group         0x0000000000000000        0xc STM32_F103C6_Drivers/Seven_Segment/seven_seg.o
 .group         0x0000000000000000        0xc STM32_F103C6_Drivers/Seven_Segment/seven_seg.o
 .group         0x0000000000000000        0xc STM32_F103C6_Drivers/Seven_Segment/seven_seg.o
 .group         0x0000000000000000        0xc STM32_F103C6_Drivers/Seven_Segment/seven_seg.o
 .group         0x0000000000000000        0xc STM32_F103C6_Drivers/Seven_Segment/seven_seg.o
 .group         0x0000000000000000        0xc STM32_F103C6_Drivers/Seven_Segment/seven_seg.o
 .group         0x0000000000000000        0xc STM32_F103C6_Drivers/Seven_Segment/seven_seg.o
 .group         0x0000000000000000        0xc STM32_F103C6_Drivers/Seven_Segment/seven_seg.o
 .group         0x0000000000000000        0xc STM32_F103C6_Drivers/Seven_Segment/seven_seg.o
 .group         0x0000000000000000        0xc STM32_F103C6_Drivers/Seven_Segment/seven_seg.o
 .group         0x0000000000000000        0xc STM32_F103C6_Drivers/Seven_Segment/seven_seg.o
 .group         0x0000000000000000        0xc STM32_F103C6_Drivers/Seven_Segment/seven_seg.o
 .group         0x0000000000000000        0xc STM32_F103C6_Drivers/Seven_Segment/seven_seg.o
 .group         0x0000000000000000        0xc STM32_F103C6_Drivers/Seven_Segment/seven_seg.o
 .group         0x0000000000000000        0xc STM32_F103C6_Drivers/Seven_Segment/seven_seg.o
 .group         0x0000000000000000        0xc STM32_F103C6_Drivers/Seven_Segment/seven_seg.o
 .group         0x0000000000000000        0xc STM32_F103C6_Drivers/Seven_Segment/seven_seg.o
 .group         0x0000000000000000        0xc STM32_F103C6_Drivers/Seven_Segment/seven_seg.o
 .group         0x0000000000000000        0xc STM32_F103C6_Drivers/Seven_Segment/seven_seg.o
 .group         0x0000000000000000        0xc STM32_F103C6_Drivers/Seven_Segment/seven_seg.o
 .group         0x0000000000000000        0xc STM32_F103C6_Drivers/Seven_Segment/seven_seg.o
 .group         0x0000000000000000        0xc STM32_F103C6_Drivers/Seven_Segment/seven_seg.o
 .text          0x0000000000000000        0x0 STM32_F103C6_Drivers/Seven_Segment/seven_seg.o
 .data          0x0000000000000000        0x0 STM32_F103C6_Drivers/Seven_Segment/seven_seg.o
 .bss           0x0000000000000000        0x0 STM32_F103C6_Drivers/Seven_Segment/seven_seg.o
 .data.LCD_DISPLAY
                0x0000000000000000        0xb STM32_F103C6_Drivers/Seven_Segment/seven_seg.o
 .data.DISPLAY  0x0000000000000000        0xb STM32_F103C6_Drivers/Seven_Segment/seven_seg.o
 .data.P_LCD_DISPLAY
                0x0000000000000000        0x4 STM32_F103C6_Drivers/Seven_Segment/seven_seg.o
 .data.P_DISPLAY
                0x0000000000000000        0x4 STM32_F103C6_Drivers/Seven_Segment/seven_seg.o
 .text.SevenSeg_init
                0x0000000000000000       0xbc STM32_F103C6_Drivers/Seven_Segment/seven_seg.o
 .debug_info    0x0000000000000000      0xb05 STM32_F103C6_Drivers/Seven_Segment/seven_seg.o
 .debug_abbrev  0x0000000000000000      0x199 STM32_F103C6_Drivers/Seven_Segment/seven_seg.o
 .debug_loc     0x0000000000000000       0x50 STM32_F103C6_Drivers/Seven_Segment/seven_seg.o
 .debug_aranges
                0x0000000000000000       0x20 STM32_F103C6_Drivers/Seven_Segment/seven_seg.o
 .debug_ranges  0x0000000000000000       0x10 STM32_F103C6_Drivers/Seven_Segment/seven_seg.o
 .debug_macro   0x0000000000000000      0x158 STM32_F103C6_Drivers/Seven_Segment/seven_seg.o
 .debug_macro   0x0000000000000000      0xa60 STM32_F103C6_Drivers/Seven_Segment/seven_seg.o
 .debug_macro   0x0000000000000000       0x22 STM32_F103C6_Drivers/Seven_Segment/seven_seg.o
 .debug_macro   0x0000000000000000       0x8e STM32_F103C6_Drivers/Seven_Segment/seven_seg.o
 .debug_macro   0x0000000000000000       0x51 STM32_F103C6_Drivers/Seven_Segment/seven_seg.o
 .debug_macro   0x0000000000000000       0xef STM32_F103C6_Drivers/Seven_Segment/seven_seg.o
 .debug_macro   0x0000000000000000       0x6a STM32_F103C6_Drivers/Seven_Segment/seven_seg.o
 .debug_macro   0x0000000000000000      0x1df STM32_F103C6_Drivers/Seven_Segment/seven_seg.o
 .debug_macro   0x0000000000000000       0x18 STM32_F103C6_Drivers/Seven_Segment/seven_seg.o
 .debug_macro   0x0000000000000000       0x46 STM32_F103C6_Drivers/Seven_Segment/seven_seg.o
 .debug_macro   0x0000000000000000       0x3c STM32_F103C6_Drivers/Seven_Segment/seven_seg.o
 .debug_macro   0x0000000000000000       0x34 STM32_F103C6_Drivers/Seven_Segment/seven_seg.o
 .debug_macro   0x0000000000000000       0x16 STM32_F103C6_Drivers/Seven_Segment/seven_seg.o
 .debug_macro   0x0000000000000000      0x10e STM32_F103C6_Drivers/Seven_Segment/seven_seg.o
 .debug_macro   0x0000000000000000       0x8d STM32_F103C6_Drivers/Seven_Segment/seven_seg.o
 .debug_macro   0x0000000000000000       0x52 STM32_F103C6_Drivers/Seven_Segment/seven_seg.o
 .debug_macro   0x0000000000000000       0x1f STM32_F103C6_Drivers/Seven_Segment/seven_seg.o
 .debug_macro   0x0000000000000000       0x43 STM32_F103C6_Drivers/Seven_Segment/seven_seg.o
 .debug_macro   0x0000000000000000       0x20 STM32_F103C6_Drivers/Seven_Segment/seven_seg.o
 .debug_macro   0x0000000000000000      0x1a3 STM32_F103C6_Drivers/Seven_Segment/seven_seg.o
 .debug_macro   0x0000000000000000      0x330 STM32_F103C6_Drivers/Seven_Segment/seven_seg.o
 .debug_macro   0x0000000000000000       0x16 STM32_F103C6_Drivers/Seven_Segment/seven_seg.o
 .debug_macro   0x0000000000000000       0x29 STM32_F103C6_Drivers/Seven_Segment/seven_seg.o
 .debug_macro   0x0000000000000000      0x1b0 STM32_F103C6_Drivers/Seven_Segment/seven_seg.o
 .debug_macro   0x0000000000000000       0xd0 STM32_F103C6_Drivers/Seven_Segment/seven_seg.o
 .debug_macro   0x0000000000000000       0x40 STM32_F103C6_Drivers/Seven_Segment/seven_seg.o
 .debug_line    0x0000000000000000      0x5a5 STM32_F103C6_Drivers/Seven_Segment/seven_seg.o
 .debug_str     0x0000000000000000     0x7d02 STM32_F103C6_Drivers/Seven_Segment/seven_seg.o
 .comment       0x0000000000000000       0x7c STM32_F103C6_Drivers/Seven_Segment/seven_seg.o
 .debug_frame   0x0000000000000000       0x34 STM32_F103C6_Drivers/Seven_Segment/seven_seg.o
 .ARM.attributes
                0x0000000000000000       0x33 STM32_F103C6_Drivers/Seven_Segment/seven_seg.o
 .group         0x0000000000000000        0xc Src/main.o
 .group         0x0000000000000000        0xc Src/main.o
 .group         0x0000000000000000        0xc Src/main.o
 .group         0x0000000000000000        0xc Src/main.o
 .group         0x0000000000000000        0xc Src/main.o
 .group         0x0000000000000000        0xc Src/main.o
 .group         0x0000000000000000        0xc Src/main.o
 .group         0x0000000000000000        0xc Src/main.o
 .group         0x0000000000000000        0xc Src/main.o
 .group         0x0000000000000000        0xc Src/main.o
 .group         0x0000000000000000        0xc Src/main.o
 .group         0x0000000000000000        0xc Src/main.o
 .group         0x0000000000000000        0xc Src/main.o
 .group         0x0000000000000000        0xc Src/main.o
 .group         0x0000000000000000        0xc Src/main.o
 .group         0x0000000000000000        0xc Src/main.o
 .group         0x0000000000000000        0xc Src/main.o
 .group         0x0000000000000000        0xc Src/main.o
 .group         0x0000000000000000        0xc Src/main.o
 .group         0x0000000000000000        0xc Src/main.o
 .group         0x0000000000000000        0xc Src/main.o
 .group         0x0000000000000000        0xc Src/main.o
 .group         0x0000000000000000        0xc Src/main.o
 .group         0x0000000000000000        0xc Src/main.o
 .group         0x0000000000000000        0xc Src/main.o
 .group         0x0000000000000000        0xc Src/main.o
 .group         0x0000000000000000        0xc Src/main.o
 .group         0x0000000000000000        0xc Src/main.o
 .text          0x0000000000000000        0x0 Src/main.o
 .data          0x0000000000000000        0x0 Src/main.o
 .bss           0x0000000000000000        0x0 Src/main.o
 .debug_macro   0x0000000000000000      0xa60 Src/main.o
 .debug_macro   0x0000000000000000       0x22 Src/main.o
 .debug_macro   0x0000000000000000       0x8e Src/main.o
 .debug_macro   0x0000000000000000       0x51 Src/main.o
 .debug_macro   0x0000000000000000       0xef Src/main.o
 .debug_macro   0x0000000000000000       0x6a Src/main.o
 .debug_macro   0x0000000000000000      0x1df Src/main.o
 .debug_macro   0x0000000000000000       0x18 Src/main.o
 .debug_macro   0x0000000000000000       0x46 Src/main.o
 .debug_macro   0x0000000000000000       0x3c Src/main.o
 .debug_macro   0x0000000000000000       0x34 Src/main.o
 .debug_macro   0x0000000000000000       0x16 Src/main.o
 .debug_macro   0x0000000000000000      0x10e Src/main.o
 .debug_macro   0x0000000000000000       0x8d Src/main.o
 .debug_macro   0x0000000000000000       0x52 Src/main.o
 .debug_macro   0x0000000000000000       0x1f Src/main.o
 .debug_macro   0x0000000000000000       0x43 Src/main.o
 .debug_macro   0x0000000000000000       0x20 Src/main.o
 .debug_macro   0x0000000000000000      0x1a3 Src/main.o
 .debug_macro   0x0000000000000000      0x330 Src/main.o
 .debug_macro   0x0000000000000000       0x16 Src/main.o
 .debug_macro   0x0000000000000000       0x29 Src/main.o
 .debug_macro   0x0000000000000000      0x1b0 Src/main.o
 .debug_macro   0x0000000000000000       0xd0 Src/main.o
 .debug_macro   0x0000000000000000      0x225 Src/main.o
 .debug_macro   0x0000000000000000       0x40 Src/main.o
 .group         0x0000000000000000        0xc Src/syscalls.o
 .group         0x0000000000000000        0xc Src/syscalls.o
 .group         0x0000000000000000        0xc Src/syscalls.o
 .group         0x0000000000000000        0xc Src/syscalls.o
 .group         0x0000000000000000        0xc Src/syscalls.o
 .group         0x0000000000000000        0xc Src/syscalls.o
 .group         0x0000000000000000        0xc Src/syscalls.o
 .group         0x0000000000000000        0xc Src/syscalls.o
 .group         0x0000000000000000        0xc Src/syscalls.o
 .group         0x0000000000000000        0xc Src/syscalls.o
 .group         0x0000000000000000        0xc Src/syscalls.o
 .group         0x0000000000000000        0xc Src/syscalls.o
 .group         0x0000000000000000        0xc Src/syscalls.o
 .group         0x0000000000000000        0xc Src/syscalls.o
 .group         0x0000000000000000        0xc Src/syscalls.o
 .group         0x0000000000000000        0xc Src/syscalls.o
 .group         0x0000000000000000        0xc Src/syscalls.o
 .group         0x0000000000000000        0xc Src/syscalls.o
 .group         0x0000000000000000        0xc Src/syscalls.o
 .group         0x0000000000000000        0xc Src/syscalls.o
 .group         0x0000000000000000        0xc Src/syscalls.o
 .group         0x0000000000000000        0xc Src/syscalls.o
 .group         0x0000000000000000        0xc Src/syscalls.o
 .group         0x0000000000000000        0xc Src/syscalls.o
 .group         0x0000000000000000        0xc Src/syscalls.o
 .group         0x0000000000000000        0xc Src/syscalls.o
 .group         0x0000000000000000        0xc Src/syscalls.o
 .group         0x0000000000000000        0xc Src/syscalls.o
 .group         0x0000000000000000        0xc Src/syscalls.o
 .group         0x0000000000000000        0xc Src/syscalls.o
 .group         0x0000000000000000        0xc Src/syscalls.o
 .group         0x0000000000000000        0xc Src/syscalls.o
 .group         0x0000000000000000        0xc Src/syscalls.o
 .group         0x0000000000000000        0xc Src/syscalls.o
 .group         0x0000000000000000        0xc Src/syscalls.o
 .group         0x0000000000000000        0xc Src/syscalls.o
 .group         0x0000000000000000        0xc Src/syscalls.o
 .group         0x0000000000000000        0xc Src/syscalls.o
 .group         0x0000000000000000        0xc Src/syscalls.o
 .group         0x0000000000000000        0xc Src/syscalls.o
 .group         0x0000000000000000        0xc Src/syscalls.o
 .group         0x0000000000000000        0xc Src/syscalls.o
 .group         0x0000000000000000        0xc Src/syscalls.o
 .group         0x0000000000000000        0xc Src/syscalls.o
 .text          0x0000000000000000        0x0 Src/syscalls.o
 .data          0x0000000000000000        0x0 Src/syscalls.o
 .bss           0x0000000000000000        0x0 Src/syscalls.o
 .bss.__env     0x0000000000000000        0x4 Src/syscalls.o
 .data.environ  0x0000000000000000        0x4 Src/syscalls.o
 .text.initialise_monitor_handles
                0x0000000000000000        0xc Src/syscalls.o
 .text._getpid  0x0000000000000000        0xe Src/syscalls.o
 .text._kill    0x0000000000000000       0x20 Src/syscalls.o
 .text._exit    0x0000000000000000       0x14 Src/syscalls.o
 .text._read    0x0000000000000000       0x3a Src/syscalls.o
 .text._write   0x0000000000000000       0x38 Src/syscalls.o
 .text._close   0x0000000000000000       0x16 Src/syscalls.o
 .text._fstat   0x0000000000000000       0x1e Src/syscalls.o
 .text._isatty  0x0000000000000000       0x14 Src/syscalls.o
 .text._lseek   0x0000000000000000       0x18 Src/syscalls.o
 .text._open    0x0000000000000000       0x1a Src/syscalls.o
 .text._wait    0x0000000000000000       0x1e Src/syscalls.o
 .text._unlink  0x0000000000000000       0x1e Src/syscalls.o
 .text._times   0x0000000000000000       0x16 Src/syscalls.o
 .text._stat    0x0000000000000000       0x1e Src/syscalls.o
 .text._link    0x0000000000000000       0x20 Src/syscalls.o
 .text._fork    0x0000000000000000       0x16 Src/syscalls.o
 .text._execve  0x0000000000000000       0x22 Src/syscalls.o
 .debug_info    0x0000000000000000     0x102c Src/syscalls.o
 .debug_abbrev  0x0000000000000000      0x245 Src/syscalls.o
 .debug_loc     0x0000000000000000      0x5b8 Src/syscalls.o
 .debug_aranges
                0x0000000000000000       0xa8 Src/syscalls.o
 .debug_ranges  0x0000000000000000       0x98 Src/syscalls.o
 .debug_macro   0x0000000000000000      0x243 Src/syscalls.o
 .debug_macro   0x0000000000000000      0xa60 Src/syscalls.o
 .debug_macro   0x0000000000000000       0x22 Src/syscalls.o
 .debug_macro   0x0000000000000000       0x40 Src/syscalls.o
 .debug_macro   0x0000000000000000       0x18 Src/syscalls.o
 .debug_macro   0x0000000000000000       0x94 Src/syscalls.o
 .debug_macro   0x0000000000000000       0x3c Src/syscalls.o
 .debug_macro   0x0000000000000000       0x34 Src/syscalls.o
 .debug_macro   0x0000000000000000       0x57 Src/syscalls.o
 .debug_macro   0x0000000000000000      0x174 Src/syscalls.o
 .debug_macro   0x0000000000000000      0x330 Src/syscalls.o
 .debug_macro   0x0000000000000000       0x52 Src/syscalls.o
 .debug_macro   0x0000000000000000       0x1f Src/syscalls.o
 .debug_macro   0x0000000000000000       0x43 Src/syscalls.o
 .debug_macro   0x0000000000000000       0x20 Src/syscalls.o
 .debug_macro   0x0000000000000000      0x1a3 Src/syscalls.o
 .debug_macro   0x0000000000000000       0x10 Src/syscalls.o
 .debug_macro   0x0000000000000000       0x35 Src/syscalls.o
 .debug_macro   0x0000000000000000       0x10 Src/syscalls.o
 .debug_macro   0x0000000000000000       0x10 Src/syscalls.o
 .debug_macro   0x0000000000000000       0x10 Src/syscalls.o
 .debug_macro   0x0000000000000000       0x6a Src/syscalls.o
 .debug_macro   0x0000000000000000       0x1c Src/syscalls.o
 .debug_macro   0x0000000000000000       0x52 Src/syscalls.o
 .debug_macro   0x0000000000000000       0x40 Src/syscalls.o
 .debug_macro   0x0000000000000000       0x10 Src/syscalls.o
 .debug_macro   0x0000000000000000       0x40 Src/syscalls.o
 .debug_macro   0x0000000000000000       0xd7 Src/syscalls.o
 .debug_macro   0x0000000000000000       0x1c Src/syscalls.o
 .debug_macro   0x0000000000000000       0x3d Src/syscalls.o
 .debug_macro   0x0000000000000000       0x35 Src/syscalls.o
 .debug_macro   0x0000000000000000      0x122 Src/syscalls.o
 .debug_macro   0x0000000000000000       0x16 Src/syscalls.o
 .debug_macro   0x0000000000000000       0x16 Src/syscalls.o
 .debug_macro   0x0000000000000000       0x29 Src/syscalls.o
 .debug_macro   0x0000000000000000       0x10 Src/syscalls.o
 .debug_macro   0x0000000000000000      0x241 Src/syscalls.o
 .debug_macro   0x0000000000000000       0x1c Src/syscalls.o
 .debug_macro   0x0000000000000000       0x10 Src/syscalls.o
 .debug_macro   0x0000000000000000       0x10 Src/syscalls.o
 .debug_macro   0x0000000000000000       0x16 Src/syscalls.o
 .debug_macro   0x0000000000000000      0x145 Src/syscalls.o
 .debug_macro   0x0000000000000000      0x189 Src/syscalls.o
 .debug_macro   0x0000000000000000       0x16 Src/syscalls.o
 .debug_macro   0x0000000000000000       0x88 Src/syscalls.o
 .debug_line    0x0000000000000000      0x739 Src/syscalls.o
 .debug_str     0x0000000000000000     0x887b Src/syscalls.o
 .comment       0x0000000000000000       0x7c Src/syscalls.o
 .debug_frame   0x0000000000000000      0x2ac Src/syscalls.o
 .ARM.attributes
                0x0000000000000000       0x33 Src/syscalls.o
 .group         0x0000000000000000        0xc Src/sysmem.o
 .group         0x0000000000000000        0xc Src/sysmem.o
 .group         0x0000000000000000        0xc Src/sysmem.o
 .group         0x0000000000000000        0xc Src/sysmem.o
 .group         0x0000000000000000        0xc Src/sysmem.o
 .group         0x0000000000000000        0xc Src/sysmem.o
 .group         0x0000000000000000        0xc Src/sysmem.o
 .group         0x0000000000000000        0xc Src/sysmem.o
 .group         0x0000000000000000        0xc Src/sysmem.o
 .group         0x0000000000000000        0xc Src/sysmem.o
 .group         0x0000000000000000        0xc Src/sysmem.o
 .group         0x0000000000000000        0xc Src/sysmem.o
 .group         0x0000000000000000        0xc Src/sysmem.o
 .group         0x0000000000000000        0xc Src/sysmem.o
 .group         0x0000000000000000        0xc Src/sysmem.o
 .group         0x0000000000000000        0xc Src/sysmem.o
 .group         0x0000000000000000        0xc Src/sysmem.o
 .group         0x0000000000000000        0xc Src/sysmem.o
 .group         0x0000000000000000        0xc Src/sysmem.o
 .text          0x0000000000000000        0x0 Src/sysmem.o
 .data          0x0000000000000000        0x0 Src/sysmem.o
 .bss           0x0000000000000000        0x0 Src/sysmem.o
 .bss.__sbrk_heap_end
                0x0000000000000000        0x4 Src/sysmem.o
 .text._sbrk    0x0000000000000000       0x6c Src/sysmem.o
 .debug_info    0x0000000000000000      0xa7c Src/sysmem.o
 .debug_abbrev  0x0000000000000000      0x18e Src/sysmem.o
 .debug_loc     0x0000000000000000       0x50 Src/sysmem.o
 .debug_aranges
                0x0000000000000000       0x20 Src/sysmem.o
 .debug_ranges  0x0000000000000000       0x10 Src/sysmem.o
 .debug_macro   0x0000000000000000       0xee Src/sysmem.o
 .debug_macro   0x0000000000000000      0xa60 Src/sysmem.o
 .debug_macro   0x0000000000000000       0x10 Src/sysmem.o
 .debug_macro   0x0000000000000000       0x22 Src/sysmem.o
 .debug_macro   0x0000000000000000       0x40 Src/sysmem.o
 .debug_macro   0x0000000000000000       0x18 Src/sysmem.o
 .debug_macro   0x0000000000000000       0x94 Src/sysmem.o
 .debug_macro   0x0000000000000000       0x3c Src/sysmem.o
 .debug_macro   0x0000000000000000       0x34 Src/sysmem.o
 .debug_macro   0x0000000000000000      0x174 Src/sysmem.o
 .debug_macro   0x0000000000000000       0x57 Src/sysmem.o
 .debug_macro   0x0000000000000000       0x52 Src/sysmem.o
 .debug_macro   0x0000000000000000       0x1f Src/sysmem.o
 .debug_macro   0x0000000000000000       0x43 Src/sysmem.o
 .debug_macro   0x0000000000000000       0x20 Src/sysmem.o
 .debug_macro   0x0000000000000000      0x1a3 Src/sysmem.o
 .debug_macro   0x0000000000000000      0x23b Src/sysmem.o
 .debug_macro   0x0000000000000000       0xef Src/sysmem.o
 .debug_macro   0x0000000000000000       0x6a Src/sysmem.o
 .debug_macro   0x0000000000000000      0x1df Src/sysmem.o
 .debug_line    0x0000000000000000      0x4c2 Src/sysmem.o
 .debug_str     0x0000000000000000     0x5f53 Src/sysmem.o
 .comment       0x0000000000000000       0x7c Src/sysmem.o
 .debug_frame   0x0000000000000000       0x34 Src/sysmem.o
 .ARM.attributes
                0x0000000000000000       0x33 Src/sysmem.o
 .text          0x0000000000000000       0x14 Startup/startup_stm32f103c6tx.o
 .data          0x0000000000000000        0x0 Startup/startup_stm32f103c6tx.o
 .bss           0x0000000000000000        0x0 Startup/startup_stm32f103c6tx.o
 .text          0x0000000000000000        0x0 c:/st/stm32cubeide_1.4.0/stm32cubeide/plugins/com.st.stm32cube.ide.mcu.externaltools.gnu-tools-for-stm32.7-2018-q2-update.win32_1.4.0.202007081208/tools/bin/../lib/gcc/arm-none-eabi/7.3.1/../../../../arm-none-eabi/lib/thumb/v7-m\libc_nano.a(lib_a-errno.o)
 .data          0x0000000000000000        0x0 c:/st/stm32cubeide_1.4.0/stm32cubeide/plugins/com.st.stm32cube.ide.mcu.externaltools.gnu-tools-for-stm32.7-2018-q2-update.win32_1.4.0.202007081208/tools/bin/../lib/gcc/arm-none-eabi/7.3.1/../../../../arm-none-eabi/lib/thumb/v7-m\libc_nano.a(lib_a-errno.o)
 .bss           0x0000000000000000        0x0 c:/st/stm32cubeide_1.4.0/stm32cubeide/plugins/com.st.stm32cube.ide.mcu.externaltools.gnu-tools-for-stm32.7-2018-q2-update.win32_1.4.0.202007081208/tools/bin/../lib/gcc/arm-none-eabi/7.3.1/../../../../arm-none-eabi/lib/thumb/v7-m\libc_nano.a(lib_a-errno.o)
 .text.__errno  0x0000000000000000        0xc c:/st/stm32cubeide_1.4.0/stm32cubeide/plugins/com.st.stm32cube.ide.mcu.externaltools.gnu-tools-for-stm32.7-2018-q2-update.win32_1.4.0.202007081208/tools/bin/../lib/gcc/arm-none-eabi/7.3.1/../../../../arm-none-eabi/lib/thumb/v7-m\libc_nano.a(lib_a-errno.o)
 .debug_frame   0x0000000000000000       0x20 c:/st/stm32cubeide_1.4.0/stm32cubeide/plugins/com.st.stm32cube.ide.mcu.externaltools.gnu-tools-for-stm32.7-2018-q2-update.win32_1.4.0.202007081208/tools/bin/../lib/gcc/arm-none-eabi/7.3.1/../../../../arm-none-eabi/lib/thumb/v7-m\libc_nano.a(lib_a-errno.o)
 .ARM.attributes
                0x0000000000000000       0x2d c:/st/stm32cubeide_1.4.0/stm32cubeide/plugins/com.st.stm32cube.ide.mcu.externaltools.gnu-tools-for-stm32.7-2018-q2-update.win32_1.4.0.202007081208/tools/bin/../lib/gcc/arm-none-eabi/7.3.1/../../../../arm-none-eabi/lib/thumb/v7-m\libc_nano.a(lib_a-errno.o)
 .text          0x0000000000000000        0x0 c:/st/stm32cubeide_1.4.0/stm32cubeide/plugins/com.st.stm32cube.ide.mcu.externaltools.gnu-tools-for-stm32.7-2018-q2-update.win32_1.4.0.202007081208/tools/bin/../lib/gcc/arm-none-eabi/7.3.1/../../../../arm-none-eabi/lib/thumb/v7-m\libc_nano.a(lib_a-exit.o)
 .data          0x0000000000000000        0x0 c:/st/stm32cubeide_1.4.0/stm32cubeide/plugins/com.st.stm32cube.ide.mcu.externaltools.gnu-tools-for-stm32.7-2018-q2-update.win32_1.4.0.202007081208/tools/bin/../lib/gcc/arm-none-eabi/7.3.1/../../../../arm-none-eabi/lib/thumb/v7-m\libc_nano.a(lib_a-exit.o)
 .bss           0x0000000000000000        0x0 c:/st/stm32cubeide_1.4.0/stm32cubeide/plugins/com.st.stm32cube.ide.mcu.externaltools.gnu-tools-for-stm32.7-2018-q2-update.win32_1.4.0.202007081208/tools/bin/../lib/gcc/arm-none-eabi/7.3.1/../../../../arm-none-eabi/lib/thumb/v7-m\libc_nano.a(lib_a-exit.o)
 .text.exit     0x0000000000000000       0x28 c:/st/stm32cubeide_1.4.0/stm32cubeide/plugins/com.st.stm32cube.ide.mcu.externaltools.gnu-tools-for-stm32.7-2018-q2-update.win32_1.4.0.202007081208/tools/bin/../lib/gcc/arm-none-eabi/7.3.1/../../../../arm-none-eabi/lib/thumb/v7-m\libc_nano.a(lib_a-exit.o)
 .debug_frame   0x0000000000000000       0x28 c:/st/stm32cubeide_1.4.0/stm32cubeide/plugins/com.st.stm32cube.ide.mcu.externaltools.gnu-tools-for-stm32.7-2018-q2-update.win32_1.4.0.202007081208/tools/bin/../lib/gcc/arm-none-eabi/7.3.1/../../../../arm-none-eabi/lib/thumb/v7-m\libc_nano.a(lib_a-exit.o)
 .ARM.attributes
                0x0000000000000000       0x2d c:/st/stm32cubeide_1.4.0/stm32cubeide/plugins/com.st.stm32cube.ide.mcu.externaltools.gnu-tools-for-stm32.7-2018-q2-update.win32_1.4.0.202007081208/tools/bin/../lib/gcc/arm-none-eabi/7.3.1/../../../../arm-none-eabi/lib/thumb/v7-m\libc_nano.a(lib_a-exit.o)
 .text          0x0000000000000000        0x0 c:/st/stm32cubeide_1.4.0/stm32cubeide/plugins/com.st.stm32cube.ide.mcu.externaltools.gnu-tools-for-stm32.7-2018-q2-update.win32_1.4.0.202007081208/tools/bin/../lib/gcc/arm-none-eabi/7.3.1/../../../../arm-none-eabi/lib/thumb/v7-m\libc_nano.a(lib_a-impure.o)
 .data          0x0000000000000000        0x0 c:/st/stm32cubeide_1.4.0/stm32cubeide/plugins/com.st.stm32cube.ide.mcu.externaltools.gnu-tools-for-stm32.7-2018-q2-update.win32_1.4.0.202007081208/tools/bin/../lib/gcc/arm-none-eabi/7.3.1/../../../../arm-none-eabi/lib/thumb/v7-m\libc_nano.a(lib_a-impure.o)
 .bss           0x0000000000000000        0x0 c:/st/stm32cubeide_1.4.0/stm32cubeide/plugins/com.st.stm32cube.ide.mcu.externaltools.gnu-tools-for-stm32.7-2018-q2-update.win32_1.4.0.202007081208/tools/bin/../lib/gcc/arm-none-eabi/7.3.1/../../../../arm-none-eabi/lib/thumb/v7-m\libc_nano.a(lib_a-impure.o)
 .data._impure_ptr
                0x0000000000000000        0x4 c:/st/stm32cubeide_1.4.0/stm32cubeide/plugins/com.st.stm32cube.ide.mcu.externaltools.gnu-tools-for-stm32.7-2018-q2-update.win32_1.4.0.202007081208/tools/bin/../lib/gcc/arm-none-eabi/7.3.1/../../../../arm-none-eabi/lib/thumb/v7-m\libc_nano.a(lib_a-impure.o)
 .data.impure_data
                0x0000000000000000       0x60 c:/st/stm32cubeide_1.4.0/stm32cubeide/plugins/com.st.stm32cube.ide.mcu.externaltools.gnu-tools-for-stm32.7-2018-q2-update.win32_1.4.0.202007081208/tools/bin/../lib/gcc/arm-none-eabi/7.3.1/../../../../arm-none-eabi/lib/thumb/v7-m\libc_nano.a(lib_a-impure.o)
 .rodata._global_impure_ptr
                0x0000000000000000        0x4 c:/st/stm32cubeide_1.4.0/stm32cubeide/plugins/com.st.stm32cube.ide.mcu.externaltools.gnu-tools-for-stm32.7-2018-q2-update.win32_1.4.0.202007081208/tools/bin/../lib/gcc/arm-none-eabi/7.3.1/../../../../arm-none-eabi/lib/thumb/v7-m\libc_nano.a(lib_a-impure.o)
 .ARM.attributes
                0x0000000000000000       0x2d c:/st/stm32cubeide_1.4.0/stm32cubeide/plugins/com.st.stm32cube.ide.mcu.externaltools.gnu-tools-for-stm32.7-2018-q2-update.win32_1.4.0.202007081208/tools/bin/../lib/gcc/arm-none-eabi/7.3.1/../../../../arm-none-eabi/lib/thumb/v7-m\libc_nano.a(lib_a-impure.o)
 .text          0x0000000000000000        0x0 c:/st/stm32cubeide_1.4.0/stm32cubeide/plugins/com.st.stm32cube.ide.mcu.externaltools.gnu-tools-for-stm32.7-2018-q2-update.win32_1.4.0.202007081208/tools/bin/../lib/gcc/arm-none-eabi/7.3.1/../../../../arm-none-eabi/lib/thumb/v7-m\libc_nano.a(lib_a-init.o)
 .data          0x0000000000000000        0x0 c:/st/stm32cubeide_1.4.0/stm32cubeide/plugins/com.st.stm32cube.ide.mcu.externaltools.gnu-tools-for-stm32.7-2018-q2-update.win32_1.4.0.202007081208/tools/bin/../lib/gcc/arm-none-eabi/7.3.1/../../../../arm-none-eabi/lib/thumb/v7-m\libc_nano.a(lib_a-init.o)
 .bss           0x0000000000000000        0x0 c:/st/stm32cubeide_1.4.0/stm32cubeide/plugins/com.st.stm32cube.ide.mcu.externaltools.gnu-tools-for-stm32.7-2018-q2-update.win32_1.4.0.202007081208/tools/bin/../lib/gcc/arm-none-eabi/7.3.1/../../../../arm-none-eabi/lib/thumb/v7-m\libc_nano.a(lib_a-init.o)
 .text          0x0000000000000000        0x0 c:/st/stm32cubeide_1.4.0/stm32cubeide/plugins/com.st.stm32cube.ide.mcu.externaltools.gnu-tools-for-stm32.7-2018-q2-update.win32_1.4.0.202007081208/tools/bin/../lib/gcc/arm-none-eabi/7.3.1/../../../../arm-none-eabi/lib/thumb/v7-m\libc_nano.a(lib_a-memset.o)
 .data          0x0000000000000000        0x0 c:/st/stm32cubeide_1.4.0/stm32cubeide/plugins/com.st.stm32cube.ide.mcu.externaltools.gnu-tools-for-stm32.7-2018-q2-update.win32_1.4.0.202007081208/tools/bin/../lib/gcc/arm-none-eabi/7.3.1/../../../../arm-none-eabi/lib/thumb/v7-m\libc_nano.a(lib_a-memset.o)
 .bss           0x0000000000000000        0x0 c:/st/stm32cubeide_1.4.0/stm32cubeide/plugins/com.st.stm32cube.ide.mcu.externaltools.gnu-tools-for-stm32.7-2018-q2-update.win32_1.4.0.202007081208/tools/bin/../lib/gcc/arm-none-eabi/7.3.1/../../../../arm-none-eabi/lib/thumb/v7-m\libc_nano.a(lib_a-memset.o)
 .text.memset   0x0000000000000000       0x10 c:/st/stm32cubeide_1.4.0/stm32cubeide/plugins/com.st.stm32cube.ide.mcu.externaltools.gnu-tools-for-stm32.7-2018-q2-update.win32_1.4.0.202007081208/tools/bin/../lib/gcc/arm-none-eabi/7.3.1/../../../../arm-none-eabi/lib/thumb/v7-m\libc_nano.a(lib_a-memset.o)
 .debug_frame   0x0000000000000000       0x20 c:/st/stm32cubeide_1.4.0/stm32cubeide/plugins/com.st.stm32cube.ide.mcu.externaltools.gnu-tools-for-stm32.7-2018-q2-update.win32_1.4.0.202007081208/tools/bin/../lib/gcc/arm-none-eabi/7.3.1/../../../../arm-none-eabi/lib/thumb/v7-m\libc_nano.a(lib_a-memset.o)
 .ARM.attributes
                0x0000000000000000       0x2d c:/st/stm32cubeide_1.4.0/stm32cubeide/plugins/com.st.stm32cube.ide.mcu.externaltools.gnu-tools-for-stm32.7-2018-q2-update.win32_1.4.0.202007081208/tools/bin/../lib/gcc/arm-none-eabi/7.3.1/../../../../arm-none-eabi/lib/thumb/v7-m\libc_nano.a(lib_a-memset.o)
 .text          0x0000000000000000        0x0 c:/st/stm32cubeide_1.4.0/stm32cubeide/plugins/com.st.stm32cube.ide.mcu.externaltools.gnu-tools-for-stm32.7-2018-q2-update.win32_1.4.0.202007081208/tools/bin/../lib/gcc/arm-none-eabi/7.3.1/thumb/v7-m/crtend.o
 .data          0x0000000000000000        0x0 c:/st/stm32cubeide_1.4.0/stm32cubeide/plugins/com.st.stm32cube.ide.mcu.externaltools.gnu-tools-for-stm32.7-2018-q2-update.win32_1.4.0.202007081208/tools/bin/../lib/gcc/arm-none-eabi/7.3.1/thumb/v7-m/crtend.o
 .bss           0x0000000000000000        0x0 c:/st/stm32cubeide_1.4.0/stm32cubeide/plugins/com.st.stm32cube.ide.mcu.externaltools.gnu-tools-for-stm32.7-2018-q2-update.win32_1.4.0.202007081208/tools/bin/../lib/gcc/arm-none-eabi/7.3.1/thumb/v7-m/crtend.o
 .eh_frame      0x0000000000000000        0x4 c:/st/stm32cubeide_1.4.0/stm32cubeide/plugins/com.st.stm32cube.ide.mcu.externaltools.gnu-tools-for-stm32.7-2018-q2-update.win32_1.4.0.202007081208/tools/bin/../lib/gcc/arm-none-eabi/7.3.1/thumb/v7-m/crtend.o
 .ARM.attributes
                0x0000000000000000       0x2d c:/st/stm32cubeide_1.4.0/stm32cubeide/plugins/com.st.stm32cube.ide.mcu.externaltools.gnu-tools-for-stm32.7-2018-q2-update.win32_1.4.0.202007081208/tools/bin/../lib/gcc/arm-none-eabi/7.3.1/thumb/v7-m/crtend.o
 .text          0x0000000000000000        0x0 c:/st/stm32cubeide_1.4.0/stm32cubeide/plugins/com.st.stm32cube.ide.mcu.externaltools.gnu-tools-for-stm32.7-2018-q2-update.win32_1.4.0.202007081208/tools/bin/../lib/gcc/arm-none-eabi/7.3.1/thumb/v7-m/crtn.o
 .data          0x0000000000000000        0x0 c:/st/stm32cubeide_1.4.0/stm32cubeide/plugins/com.st.stm32cube.ide.mcu.externaltools.gnu-tools-for-stm32.7-2018-q2-update.win32_1.4.0.202007081208/tools/bin/../lib/gcc/arm-none-eabi/7.3.1/thumb/v7-m/crtn.o
 .bss           0x0000000000000000        0x0 c:/st/stm32cubeide_1.4.0/stm32cubeide/plugins/com.st.stm32cube.ide.mcu.externaltools.gnu-tools-for-stm32.7-2018-q2-update.win32_1.4.0.202007081208/tools/bin/../lib/gcc/arm-none-eabi/7.3.1/thumb/v7-m/crtn.o

Memory Configuration

Name             Origin             Length             Attributes
RAM              0x0000000020000000 0x0000000000002800 xrw
FLASH            0x0000000008000000 0x0000000000008000 xr
*default*        0x0000000000000000 0xffffffffffffffff

Linker script and memory map

LOAD c:/st/stm32cubeide_1.4.0/stm32cubeide/plugins/com.st.stm32cube.ide.mcu.externaltools.gnu-tools-for-stm32.7-2018-q2-update.win32_1.4.0.202007081208/tools/bin/../lib/gcc/arm-none-eabi/7.3.1/thumb/v7-m/crti.o
LOAD c:/st/stm32cubeide_1.4.0/stm32cubeide/plugins/com.st.stm32cube.ide.mcu.externaltools.gnu-tools-for-stm32.7-2018-q2-update.win32_1.4.0.202007081208/tools/bin/../lib/gcc/arm-none-eabi/7.3.1/thumb/v7-m/crtbegin.o
LOAD c:/st/stm32cubeide_1.4.0/stm32cubeide/plugins/com.st.stm32cube.ide.mcu.externaltools.gnu-tools-for-stm32.7-2018-q2-update.win32_1.4.0.202007081208/tools/bin/../lib/gcc/arm-none-eabi/7.3.1/../../../../arm-none-eabi/lib/thumb/v7-m/crt0.o
LOAD STM32_F103C6_Drivers/EXTI_DRIVER/STM32_F103C6_EXTI_Driver.o
LOAD STM32_F103C6_Drivers/GPIO/STM32_F103C6_GPIO_Driver.o
LOAD STM32_F103C6_Drivers/KEYPAD_DRIVER/keypad.o
LOAD STM32_F103C6_Drivers/LCD_DRIVER/lcd.o
LOAD STM32_F103C6_Drivers/Seven_Segment/seven_seg.o
LOAD Src/main.o
LOAD Src/syscalls.o
LOAD Src/sysmem.o
LOAD Startup/startup_stm32f103c6tx.o
START GROUP
LOAD c:/st/stm32cubeide_1.4.0/stm32cubeide/plugins/com.st.stm32cube.ide.mcu.externaltools.gnu-tools-for-stm32.7-2018-q2-update.win32_1.4.0.202007081208/tools/bin/../lib/gcc/arm-none-eabi/7.3.1/../../../../arm-none-eabi/lib/thumb/v7-m\libc_nano.a
LOAD c:/st/stm32cubeide_1.4.0/stm32cubeide/plugins/com.st.stm32cube.ide.mcu.externaltools.gnu-tools-for-stm32.7-2018-q2-update.win32_1.4.0.202007081208/tools/bin/../lib/gcc/arm-none-eabi/7.3.1/../../../../arm-none-eabi/lib/thumb/v7-m\libm.a
END GROUP
START GROUP
LOAD c:/st/stm32cubeide_1.4.0/stm32cubeide/plugins/com.st.stm32cube.ide.mcu.externaltools.gnu-tools-for-stm32.7-2018-q2-update.win32_1.4.0.202007081208/tools/bin/../lib/gcc/arm-none-eabi/7.3.1/thumb/v7-m\libgcc.a
LOAD c:/st/stm32cubeide_1.4.0/stm32cubeide/plugins/com.st.stm32cube.ide.mcu.externaltools.gnu-tools-for-stm32.7-2018-q2-update.win32_1.4.0.202007081208/tools/bin/../lib/gcc/arm-none-eabi/7.3.1/../../../../arm-none-eabi/lib/thumb/v7-m\libg_nano.a
LOAD c:/st/stm32cubeide_1.4.0/stm32cubeide/plugins/com.st.stm32cube.ide.mcu.externaltools.gnu-tools-for-stm32.7-2018-q2-update.win32_1.4.0.202007081208/tools/bin/../lib/gcc/arm-none-eabi/7.3.1/../../../../arm-none-eabi/lib/thumb/v7-m\libc_nano.a
END GROUP
START GROUP
LOAD c:/st/stm32cubeide_1.4.0/stm32cubeide/plugins/com.st.stm32cube.ide.mcu.externaltools.gnu-tools-for-stm32.7-2018-q2-update.win32_1.4.0.202007081208/tools/bin/../lib/gcc/arm-none-eabi/7.3.1/thumb/v7-m\libgcc.a
LOAD c:/st/stm32cubeide_1.4.0/stm32cubeide/plugins/com.st.stm32cube.ide.mcu.externaltools.gnu-tools-for-stm32.7-2018-q2-update.win32_1.4.0.202007081208/tools/bin/../lib/gcc/arm-none-eabi/7.3.1/../../../../arm-none-eabi/lib/thumb/v7-m\libc_nano.a
LOAD c:/st/stm32cubeide_1.4.0/stm32cubeide/plugins/com.st.stm32cube.ide.mcu.externaltools.gnu-tools-for-stm32.7-2018-q2-update.win32_1.4.0.202007081208/tools/bin/../lib/gcc/arm-none-eabi/7.3.1/../../../../arm-none-eabi/lib/thumb/v7-m\libnosys.a
END GROUP
START GROUP
LOAD c:/st/stm32cubeide_1.4.0/stm32cubeide/plugins/com.st.stm32cube.ide.mcu.externaltools.gnu-tools-for-stm32.7-2018-q2-update.win32_1.4.0.202007081208/tools/bin/../lib/gcc/arm-none-eabi/7.3.1/thumb/v7-m\libgcc.a
LOAD c:/st/stm32cubeide_1.4.0/stm32cubeide/plugins/com.st.stm32cube.ide.mcu.externaltools.gnu-tools-for-stm32.7-2018-q2-update.win32_1.4.0.202007081208/tools/bin/../lib/gcc/arm-none-eabi/7.3.1/../../../../arm-none-eabi/lib/thumb/v7-m\libc_nano.a
LOAD c:/st/stm32cubeide_1.4.0/stm32cubeide/plugins/com.st.stm32cube.ide.mcu.externaltools.gnu-tools-for-stm32.7-2018-q2-update.win32_1.4.0.202007081208/tools/bin/../lib/gcc/arm-none-eabi/7.3.1/../../../../arm-none-eabi/lib/thumb/v7-m\libnosys.a
END GROUP
LOAD c:/st/stm32cubeide_1.4.0/stm32cubeide/plugins/com.st.stm32cube.ide.mcu.externaltools.gnu-tools-for-stm32.7-2018-q2-update.win32_1.4.0.202007081208/tools/bin/../lib/gcc/arm-none-eabi/7.3.1/thumb/v7-m/crtend.o
LOAD c:/st/stm32cubeide_1.4.0/stm32cubeide/plugins/com.st.stm32cube.ide.mcu.externaltools.gnu-tools-for-stm32.7-2018-q2-update.win32_1.4.0.202007081208/tools/bin/../lib/gcc/arm-none-eabi/7.3.1/thumb/v7-m/crtn.o
                0x0000000020002800                _estack = (ORIGIN (RAM) + LENGTH (RAM))
                0x0000000000000200                _Min_Heap_Size = 0x200
                0x0000000000000400                _Min_Stack_Size = 0x400

.isr_vector     0x0000000008000000      0x130
                0x0000000008000000                . = ALIGN (0x4)
 *(.isr_vector)
 .isr_vector    0x0000000008000000      0x130 Startup/startup_stm32f103c6tx.o
                0x0000000008000000                g_pfnVectors
                0x0000000008000130                . = ALIGN (0x4)

.text           0x0000000008000130      0xcfc
                0x0000000008000130                . = ALIGN (0x4)
 *(.text)
 .text          0x0000000008000130       0x40 c:/st/stm32cubeide_1.4.0/stm32cubeide/plugins/com.st.stm32cube.ide.mcu.externaltools.gnu-tools-for-stm32.7-2018-q2-update.win32_1.4.0.202007081208/tools/bin/../lib/gcc/arm-none-eabi/7.3.1/thumb/v7-m/crtbegin.o
 *(.text*)
 .text.Enable_NVIC
                0x0000000008000170       0xcc STM32_F103C6_Drivers/EXTI_DRIVER/STM32_F103C6_EXTI_Driver.o
                0x0000000008000170                Enable_NVIC
 .text.Disable_NVIC
                0x000000000800023c       0xcc STM32_F103C6_Drivers/EXTI_DRIVER/STM32_F103C6_EXTI_Driver.o
                0x000000000800023c                Disable_NVIC
 .text.Update_EXTI
                0x0000000008000308      0x1d8 STM32_F103C6_Drivers/EXTI_DRIVER/STM32_F103C6_EXTI_Driver.o
                0x0000000008000308                Update_EXTI
 .text.MCAL_EXTI_GPIO_Init
                0x00000000080004e0       0x16 STM32_F103C6_Drivers/EXTI_DRIVER/STM32_F103C6_EXTI_Driver.o
                0x00000000080004e0                MCAL_EXTI_GPIO_Init
 *fill*         0x00000000080004f6        0x2 
 .text.EXTI0_IRQHandler
                0x00000000080004f8       0x24 STM32_F103C6_Drivers/EXTI_DRIVER/STM32_F103C6_EXTI_Driver.o
                0x00000000080004f8                EXTI0_IRQHandler
 .text.EXTI1_IRQHandler
                0x000000000800051c       0x24 STM32_F103C6_Drivers/EXTI_DRIVER/STM32_F103C6_EXTI_Driver.o
                0x000000000800051c                EXTI1_IRQHandler
 .text.EXTI2_IRQHandler
                0x0000000008000540       0x24 STM32_F103C6_Drivers/EXTI_DRIVER/STM32_F103C6_EXTI_Driver.o
                0x0000000008000540                EXTI2_IRQHandler
 .text.EXTI3_IRQHandler
                0x0000000008000564       0x24 STM32_F103C6_Drivers/EXTI_DRIVER/STM32_F103C6_EXTI_Driver.o
                0x0000000008000564                EXTI3_IRQHandler
 .text.EXTI4_IRQHandler
                0x0000000008000588       0x24 STM32_F103C6_Drivers/EXTI_DRIVER/STM32_F103C6_EXTI_Driver.o
                0x0000000008000588                EXTI4_IRQHandler
 .text.EXTI9_5_IRQHandler
                0x00000000080005ac       0xa8 STM32_F103C6_Drivers/EXTI_DRIVER/STM32_F103C6_EXTI_Driver.o
                0x00000000080005ac                EXTI9_5_IRQHandler
 .text.EXTI15_10_IRQHandler
                0x0000000008000654       0xc4 STM32_F103C6_Drivers/EXTI_DRIVER/STM32_F103C6_EXTI_Driver.o
                0x0000000008000654                EXTI15_10_IRQHandler
 .text.Get_CRLH_Position
                0x0000000008000718       0xc6 STM32_F103C6_Drivers/GPIO/STM32_F103C6_GPIO_Driver.o
                0x0000000008000718                Get_CRLH_Position
 .text.MCAL_GPIO_Init
                0x00000000080007de      0x11a STM32_F103C6_Drivers/GPIO/STM32_F103C6_GPIO_Driver.o
                0x00000000080007de                MCAL_GPIO_Init
 .text.MCAL_GPIO_WritePort
                0x00000000080008f8       0x1c STM32_F103C6_Drivers/GPIO/STM32_F103C6_GPIO_Driver.o
                0x00000000080008f8                MCAL_GPIO_WritePort
 .text.MCAL_GPIO_WritePin
                0x0000000008000914       0x2e STM32_F103C6_Drivers/GPIO/STM32_F103C6_GPIO_Driver.o
                0x0000000008000914                MCAL_GPIO_WritePin
 .text.my_wait  0x0000000008000942       0x38 STM32_F103C6_Drivers/LCD_DRIVER/lcd.o
                0x0000000008000942                my_wait
 *fill*         0x000000000800097a        0x2 
 .text.LCD_init
                0x000000000800097c      0x180 STM32_F103C6_Drivers/LCD_DRIVER/lcd.o
                0x000000000800097c                LCD_init
 .text.LCD_GOTO_XY
                0x0000000008000afc       0x52 STM32_F103C6_Drivers/LCD_DRIVER/lcd.o
                0x0000000008000afc                LCD_GOTO_XY
 *fill*         0x0000000008000b4e        0x2 
 .text.LCD_Command
                0x0000000008000b50       0x44 STM32_F103C6_Drivers/LCD_DRIVER/lcd.o
                0x0000000008000b50                LCD_Command
 .text.LCD_Clear_Screen
                0x0000000008000b94        0xe STM32_F103C6_Drivers/LCD_DRIVER/lcd.o
                0x0000000008000b94                LCD_Clear_Screen
 *fill*         0x0000000008000ba2        0x2 
 .text.LCD_kick
                0x0000000008000ba4       0x2c STM32_F103C6_Drivers/LCD_DRIVER/lcd.o
                0x0000000008000ba4                LCD_kick
 .text.LCD_WriteChar
                0x0000000008000bd0       0x44 STM32_F103C6_Drivers/LCD_DRIVER/lcd.o
                0x0000000008000bd0                LCD_WriteChar
 .text.LCD_WriteString
                0x0000000008000c14       0x58 STM32_F103C6_Drivers/LCD_DRIVER/lcd.o
                0x0000000008000c14                LCD_WriteString
 .text.wait     0x0000000008000c6c       0x38 Src/main.o
                0x0000000008000c6c                wait
 .text.clock_init
                0x0000000008000ca4       0x34 Src/main.o
                0x0000000008000ca4                clock_init
 .text.EXTI9_Callback
                0x0000000008000cd8       0x28 Src/main.o
                0x0000000008000cd8                EXTI9_Callback
 .text.main     0x0000000008000d00       0x78 Src/main.o
                0x0000000008000d00                main
 .text.Reset_Handler
                0x0000000008000d78       0x50 Startup/startup_stm32f103c6tx.o
                0x0000000008000d78                Reset_Handler
 .text.Default_Handler
                0x0000000008000dc8        0x2 Startup/startup_stm32f103c6tx.o
                0x0000000008000dc8                TIM8_TRG_COM_IRQHandler
                0x0000000008000dc8                TIM8_CC_IRQHandler
                0x0000000008000dc8                DebugMon_Handler
                0x0000000008000dc8                TIM1_CC_IRQHandler
                0x0000000008000dc8                HardFault_Handler
                0x0000000008000dc8                TIM6_IRQHandler
                0x0000000008000dc8                SysTick_Handler
                0x0000000008000dc8                PVD_IRQHandler
                0x0000000008000dc8                SDIO_IRQHandler
                0x0000000008000dc8                PendSV_Handler
                0x0000000008000dc8                NMI_Handler
                0x0000000008000dc8                USB_HP_CAN_TX_IRQHandler
                0x0000000008000dc8                I2C2_EV_IRQHandler
                0x0000000008000dc8                UsageFault_Handler
                0x0000000008000dc8                ADC1_2_IRQHandler
                0x0000000008000dc8                SPI1_IRQHandler
                0x0000000008000dc8                CAN_SCE_IRQHandler
                0x0000000008000dc8                TAMPER_IRQHandler
                0x0000000008000dc8                TIM8_UP_IRQHandler
                0x0000000008000dc8                DMA2_Channel2_IRQHandler
                0x0000000008000dc8                DMA1_Channel4_IRQHandler
                0x0000000008000dc8                USART3_IRQHandler
                0x0000000008000dc8                RTC_IRQHandler
                0x0000000008000dc8                DMA1_Channel7_IRQHandler
                0x0000000008000dc8                UART5_IRQHandler
                0x0000000008000dc8                ADC3_IRQHandler
                0x0000000008000dc8                TIM4_IRQHandler
                0x0000000008000dc8                CAN_RX1_IRQHandler
                0x0000000008000dc8                DMA2_Channel1_IRQHandler
                0x0000000008000dc8                I2C1_EV_IRQHandler
                0x0000000008000dc8                DMA1_Channel6_IRQHandler
                0x0000000008000dc8                UART4_IRQHandler
                0x0000000008000dc8                TIM3_IRQHandler
                0x0000000008000dc8                RCC_IRQHandler
                0x0000000008000dc8                TIM1_TRG_COM_IRQHandler
                0x0000000008000dc8                DMA1_Channel1_IRQHandler
                0x0000000008000dc8                Default_Handler
                0x0000000008000dc8                TIM7_IRQHandler
                0x0000000008000dc8                TIM5_IRQHandler
                0x0000000008000dc8                SPI2_IRQHandler
                0x0000000008000dc8                USB_LP_CAN_RX0_IRQHandler
                0x0000000008000dc8                MemManage_Handler
                0x0000000008000dc8                SVC_Handler
                0x0000000008000dc8                DMA1_Channel5_IRQHandler
                0x0000000008000dc8                DMA1_Channel3_IRQHandler
                0x0000000008000dc8                FSMC_IRQHandler
                0x0000000008000dc8                TIM1_UP_IRQHandler
                0x0000000008000dc8                WWDG_IRQHandler
                0x0000000008000dc8                TIM2_IRQHandler
                0x0000000008000dc8                TIM1_BRK_IRQHandler
                0x0000000008000dc8                RTCAlarm_IRQHandler
                0x0000000008000dc8                DMA2_Channel4_5_IRQHandler
                0x0000000008000dc8                USART2_IRQHandler
                0x0000000008000dc8                I2C2_ER_IRQHandler
                0x0000000008000dc8                DMA1_Channel2_IRQHandler
                0x0000000008000dc8                TIM8_BRK_IRQHandler
                0x0000000008000dc8                FLASH_IRQHandler
                0x0000000008000dc8                BusFault_Handler
                0x0000000008000dc8                USART1_IRQHandler
                0x0000000008000dc8                SPI3_IRQHandler
                0x0000000008000dc8                I2C1_ER_IRQHandler
                0x0000000008000dc8                DMA2_Channel3_IRQHandler
 *fill*         0x0000000008000dca        0x2 
 .text.__libc_init_array
                0x0000000008000dcc       0x48 c:/st/stm32cubeide_1.4.0/stm32cubeide/plugins/com.st.stm32cube.ide.mcu.externaltools.gnu-tools-for-stm32.7-2018-q2-update.win32_1.4.0.202007081208/tools/bin/../lib/gcc/arm-none-eabi/7.3.1/../../../../arm-none-eabi/lib/thumb/v7-m\libc_nano.a(lib_a-init.o)
                0x0000000008000dcc                __libc_init_array
 *(.glue_7)
 .glue_7        0x0000000008000e14        0x0 linker stubs
 *(.glue_7t)
 .glue_7t       0x0000000008000e14        0x0 linker stubs
 *(.eh_frame)
 .eh_frame      0x0000000008000e14        0x0 c:/st/stm32cubeide_1.4.0/stm32cubeide/plugins/com.st.stm32cube.ide.mcu.externaltools.gnu-tools-for-stm32.7-2018-q2-update.win32_1.4.0.202007081208/tools/bin/../lib/gcc/arm-none-eabi/7.3.1/thumb/v7-m/crtbegin.o
 *(.init)
 .init          0x0000000008000e14        0x4 c:/st/stm32cubeide_1.4.0/stm32cubeide/plugins/com.st.stm32cube.ide.mcu.externaltools.gnu-tools-for-stm32.7-2018-q2-update.win32_1.4.0.202007081208/tools/bin/../lib/gcc/arm-none-eabi/7.3.1/thumb/v7-m/crti.o
                0x0000000008000e14                _init
 .init          0x0000000008000e18        0x8 c:/st/stm32cubeide_1.4.0/stm32cubeide/plugins/com.st.stm32cube.ide.mcu.externaltools.gnu-tools-for-stm32.7-2018-q2-update.win32_1.4.0.202007081208/tools/bin/../lib/gcc/arm-none-eabi/7.3.1/thumb/v7-m/crtn.o
 *(.fini)
 .fini          0x0000000008000e20        0x4 c:/st/stm32cubeide_1.4.0/stm32cubeide/plugins/com.st.stm32cube.ide.mcu.externaltools.gnu-tools-for-stm32.7-2018-q2-update.win32_1.4.0.202007081208/tools/bin/../lib/gcc/arm-none-eabi/7.3.1/thumb/v7-m/crti.o
                0x0000000008000e20                _fini
 .fini          0x0000000008000e24        0x8 c:/st/stm32cubeide_1.4.0/stm32cubeide/plugins/com.st.stm32cube.ide.mcu.externaltools.gnu-tools-for-stm32.7-2018-q2-update.win32_1.4.0.202007081208/tools/bin/../lib/gcc/arm-none-eabi/7.3.1/thumb/v7-m/crtn.o
                0x0000000008000e2c                . = ALIGN (0x4)
                0x0000000008000e2c                _etext = .

.vfp11_veneer   0x0000000008000e2c        0x0
 .vfp11_veneer  0x0000000008000e2c        0x0 linker stubs

.v4_bx          0x0000000008000e2c        0x0
 .v4_bx         0x0000000008000e2c        0x0 linker stubs

.iplt           0x0000000008000e2c        0x0
 .iplt          0x0000000008000e2c        0x0 c:/st/stm32cubeide_1.4.0/stm32cubeide/plugins/com.st.stm32cube.ide.mcu.externaltools.gnu-tools-for-stm32.7-2018-q2-update.win32_1.4.0.202007081208/tools/bin/../lib/gcc/arm-none-eabi/7.3.1/thumb/v7-m/crtbegin.o

.rodata         0x0000000008000e2c       0x5c
                0x0000000008000e2c                . = ALIGN (0x4)
 *(.rodata)
 .rodata        0x0000000008000e2c       0x5c Src/main.o
 *(.rodata*)
                0x0000000008000e88                . = ALIGN (0x4)

.rel.dyn        0x0000000008000e88        0x0
 .rel.iplt      0x0000000008000e88        0x0 c:/st/stm32cubeide_1.4.0/stm32cubeide/plugins/com.st.stm32cube.ide.mcu.externaltools.gnu-tools-for-stm32.7-2018-q2-update.win32_1.4.0.202007081208/tools/bin/../lib/gcc/arm-none-eabi/7.3.1/thumb/v7-m/crtbegin.o

.ARM.extab      0x0000000008000e88        0x0
                0x0000000008000e88                . = ALIGN (0x4)
 *(.ARM.extab* .gnu.linkonce.armextab.*)
                0x0000000008000e88                . = ALIGN (0x4)

.ARM            0x0000000008000e88        0x0
                0x0000000008000e88                . = ALIGN (0x4)
                0x0000000008000e88                __exidx_start = .
 *(.ARM.exidx*)
                0x0000000008000e88                __exidx_end = .
                0x0000000008000e88                . = ALIGN (0x4)

.preinit_array  0x0000000008000e88        0x0
                0x0000000008000e88                . = ALIGN (0x4)
                0x0000000008000e88                PROVIDE (__preinit_array_start = .)
 *(.preinit_array*)
                0x0000000008000e88                PROVIDE (__preinit_array_end = .)
                0x0000000008000e88                . = ALIGN (0x4)

.init_array     0x0000000008000e88        0x4
                0x0000000008000e88                . = ALIGN (0x4)
                0x0000000008000e88                PROVIDE (__init_array_start = .)
 *(SORT_BY_NAME(.init_array.*))
 *(.init_array*)
 .init_array    0x0000000008000e88        0x4 c:/st/stm32cubeide_1.4.0/stm32cubeide/plugins/com.st.stm32cube.ide.mcu.externaltools.gnu-tools-for-stm32.7-2018-q2-update.win32_1.4.0.202007081208/tools/bin/../lib/gcc/arm-none-eabi/7.3.1/thumb/v7-m/crtbegin.o
                0x0000000008000e8c                PROVIDE (__init_array_end = .)
                0x0000000008000e8c                . = ALIGN (0x4)

.fini_array     0x0000000008000e8c        0x4
                0x0000000008000e8c                . = ALIGN (0x4)
                [!provide]                        PROVIDE (__fini_array_start = .)
 *(SORT_BY_NAME(.fini_array.*))
 *(.fini_array*)
 .fini_array    0x0000000008000e8c        0x4 c:/st/stm32cubeide_1.4.0/stm32cubeide/plugins/com.st.stm32cube.ide.mcu.externaltools.gnu-tools-for-stm32.7-2018-q2-update.win32_1.4.0.202007081208/tools/bin/../lib/gcc/arm-none-eabi/7.3.1/thumb/v7-m/crtbegin.o
                [!provide]                        PROVIDE (__fini_array_end = .)
                0x0000000008000e90                . = ALIGN (0x4)
                0x0000000008000e90                _sidata = LOADADDR (.data)

.data           0x0000000020000000        0x0 load address 0x0000000008000e90
                0x0000000020000000                . = ALIGN (0x4)
                0x0000000020000000                _sdata = .
 *(.data)
 *(.data*)
 *(.RamFunc)
 *(.RamFunc*)
                0x0000000020000000                . = ALIGN (0x4)
                0x0000000020000000                _edata = .

.igot.plt       0x0000000020000000        0x0 load address 0x0000000008000e90
 .igot.plt      0x0000000020000000        0x0 c:/st/stm32cubeide_1.4.0/stm32cubeide/plugins/com.st.stm32cube.ide.mcu.externaltools.gnu-tools-for-stm32.7-2018-q2-update.win32_1.4.0.202007081208/tools/bin/../lib/gcc/arm-none-eabi/7.3.1/thumb/v7-m/crtbegin.o
                0x0000000020000000                . = ALIGN (0x4)

.bss            0x0000000020000000       0x60 load address 0x0000000008000e90
                0x0000000020000000                _sbss = .
                0x0000000020000000                __bss_start__ = _sbss
 *(.bss)
 .bss           0x0000000020000000       0x1c c:/st/stm32cubeide_1.4.0/stm32cubeide/plugins/com.st.stm32cube.ide.mcu.externaltools.gnu-tools-for-stm32.7-2018-q2-update.win32_1.4.0.202007081208/tools/bin/../lib/gcc/arm-none-eabi/7.3.1/thumb/v7-m/crtbegin.o
 *(.bss*)
 .bss.IRQ_Flag  0x000000002000001c        0x1 Src/main.o
                0x000000002000001c                IRQ_Flag
 *(COMMON)
 *fill*         0x000000002000001d        0x3 
 COMMON         0x0000000020000020       0x3c STM32_F103C6_Drivers/EXTI_DRIVER/STM32_F103C6_EXTI_Driver.o
                0x0000000020000020                GP_IRQ_CallBack
 COMMON         0x000000002000005c        0x4 STM32_F103C6_Drivers/LCD_DRIVER/lcd.o
                0x000000002000005c                PinCfg
                0x0000000020000060                . = ALIGN (0x4)
                0x0000000020000060                _ebss = .
                0x0000000020000060                __bss_end__ = _ebss

._user_heap_stack
                0x0000000020000060      0x600 load address 0x0000000008000e90
                0x0000000020000060                . = ALIGN (0x8)
                [!provide]                        PROVIDE (end = .)
                0x0000000020000060                PROVIDE (_end = .)
                0x0000000020000260                . = (. + _Min_Heap_Size)
 *fill*         0x0000000020000060      0x200 
                0x0000000020000660                . = (. + _Min_Stack_Size)
 *fill*         0x0000000020000260      0x400 
                0x0000000020000660                . = ALIGN (0x8)

/DISCARD/
 libc.a(*)
 libm.a(*)
 libgcc.a(*)

.ARM.attributes
                0x0000000000000000       0x29
 *(.ARM.attributes)
 .ARM.attributes
                0x0000000000000000       0x1d c:/st/stm32cubeide_1.4.0/stm32cubeide/plugins/com.st.stm32cube.ide.mcu.externaltools.gnu-tools-for-stm32.7-2018-q2-update.win32_1.4.0.202007081208/tools/bin/../lib/gcc/arm-none-eabi/7.3.1/thumb/v7-m/crti.o
 .ARM.attributes
                0x000000000000001d       0x2d c:/st/stm32cubeide_1.4.0/stm32cubeide/plugins/com.st.stm32cube.ide.mcu.externaltools.gnu-tools-for-stm32.7-2018-q2-update.win32_1.4.0.202007081208/tools/bin/../lib/gcc/arm-none-eabi/7.3.1/thumb/v7-m/crtbegin.o
 .ARM.attributes
                0x000000000000004a       0x33 STM32_F103C6_Drivers/EXTI_DRIVER/STM32_F103C6_EXTI_Driver.o
 .ARM.attributes
                0x000000000000007d       0x33 STM32_F103C6_Drivers/GPIO/STM32_F103C6_GPIO_Driver.o
 .ARM.attributes
                0x00000000000000b0       0x33 STM32_F103C6_Drivers/LCD_DRIVER/lcd.o
 .ARM.attributes
                0x00000000000000e3       0x33 Src/main.o
 .ARM.attributes
                0x0000000000000116       0x21 Startup/startup_stm32f103c6tx.o
 .ARM.attributes
                0x0000000000000137       0x2d c:/st/stm32cubeide_1.4.0/stm32cubeide/plugins/com.st.stm32cube.ide.mcu.externaltools.gnu-tools-for-stm32.7-2018-q2-update.win32_1.4.0.202007081208/tools/bin/../lib/gcc/arm-none-eabi/7.3.1/../../../../arm-none-eabi/lib/thumb/v7-m\libc_nano.a(lib_a-init.o)
 .ARM.attributes
                0x0000000000000164       0x1d c:/st/stm32cubeide_1.4.0/stm32cubeide/plugins/com.st.stm32cube.ide.mcu.externaltools.gnu-tools-for-stm32.7-2018-q2-update.win32_1.4.0.202007081208/tools/bin/../lib/gcc/arm-none-eabi/7.3.1/thumb/v7-m/crtn.o
OUTPUT(unit7_lesson4_lab1.elf elf32-littlearm)

.debug_info     0x0000000000000000     0x336f
 .debug_info    0x0000000000000000      0xdc2 STM32_F103C6_Drivers/EXTI_DRIVER/STM32_F103C6_EXTI_Driver.o
 .debug_info    0x0000000000000dc2      0xd61 STM32_F103C6_Drivers/GPIO/STM32_F103C6_GPIO_Driver.o
 .debug_info    0x0000000000001b23      0xbf4 STM32_F103C6_Drivers/LCD_DRIVER/lcd.o
 .debug_info    0x0000000000002717      0xc36 Src/main.o
 .debug_info    0x000000000000334d       0x22 Startup/startup_stm32f103c6tx.o

.debug_abbrev   0x0000000000000000      0x86b
 .debug_abbrev  0x0000000000000000      0x239 STM32_F103C6_Drivers/EXTI_DRIVER/STM32_F103C6_EXTI_Driver.o
 .debug_abbrev  0x0000000000000239      0x241 STM32_F103C6_Drivers/GPIO/STM32_F103C6_GPIO_Driver.o
 .debug_abbrev  0x000000000000047a      0x1ed STM32_F103C6_Drivers/LCD_DRIVER/lcd.o
 .debug_abbrev  0x0000000000000667      0x1f2 Src/main.o
 .debug_abbrev  0x0000000000000859       0x12 Startup/startup_stm32f103c6tx.o

.debug_loc      0x0000000000000000      0x9cc
 .debug_loc     0x0000000000000000      0x320 STM32_F103C6_Drivers/EXTI_DRIVER/STM32_F103C6_EXTI_Driver.o
 .debug_loc     0x0000000000000320      0x330 STM32_F103C6_Drivers/GPIO/STM32_F103C6_GPIO_Driver.o
 .debug_loc     0x0000000000000650      0x278 STM32_F103C6_Drivers/LCD_DRIVER/lcd.o
 .debug_loc     0x00000000000008c8      0x104 Src/main.o

.debug_aranges  0x0000000000000000      0x1a8
 .debug_aranges
                0x0000000000000000       0x80 STM32_F103C6_Drivers/EXTI_DRIVER/STM32_F103C6_EXTI_Driver.o
 .debug_aranges
                0x0000000000000080       0x60 STM32_F103C6_Drivers/GPIO/STM32_F103C6_GPIO_Driver.o
 .debug_aranges
                0x00000000000000e0       0x68 STM32_F103C6_Drivers/LCD_DRIVER/lcd.o
 .debug_aranges
                0x0000000000000148       0x38 Src/main.o
 .debug_aranges
                0x0000000000000180       0x28 Startup/startup_stm32f103c6tx.o

.debug_ranges   0x0000000000000000      0x160
 .debug_ranges  0x0000000000000000       0x70 STM32_F103C6_Drivers/EXTI_DRIVER/STM32_F103C6_EXTI_Driver.o
 .debug_ranges  0x0000000000000070       0x50 STM32_F103C6_Drivers/GPIO/STM32_F103C6_GPIO_Driver.o
 .debug_ranges  0x00000000000000c0       0x58 STM32_F103C6_Drivers/LCD_DRIVER/lcd.o
 .debug_ranges  0x0000000000000118       0x28 Src/main.o
 .debug_ranges  0x0000000000000140       0x20 Startup/startup_stm32f103c6tx.o

.debug_macro    0x0000000000000000     0x22a9
 .debug_macro   0x0000000000000000      0x162 STM32_F103C6_Drivers/EXTI_DRIVER/STM32_F103C6_EXTI_Driver.o
 .debug_macro   0x0000000000000162      0xa60 STM32_F103C6_Drivers/EXTI_DRIVER/STM32_F103C6_EXTI_Driver.o
 .debug_macro   0x0000000000000bc2       0x22 STM32_F103C6_Drivers/EXTI_DRIVER/STM32_F103C6_EXTI_Driver.o
 .debug_macro   0x0000000000000be4       0x8e STM32_F103C6_Drivers/EXTI_DRIVER/STM32_F103C6_EXTI_Driver.o
 .debug_macro   0x0000000000000c72       0x51 STM32_F103C6_Drivers/EXTI_DRIVER/STM32_F103C6_EXTI_Driver.o
 .debug_macro   0x0000000000000cc3       0xef STM32_F103C6_Drivers/EXTI_DRIVER/STM32_F103C6_EXTI_Driver.o
 .debug_macro   0x0000000000000db2       0x6a STM32_F103C6_Drivers/EXTI_DRIVER/STM32_F103C6_EXTI_Driver.o
 .debug_macro   0x0000000000000e1c      0x1df STM32_F103C6_Drivers/EXTI_DRIVER/STM32_F103C6_EXTI_Driver.o
 .debug_macro   0x0000000000000ffb       0x18 STM32_F103C6_Drivers/EXTI_DRIVER/STM32_F103C6_EXTI_Driver.o
 .debug_macro   0x0000000000001013       0x46 STM32_F103C6_Drivers/EXTI_DRIVER/STM32_F103C6_EXTI_Driver.o
 .debug_macro   0x0000000000001059       0x3c STM32_F103C6_Drivers/EXTI_DRIVER/STM32_F103C6_EXTI_Driver.o
 .debug_macro   0x0000000000001095       0x34 STM32_F103C6_Drivers/EXTI_DRIVER/STM32_F103C6_EXTI_Driver.o
 .debug_macro   0x00000000000010c9       0x16 STM32_F103C6_Drivers/EXTI_DRIVER/STM32_F103C6_EXTI_Driver.o
 .debug_macro   0x00000000000010df      0x10e STM32_F103C6_Drivers/EXTI_DRIVER/STM32_F103C6_EXTI_Driver.o
 .debug_macro   0x00000000000011ed       0x8d STM32_F103C6_Drivers/EXTI_DRIVER/STM32_F103C6_EXTI_Driver.o
 .debug_macro   0x000000000000127a       0x52 STM32_F103C6_Drivers/EXTI_DRIVER/STM32_F103C6_EXTI_Driver.o
 .debug_macro   0x00000000000012cc       0x1f STM32_F103C6_Drivers/EXTI_DRIVER/STM32_F103C6_EXTI_Driver.o
 .debug_macro   0x00000000000012eb       0x43 STM32_F103C6_Drivers/EXTI_DRIVER/STM32_F103C6_EXTI_Driver.o
 .debug_macro   0x000000000000132e       0x20 STM32_F103C6_Drivers/EXTI_DRIVER/STM32_F103C6_EXTI_Driver.o
 .debug_macro   0x000000000000134e      0x1a3 STM32_F103C6_Drivers/EXTI_DRIVER/STM32_F103C6_EXTI_Driver.o
 .debug_macro   0x00000000000014f1      0x330 STM32_F103C6_Drivers/EXTI_DRIVER/STM32_F103C6_EXTI_Driver.o
 .debug_macro   0x0000000000001821       0x16 STM32_F103C6_Drivers/EXTI_DRIVER/STM32_F103C6_EXTI_Driver.o
 .debug_macro   0x0000000000001837       0x29 STM32_F103C6_Drivers/EXTI_DRIVER/STM32_F103C6_EXTI_Driver.o
 .debug_macro   0x0000000000001860      0x1b0 STM32_F103C6_Drivers/EXTI_DRIVER/STM32_F103C6_EXTI_Driver.o
 .debug_macro   0x0000000000001a10       0xd0 STM32_F103C6_Drivers/EXTI_DRIVER/STM32_F103C6_EXTI_Driver.o
 .debug_macro   0x0000000000001ae0      0x225 STM32_F103C6_Drivers/EXTI_DRIVER/STM32_F103C6_EXTI_Driver.o
 .debug_macro   0x0000000000001d05      0x149 STM32_F103C6_Drivers/GPIO/STM32_F103C6_GPIO_Driver.o
 .debug_macro   0x0000000000001e4e      0x158 STM32_F103C6_Drivers/LCD_DRIVER/lcd.o
 .debug_macro   0x0000000000001fa6       0xa0 STM32_F103C6_Drivers/LCD_DRIVER/lcd.o
 .debug_macro   0x0000000000002046      0x177 Src/main.o
 .debug_macro   0x00000000000021bd       0xa6 Src/main.o
 .debug_macro   0x0000000000002263       0x46 Src/main.o

.debug_line     0x0000000000000000     0x1c51
 .debug_line    0x0000000000000000      0x754 STM32_F103C6_Drivers/EXTI_DRIVER/STM32_F103C6_EXTI_Driver.o
 .debug_line    0x0000000000000754      0x69d STM32_F103C6_Drivers/GPIO/STM32_F103C6_GPIO_Driver.o
 .debug_line    0x0000000000000df1      0x6bd STM32_F103C6_Drivers/LCD_DRIVER/lcd.o
 .debug_line    0x00000000000014ae      0x71f Src/main.o
 .debug_line    0x0000000000001bcd       0x84 Startup/startup_stm32f103c6tx.o

.debug_str      0x0000000000000000     0x9631
 .debug_str     0x0000000000000000     0x8fc8 STM32_F103C6_Drivers/EXTI_DRIVER/STM32_F103C6_EXTI_Driver.o
                                       0x9238 (size before relaxing)
 .debug_str     0x0000000000008fc8      0x193 STM32_F103C6_Drivers/GPIO/STM32_F103C6_GPIO_Driver.o
                                       0x7dac (size before relaxing)
 .debug_str     0x000000000000915b      0x341 STM32_F103C6_Drivers/LCD_DRIVER/lcd.o
                                       0x7f5c (size before relaxing)
 .debug_str     0x000000000000949c      0x164 Src/main.o
                                       0x9405 (size before relaxing)
 .debug_str     0x0000000000009600       0x31 Startup/startup_stm32f103c6tx.o
                                         0x76 (size before relaxing)

.comment        0x0000000000000000       0x7b
 .comment       0x0000000000000000       0x7b STM32_F103C6_Drivers/EXTI_DRIVER/STM32_F103C6_EXTI_Driver.o
                                         0x7c (size before relaxing)
 .comment       0x000000000000007b       0x7c STM32_F103C6_Drivers/GPIO/STM32_F103C6_GPIO_Driver.o
 .comment       0x000000000000007b       0x7c STM32_F103C6_Drivers/LCD_DRIVER/lcd.o
 .comment       0x000000000000007b       0x7c Src/main.o

.debug_frame    0x0000000000000000      0x53c
 .debug_frame   0x0000000000000000      0x1b0 STM32_F103C6_Drivers/EXTI_DRIVER/STM32_F103C6_EXTI_Driver.o
 .debug_frame   0x00000000000001b0      0x178 STM32_F103C6_Drivers/GPIO/STM32_F103C6_GPIO_Driver.o
 .debug_frame   0x0000000000000328      0x154 STM32_F103C6_Drivers/LCD_DRIVER/lcd.o
 .debug_frame   0x000000000000047c       0x94 Src/main.o
 .debug_frame   0x0000000000000510       0x2c c:/st/stm32cubeide_1.4.0/stm32cubeide/plugins/com.st.stm32cube.ide.mcu.externaltools.gnu-tools-for-stm32.7-2018-q2-update.win32_1.4.0.202007081208/tools/bin/../lib/gcc/arm-none-eabi/7.3.1/../../../../arm-none-eabi/lib/thumb/v7-m\libc_nano.a(lib_a-init.o)
