STM32_F103C6_USART_Driver.c:45:6:MCAL_UART_Init	24	static
STM32_F103C6_USART_Driver.c:128:6:MCAL_UART_DeInit	16	static
STM32_F103C6_USART_Driver.c:173:6:MCAL_UART_SendData	24	static
STM32_F103C6_USART_Driver.c:207:6:MCAL_UART_WAIT_TC	16	static
STM32_F103C6_USART_Driver.c:215:6:MCAL_UART_ReceiveData	24	static
STM32_F103C6_USART_Driver.c:261:6:MCAL_UART_GPIO_Set_Pins	24	static
STM32_F103C6_USART_Driver.c:378:6:USART1_IRQHandler	8	static
STM32_F103C6_USART_Driver.c:385:6:USART2_IRQHandler	8	static
STM32_F103C6_USART_Driver.c:390:6:USART3_IRQHandler	8	static
