Archive member included to satisfy reference by file (symbol)

c:/st/stm32cubeide_1.4.0/stm32cubeide/plugins/com.st.stm32cube.ide.mcu.externaltools.gnu-tools-for-stm32.7-2018-q2-update.win32_1.4.0.202007081208/tools/bin/../lib/gcc/arm-none-eabi/7.3.1/../../../../arm-none-eabi/lib/thumb/v7-m\libc_nano.a(lib_a-errno.o)
                              Src/syscalls.o (__errno)
c:/st/stm32cubeide_1.4.0/stm32cubeide/plugins/com.st.stm32cube.ide.mcu.externaltools.gnu-tools-for-stm32.7-2018-q2-update.win32_1.4.0.202007081208/tools/bin/../lib/gcc/arm-none-eabi/7.3.1/../../../../arm-none-eabi/lib/thumb/v7-m\libc_nano.a(lib_a-exit.o)
                              c:/st/stm32cubeide_1.4.0/stm32cubeide/plugins/com.st.stm32cube.ide.mcu.externaltools.gnu-tools-for-stm32.7-2018-q2-update.win32_1.4.0.202007081208/tools/bin/../lib/gcc/arm-none-eabi/7.3.1/../../../../arm-none-eabi/lib/thumb/v7-m/crt0.o (exit)
c:/st/stm32cubeide_1.4.0/stm32cubeide/plugins/com.st.stm32cube.ide.mcu.externaltools.gnu-tools-for-stm32.7-2018-q2-update.win32_1.4.0.202007081208/tools/bin/../lib/gcc/arm-none-eabi/7.3.1/../../../../arm-none-eabi/lib/thumb/v7-m\libc_nano.a(lib_a-impure.o)
                              c:/st/stm32cubeide_1.4.0/stm32cubeide/plugins/com.st.stm32cube.ide.mcu.externaltools.gnu-tools-for-stm32.7-2018-q2-update.win32_1.4.0.202007081208/tools/bin/../lib/gcc/arm-none-eabi/7.3.1/../../../../arm-none-eabi/lib/thumb/v7-m\libc_nano.a(lib_a-exit.o) (_global_impure_ptr)
c:/st/stm32cubeide_1.4.0/stm32cubeide/plugins/com.st.stm32cube.ide.mcu.externaltools.gnu-tools-for-stm32.7-2018-q2-update.win32_1.4.0.202007081208/tools/bin/../lib/gcc/arm-none-eabi/7.3.1/../../../../arm-none-eabi/lib/thumb/v7-m\libc_nano.a(lib_a-init.o)
                              c:/st/stm32cubeide_1.4.0/stm32cubeide/plugins/com.st.stm32cube.ide.mcu.externaltools.gnu-tools-for-stm32.7-2018-q2-update.win32_1.4.0.202007081208/tools/bin/../lib/gcc/arm-none-eabi/7.3.1/../../../../arm-none-eabi/lib/thumb/v7-m/crt0.o (__libc_init_array)
c:/st/stm32cubeide_1.4.0/stm32cubeide/plugins/com.st.stm32cube.ide.mcu.externaltools.gnu-tools-for-stm32.7-2018-q2-update.win32_1.4.0.202007081208/tools/bin/../lib/gcc/arm-none-eabi/7.3.1/../../../../arm-none-eabi/lib/thumb/v7-m\libc_nano.a(lib_a-memset.o)
                              c:/st/stm32cubeide_1.4.0/stm32cubeide/plugins/com.st.stm32cube.ide.mcu.externaltools.gnu-tools-for-stm32.7-2018-q2-update.win32_1.4.0.202007081208/tools/bin/../lib/gcc/arm-none-eabi/7.3.1/../../../../arm-none-eabi/lib/thumb/v7-m/crt0.o (memset)

Allocating common symbols
Common symbol       size              file

Global_SPI_Config2  0x18              STM32_F103C6_Drivers/SPI_DRIVER/STM32_F103C6_SPI_Driver.o
PinCnfg             0x4               HAL/KEYPAD_DRIVER/keypad.o
LCDPinCfg           0x4               HAL/LCD_DRIVER/lcd.o
Global_SPI_Config1  0x18              STM32_F103C6_Drivers/SPI_DRIVER/STM32_F103C6_SPI_Driver.o
ch                  0x1               Src/main.o
GP_IRQ_CallBack     0x3c              STM32_F103C6_Drivers/EXTI_DRIVER/STM32_F103C6_EXTI_Driver.o

Discarded input sections

 .text          0x0000000000000000        0x0 c:/st/stm32cubeide_1.4.0/stm32cubeide/plugins/com.st.stm32cube.ide.mcu.externaltools.gnu-tools-for-stm32.7-2018-q2-update.win32_1.4.0.202007081208/tools/bin/../lib/gcc/arm-none-eabi/7.3.1/thumb/v7-m/crti.o
 .data          0x0000000000000000        0x0 c:/st/stm32cubeide_1.4.0/stm32cubeide/plugins/com.st.stm32cube.ide.mcu.externaltools.gnu-tools-for-stm32.7-2018-q2-update.win32_1.4.0.202007081208/tools/bin/../lib/gcc/arm-none-eabi/7.3.1/thumb/v7-m/crti.o
 .bss           0x0000000000000000        0x0 c:/st/stm32cubeide_1.4.0/stm32cubeide/plugins/com.st.stm32cube.ide.mcu.externaltools.gnu-tools-for-stm32.7-2018-q2-update.win32_1.4.0.202007081208/tools/bin/../lib/gcc/arm-none-eabi/7.3.1/thumb/v7-m/crti.o
 .data          0x0000000000000000        0x4 c:/st/stm32cubeide_1.4.0/stm32cubeide/plugins/com.st.stm32cube.ide.mcu.externaltools.gnu-tools-for-stm32.7-2018-q2-update.win32_1.4.0.202007081208/tools/bin/../lib/gcc/arm-none-eabi/7.3.1/thumb/v7-m/crtbegin.o
 .text          0x0000000000000000       0x74 c:/st/stm32cubeide_1.4.0/stm32cubeide/plugins/com.st.stm32cube.ide.mcu.externaltools.gnu-tools-for-stm32.7-2018-q2-update.win32_1.4.0.202007081208/tools/bin/../lib/gcc/arm-none-eabi/7.3.1/../../../../arm-none-eabi/lib/thumb/v7-m/crt0.o
 .data          0x0000000000000000        0x0 c:/st/stm32cubeide_1.4.0/stm32cubeide/plugins/com.st.stm32cube.ide.mcu.externaltools.gnu-tools-for-stm32.7-2018-q2-update.win32_1.4.0.202007081208/tools/bin/../lib/gcc/arm-none-eabi/7.3.1/../../../../arm-none-eabi/lib/thumb/v7-m/crt0.o
 .bss           0x0000000000000000        0x0 c:/st/stm32cubeide_1.4.0/stm32cubeide/plugins/com.st.stm32cube.ide.mcu.externaltools.gnu-tools-for-stm32.7-2018-q2-update.win32_1.4.0.202007081208/tools/bin/../lib/gcc/arm-none-eabi/7.3.1/../../../../arm-none-eabi/lib/thumb/v7-m/crt0.o
[...]
Memory Configuration

Name             Origin             Length             Attributes
RAM              0x0000000020000000 0x0000000000002800 xrw
FLASH            0x0000000008000000 0x0000000000008000 xr
*default*        0x0000000000000000 0xffffffffffffffff

Linker script and memory map

LOAD c:/st/stm32cubeide_1.4.0/stm32cubeide/plugins/com.st.stm32cube.ide.mcu.externaltools.gnu-tools-for-stm32.7-2018-q2-update.win32_1.4.0.202007081208/tools/bin/../lib/gcc/arm-none-eabi/7.3.1/thumb/v7-m/crti.o
LOAD c:/st/stm32cubeide_1.4.0/stm32cubeide/plugins/com.st.stm32cube.ide.mcu.externaltools.gnu-tools-for-stm32.7-2018-q2-update.win32_1.4.0.202007081208/tools/bin/../lib/gcc/arm-none-eabi/7.3.1/thumb/v7-m/crtbegin.o
LOAD c:/st/stm32cubeide_1.4.0/stm32cubeide/plugins/com.st.stm32cube.ide.mcu.externaltools.gnu-tools-for-stm32.7-2018-q2-update.win32_1.4.0.202007081208/tools/bin/../lib/gcc/arm-none-eabi/7.3.1/../../../../arm-none-eabi/lib/thumb/v7-m/crt0.o
LOAD HAL/KEYPAD_DRIVER/keypad.o
LOAD HAL/LCD_DRIVER/lcd.o
LOAD HAL/Seven_Segment/seven_seg.o
LOAD STM32_F103C6_Drivers/EXTI_DRIVER/STM32_F103C6_EXTI_Driver.o
LOAD STM32_F103C6_Drivers/GPIO/STM32_F103C6_GPIO_Driver.o
LOAD STM32_F103C6_Drivers/RCC_DRIVER/STM32_F103C6_RCC_Driver.o
LOAD STM32_F103C6_Drivers/SPI_DRIVER/STM32_F103C6_SPI_Driver.o
LOAD STM32_F103C6_Drivers/USART_DRIVER/STM32_F103C6_USART_Driver.o
LOAD Src/main.o
LOAD Src/syscalls.o
LOAD Src/sysmem.o
LOAD Startup/startup_stm32f103c6tx.o
START GROUP
LOAD c:/st/stm32cubeide_1.4.0/stm32cubeide/plugins/com.st.stm32cube.ide.mcu.externaltools.gnu-tools-for-stm32.7-2018-q2-update.win32_1.4.0.202007081208/tools/bin/../lib/gcc/arm-none-eabi/7.3.1/../../../../arm-none-eabi/lib/thumb/v7-m\libc_nano.a
LOAD c:/st/stm32cubeide_1.4.0/stm32cubeide/plugins/com.st.stm32cube.ide.mcu.externaltools.gnu-tools-for-stm32.7-2018-q2-update.win32_1.4.0.202007081208/tools/bin/../lib/gcc/arm-none-eabi/7.3.1/../../../../arm-none-eabi/lib/thumb/v7-m\libm.a
END GROUP
START GROUP
LOAD c:/st/stm32cubeide_1.4.0/stm32cubeide/plugins/com.st.stm32cube.ide.mcu.externaltools.gnu-tools-for-stm32.7-2018-q2-update.win32_1.4.0.202007081208/tools/bin/../lib/gcc/arm-none-eabi/7.3.1/thumb/v7-m\libgcc.a
LOAD c:/st/stm32cubeide_1.4.0/stm32cubeide/plugins/com.st.stm32cube.ide.mcu.externaltools.gnu-tools-for-stm32.7-2018-q2-update.win32_1.4.0.202007081208/tools/bin/../lib/gcc/arm-none-eabi/7.3.1/../../../../arm-none-eabi/lib/thumb/v7-m\libg_nano.a
LOAD c:/st/stm32cubeide_1.4.0/stm32cubeide/plugins/com.st.stm32cube.ide.mcu.externaltools.gnu-tools-for-stm32.7-2018-q2-update.win32_1.4.0.202007081208/tools/bin/../lib/gcc/arm-none-eabi/7.3.1/../../../../arm-none-eabi/lib/thumb/v7-m\libc_nano.a
END GROUP
START GROUP
LOAD c:/st/stm32cubeide_1.4.0/stm32cubeide/plugins/com.st.stm32cube.ide.mcu.externaltools.gnu-tools-for-stm32.7-2018-q2-update.win32_1.4.0.202007081208/tools/bin/../lib/gcc/arm-none-eabi/7.3.1/thumb/v7-m\libgcc.a
LOAD c:/st/stm32cubeide_1.4.0/stm32cubeide/plugins/com.st.stm32cube.ide.mcu.externaltools.gnu-tools-for-stm32.7-2018-q2-update.win32_1.4.0.202007081208/tools/bin/../lib/gcc/arm-none-eabi/7.3.1/../../../../arm-none-eabi/lib/thumb/v7-m\libc_nano.a
LOAD c:/st/stm32cubeide_1.4.0/stm32cubeide/plugins/com.st.stm32cube.ide.mcu.externaltools.gnu-tools-for-stm32.7-2018-q2-update.win32_1.4.0.202007081208/tools/bin/../lib/gcc/arm-none-eabi/7.3.1/../../../../arm-none-eabi/lib/thumb/v7-m\libnosys.a
END GROUP
START GROUP
LOAD c:/st/stm32cubeide_1.4.0/stm32cubeide/plugins/com.st.stm32cube.ide.mcu.externaltools.gnu-tools-for-stm32.7-2018-q2-update.win32_1.4.0.202007081208/tools/bin/../lib/gcc/arm-none-eabi/7.3.1/thumb/v7-m\libgcc.a
LOAD c:/st/stm32cubeide_1.4.0/stm32cubeide/plugins/com.st.stm32cube.ide.mcu.externaltools.gnu-tools-for-stm32.7-2018-q2-update.win32_1.4.0.202007081208/tools/bin/../lib/gcc/arm-none-eabi/7.3.1/../../../../arm-none-eabi/lib/thumb/v7-m\libc_nano.a
LOAD c:/st/stm32cubeide_1.4.0/stm32cubeide/plugins/com.st.stm32cube.ide.mcu.externaltools.gnu-tools-for-stm32.7-2018-q2-update.win32_1.4.0.202007081208/tools/bin/../lib/gcc/arm-none-eabi/7.3.1/../../../../arm-none-eabi/lib/thumb/v7-m\libnosys.a
END GROUP
LOAD c:/st/stm32cubeide_1.4.0/stm32cubeide/plugins/com.st.stm32cube.ide.mcu.externaltools.gnu-tools-for-stm32.7-2018-q2-update.win32_1.4.0.202007081208/tools/bin/../lib/gcc/arm-none-eabi/7.3.1/thumb/v7-m/crtend.o
LOAD c:/st/stm32cubeide_1.4.0/stm32cubeide/plugins/com.st.stm32cube.ide.mcu.externaltools.gnu-tools-for-stm32.7-2018-q2-update.win32_1.4.0.202007081208/tools/bin/../lib/gcc/arm-none-eabi/7.3.1/thumb/v7-m/crtn.o
                0x0000000020002800                _estack = (ORIGIN (RAM) + LENGTH (RAM))
                0x0000000000000200                _Min_Heap_Size = 0x200
                0x0000000000000400                _Min_Stack_Size = 0x400

.isr_vector     0x0000000008000000      0x130
                0x0000000008000000                . = ALIGN (0x4)
 *(.isr_vector)
 .isr_vector    0x0000000008000000      0x130 Startup/startup_stm32f103c6tx.o
                0x0000000008000000                g_pfnVectors
                0x0000000008000130                . = ALIGN (0x4)

.text           0x0000000008000130      0xefc
                0x0000000008000130                . = ALIGN (0x4)
 *(.text)
 .text          0x0000000008000130       0x40 c:/st/stm32cubeide_1.4.0/stm32cubeide/plugins/com.st.stm32cube.ide.mcu.externaltools.gnu-tools-for-stm32.7-2018-q2-update.win32_1.4.0.202007081208/tools/bin/../lib/gcc/arm-none-eabi/7.3.1/thumb/v7-m/crtbegin.o
 *(.text*)
 .text.EXTI0_IRQHandler
                0x0000000008000170       0x24 STM32_F103C6_Drivers/EXTI_DRIVER/STM32_F103C6_EXTI_Driver.o
                0x0000000008000170                EXTI0_IRQHandler
 .text.EXTI1_IRQHandler
                0x0000000008000194       0x24 STM32_F103C6_Drivers/EXTI_DRIVER/STM32_F103C6_EXTI_Driver.o
                0x0000000008000194                EXTI1_IRQHandler
 .text.EXTI2_IRQHandler
                0x00000000080001b8       0x24 STM32_F103C6_Drivers/EXTI_DRIVER/STM32_F103C6_EXTI_Driver.o
                0x00000000080001b8                EXTI2_IRQHandler
 .text.EXTI3_IRQHandler
                0x00000000080001dc       0x24 STM32_F103C6_Drivers/EXTI_DRIVER/STM32_F103C6_EXTI_Driver.o
                0x00000000080001dc                EXTI3_IRQHandler
 .text.EXTI4_IRQHandler
                0x0000000008000200       0x24 STM32_F103C6_Drivers/EXTI_DRIVER/STM32_F103C6_EXTI_Driver.o
                0x0000000008000200                EXTI4_IRQHandler
 .text.EXTI9_5_IRQHandler
                0x0000000008000224       0xa8 STM32_F103C6_Drivers/EXTI_DRIVER/STM32_F103C6_EXTI_Driver.o
                0x0000000008000224                EXTI9_5_IRQHandler
 .text.EXTI15_10_IRQHandler
                0x00000000080002cc       0xc4 STM32_F103C6_Drivers/EXTI_DRIVER/STM32_F103C6_EXTI_Driver.o
                0x00000000080002cc                EXTI15_10_IRQHandler
 .text.Get_CRLH_Position
                0x0000000008000390       0xc6 STM32_F103C6_Drivers/GPIO/STM32_F103C6_GPIO_Driver.o
                0x0000000008000390                Get_CRLH_Position
 .text.MCAL_GPIO_Init
                0x0000000008000456      0x11a STM32_F103C6_Drivers/GPIO/STM32_F103C6_GPIO_Driver.o
                0x0000000008000456                MCAL_GPIO_Init
 .text.MCAL_GPIO_WritePin
                0x0000000008000570       0x2e STM32_F103C6_Drivers/GPIO/STM32_F103C6_GPIO_Driver.o
                0x0000000008000570                MCAL_GPIO_WritePin
 *fill*         0x000000000800059e        0x2 
 .text.MCAL_RCC_GetSYS_CLCKFreq
                0x00000000080005a0       0x3c STM32_F103C6_Drivers/RCC_DRIVER/STM32_F103C6_RCC_Driver.o
                0x00000000080005a0                MCAL_RCC_GetSYS_CLCKFreq
 .text.MCAL_RCC_GetHCLKFreq
                0x00000000080005dc       0x28 STM32_F103C6_Drivers/RCC_DRIVER/STM32_F103C6_RCC_Driver.o
                0x00000000080005dc                MCAL_RCC_GetHCLKFreq
 .text.MCAL_RCC_GetPCLK1Freq
                0x0000000008000604       0x28 STM32_F103C6_Drivers/RCC_DRIVER/STM32_F103C6_RCC_Driver.o
                0x0000000008000604                MCAL_RCC_GetPCLK1Freq
 .text.MCAL_RCC_GetPCLK2Freq
                0x000000000800062c       0x28 STM32_F103C6_Drivers/RCC_DRIVER/STM32_F103C6_RCC_Driver.o
                0x000000000800062c                MCAL_RCC_GetPCLK2Freq
 .text.MCAL_SPI_Init
                0x0000000008000654      0x158 STM32_F103C6_Drivers/SPI_DRIVER/STM32_F103C6_SPI_Driver.o
                0x0000000008000654                MCAL_SPI_Init
 .text.MCAL_SPI_TX_RX
                0x00000000080007ac       0x48 STM32_F103C6_Drivers/SPI_DRIVER/STM32_F103C6_SPI_Driver.o
                0x00000000080007ac                MCAL_SPI_TX_RX
 .text.MCAL_SPI_GPIO_Set_Pins
                0x00000000080007f4      0x1ec STM32_F103C6_Drivers/SPI_DRIVER/STM32_F103C6_SPI_Driver.o
                0x00000000080007f4                MCAL_SPI_GPIO_Set_Pins
 .text.SPI1_IRQHandler
                0x00000000080009e0       0x5c STM32_F103C6_Drivers/SPI_DRIVER/STM32_F103C6_SPI_Driver.o
                0x00000000080009e0                SPI1_IRQHandler
 .text.SPI2_IRQHandler
                0x0000000008000a3c       0x5c STM32_F103C6_Drivers/SPI_DRIVER/STM32_F103C6_SPI_Driver.o
                0x0000000008000a3c                SPI2_IRQHandler
 .text.MCAL_UART_Init
                0x0000000008000a98      0x190 STM32_F103C6_Drivers/USART_DRIVER/STM32_F103C6_USART_Driver.o
                0x0000000008000a98                MCAL_UART_Init
 .text.MCAL_UART_SendData
                0x0000000008000c28       0x74 STM32_F103C6_Drivers/USART_DRIVER/STM32_F103C6_USART_Driver.o
                0x0000000008000c28                MCAL_UART_SendData
 .text.MCAL_UART_ReceiveData
                0x0000000008000c9c       0xa0 STM32_F103C6_Drivers/USART_DRIVER/STM32_F103C6_USART_Driver.o
                0x0000000008000c9c                MCAL_UART_ReceiveData
 .text.MCAL_UART_GPIO_Set_Pins
                0x0000000008000d3c       0xcc STM32_F103C6_Drivers/USART_DRIVER/STM32_F103C6_USART_Driver.o
                0x0000000008000d3c                MCAL_UART_GPIO_Set_Pins
 .text.USART1_IRQHandler
                0x0000000008000e08       0x14 STM32_F103C6_Drivers/USART_DRIVER/STM32_F103C6_USART_Driver.o
                0x0000000008000e08                USART1_IRQHandler
 .text.USART2_IRQHandler
                0x0000000008000e1c       0x14 STM32_F103C6_Drivers/USART_DRIVER/STM32_F103C6_USART_Driver.o
                0x0000000008000e1c                USART2_IRQHandler
 .text.USART3_IRQHandler
                0x0000000008000e30       0x14 STM32_F103C6_Drivers/USART_DRIVER/STM32_F103C6_USART_Driver.o
                0x0000000008000e30                USART3_IRQHandler
 .text.clock_init
                0x0000000008000e44       0x34 Src/main.o
                0x0000000008000e44                clock_init
 .text.UART_IRQ_Callback
                0x0000000008000e78       0x4c Src/main.o
                0x0000000008000e78                UART_IRQ_Callback
 .text.main     0x0000000008000ec4       0xb4 Src/main.o
                0x0000000008000ec4                main
 .text.Reset_Handler
                0x0000000008000f78       0x50 Startup/startup_stm32f103c6tx.o
                0x0000000008000f78                Reset_Handler
 .text.Default_Handler
                0x0000000008000fc8        0x2 Startup/startup_stm32f103c6tx.o
                0x0000000008000fc8                TIM8_TRG_COM_IRQHandler
                0x0000000008000fc8                TIM8_CC_IRQHandler
                0x0000000008000fc8                DebugMon_Handler
                0x0000000008000fc8                TIM1_CC_IRQHandler
                0x0000000008000fc8                HardFault_Handler
                0x0000000008000fc8                TIM6_IRQHandler
                0x0000000008000fc8                SysTick_Handler
                0x0000000008000fc8                PVD_IRQHandler
                0x0000000008000fc8                SDIO_IRQHandler
                0x0000000008000fc8                PendSV_Handler
                0x0000000008000fc8                NMI_Handler
                0x0000000008000fc8                USB_HP_CAN_TX_IRQHandler
                0x0000000008000fc8                I2C2_EV_IRQHandler
                0x0000000008000fc8                UsageFault_Handler
                0x0000000008000fc8                ADC1_2_IRQHandler
                0x0000000008000fc8                CAN_SCE_IRQHandler
                0x0000000008000fc8                TAMPER_IRQHandler
                0x0000000008000fc8                TIM8_UP_IRQHandler
                0x0000000008000fc8                DMA2_Channel2_IRQHandler
                0x0000000008000fc8                DMA1_Channel4_IRQHandler
                0x0000000008000fc8                RTC_IRQHandler
                0x0000000008000fc8                DMA1_Channel7_IRQHandler
                0x0000000008000fc8                UART5_IRQHandler
                0x0000000008000fc8                ADC3_IRQHandler
                0x0000000008000fc8                TIM4_IRQHandler
                0x0000000008000fc8                CAN_RX1_IRQHandler
                0x0000000008000fc8                DMA2_Channel1_IRQHandler
                0x0000000008000fc8                I2C1_EV_IRQHandler
                0x0000000008000fc8                DMA1_Channel6_IRQHandler
                0x0000000008000fc8                UART4_IRQHandler
                0x0000000008000fc8                TIM3_IRQHandler
                0x0000000008000fc8                RCC_IRQHandler
                0x0000000008000fc8                TIM1_TRG_COM_IRQHandler
                0x0000000008000fc8                DMA1_Channel1_IRQHandler
                0x0000000008000fc8                Default_Handler
                0x0000000008000fc8                TIM7_IRQHandler
                0x0000000008000fc8                TIM5_IRQHandler
                0x0000000008000fc8                USB_LP_CAN_RX0_IRQHandler
                0x0000000008000fc8                MemManage_Handler
                0x0000000008000fc8                SVC_Handler
                0x0000000008000fc8                DMA1_Channel5_IRQHandler
                0x0000000008000fc8                DMA1_Channel3_IRQHandler
                0x0000000008000fc8                FSMC_IRQHandler
                0x0000000008000fc8                TIM1_UP_IRQHandler
                0x0000000008000fc8                WWDG_IRQHandler
                0x0000000008000fc8                TIM2_IRQHandler
                0x0000000008000fc8                TIM1_BRK_IRQHandler
                0x0000000008000fc8                RTCAlarm_IRQHandler
                0x0000000008000fc8                DMA2_Channel4_5_IRQHandler
                0x0000000008000fc8                I2C2_ER_IRQHandler
                0x0000000008000fc8                DMA1_Channel2_IRQHandler
                0x0000000008000fc8                TIM8_BRK_IRQHandler
                0x0000000008000fc8                FLASH_IRQHandler
                0x0000000008000fc8                BusFault_Handler
                0x0000000008000fc8                SPI3_IRQHandler
                0x0000000008000fc8                I2C1_ER_IRQHandler
                0x0000000008000fc8                DMA2_Channel3_IRQHandler
 *fill*         0x0000000008000fca        0x2 
 .text.__libc_init_array
                0x0000000008000fcc       0x48 c:/st/stm32cubeide_1.4.0/stm32cubeide/plugins/com.st.stm32cube.ide.mcu.externaltools.gnu-tools-for-stm32.7-2018-q2-update.win32_1.4.0.202007081208/tools/bin/../lib/gcc/arm-none-eabi/7.3.1/../../../../arm-none-eabi/lib/thumb/v7-m\libc_nano.a(lib_a-init.o)
                0x0000000008000fcc                __libc_init_array
 *(.glue_7)
 .glue_7        0x0000000008001014        0x0 linker stubs
 *(.glue_7t)
 .glue_7t       0x0000000008001014        0x0 linker stubs
 *(.eh_frame)
 .eh_frame      0x0000000008001014        0x0 c:/st/stm32cubeide_1.4.0/stm32cubeide/plugins/com.st.stm32cube.ide.mcu.externaltools.gnu-tools-for-stm32.7-2018-q2-update.win32_1.4.0.202007081208/tools/bin/../lib/gcc/arm-none-eabi/7.3.1/thumb/v7-m/crtbegin.o
 *(.init)
 .init          0x0000000008001014        0x4 c:/st/stm32cubeide_1.4.0/stm32cubeide/plugins/com.st.stm32cube.ide.mcu.externaltools.gnu-tools-for-stm32.7-2018-q2-update.win32_1.4.0.202007081208/tools/bin/../lib/gcc/arm-none-eabi/7.3.1/thumb/v7-m/crti.o
                0x0000000008001014                _init
 .init          0x0000000008001018        0x8 c:/st/stm32cubeide_1.4.0/stm32cubeide/plugins/com.st.stm32cube.ide.mcu.externaltools.gnu-tools-for-stm32.7-2018-q2-update.win32_1.4.0.202007081208/tools/bin/../lib/gcc/arm-none-eabi/7.3.1/thumb/v7-m/crtn.o
 *(.fini)
 .fini          0x0000000008001020        0x4 c:/st/stm32cubeide_1.4.0/stm32cubeide/plugins/com.st.stm32cube.ide.mcu.externaltools.gnu-tools-for-stm32.7-2018-q2-update.win32_1.4.0.202007081208/tools/bin/../lib/gcc/arm-none-eabi/7.3.1/thumb/v7-m/crti.o
                0x0000000008001020                _fini
 .fini          0x0000000008001024        0x8 c:/st/stm32cubeide_1.4.0/stm32cubeide/plugins/com.st.stm32cube.ide.mcu.externaltools.gnu-tools-for-stm32.7-2018-q2-update.win32_1.4.0.202007081208/tools/bin/../lib/gcc/arm-none-eabi/7.3.1/thumb/v7-m/crtn.o
                0x000000000800102c                . = ALIGN (0x4)
                0x000000000800102c                _etext = .

.vfp11_veneer   0x000000000800102c        0x0
 .vfp11_veneer  0x000000000800102c        0x0 linker stubs

.v4_bx          0x000000000800102c        0x0
 .v4_bx         0x000000000800102c        0x0 linker stubs

.iplt           0x000000000800102c        0x0
 .iplt          0x000000000800102c        0x0 c:/st/stm32cubeide_1.4.0/stm32cubeide/plugins/com.st.stm32cube.ide.mcu.externaltools.gnu-tools-for-stm32.7-2018-q2-update.win32_1.4.0.202007081208/tools/bin/../lib/gcc/arm-none-eabi/7.3.1/thumb/v7-m/crtbegin.o

.rodata         0x000000000800102c       0x18
                0x000000000800102c                . = ALIGN (0x4)
 *(.rodata)
 *(.rodata*)
 .rodata.APBPrescTable
                0x000000000800102c        0x8 STM32_F103C6_Drivers/RCC_DRIVER/STM32_F103C6_RCC_Driver.o
                0x000000000800102c                APBPrescTable
 .rodata.AHBPrescTable
                0x0000000008001034       0x10 STM32_F103C6_Drivers/RCC_DRIVER/STM32_F103C6_RCC_Driver.o
                0x0000000008001034                AHBPrescTable
                0x0000000008001044                . = ALIGN (0x4)

.rel.dyn        0x0000000008001044        0x0
 .rel.iplt      0x0000000008001044        0x0 c:/st/stm32cubeide_1.4.0/stm32cubeide/plugins/com.st.stm32cube.ide.mcu.externaltools.gnu-tools-for-stm32.7-2018-q2-update.win32_1.4.0.202007081208/tools/bin/../lib/gcc/arm-none-eabi/7.3.1/thumb/v7-m/crtbegin.o

.ARM.extab      0x0000000008001044        0x0
                0x0000000008001044                . = ALIGN (0x4)
 *(.ARM.extab* .gnu.linkonce.armextab.*)
                0x0000000008001044                . = ALIGN (0x4)

.ARM            0x0000000008001044        0x0
                0x0000000008001044                . = ALIGN (0x4)
                0x0000000008001044                __exidx_start = .
 *(.ARM.exidx*)
                0x0000000008001044                __exidx_end = .
                0x0000000008001044                . = ALIGN (0x4)

.preinit_array  0x0000000008001044        0x0
                0x0000000008001044                . = ALIGN (0x4)
                0x0000000008001044                PROVIDE (__preinit_array_start = .)
 *(.preinit_array*)
                0x0000000008001044                PROVIDE (__preinit_array_end = .)
                0x0000000008001044                . = ALIGN (0x4)

.init_array     0x0000000008001044        0x4
                0x0000000008001044                . = ALIGN (0x4)
                0x0000000008001044                PROVIDE (__init_array_start = .)
 *(SORT_BY_NAME(.init_array.*))
 *(.init_array*)
 .init_array    0x0000000008001044        0x4 c:/st/stm32cubeide_1.4.0/stm32cubeide/plugins/com.st.stm32cube.ide.mcu.externaltools.gnu-tools-for-stm32.7-2018-q2-update.win32_1.4.0.202007081208/tools/bin/../lib/gcc/arm-none-eabi/7.3.1/thumb/v7-m/crtbegin.o
                0x0000000008001048                PROVIDE (__init_array_end = .)
                0x0000000008001048                . = ALIGN (0x4)

.fini_array     0x0000000008001048        0x4
                0x0000000008001048                . = ALIGN (0x4)
                [!provide]                        PROVIDE (__fini_array_start = .)
 *(SORT_BY_NAME(.fini_array.*))
 *(.fini_array*)
 .fini_array    0x0000000008001048        0x4 c:/st/stm32cubeide_1.4.0/stm32cubeide/plugins/com.st.stm32cube.ide.mcu.externaltools.gnu-tools-for-stm32.7-2018-q2-update.win32_1.4.0.202007081208/tools/bin/../lib/gcc/arm-none-eabi/7.3.1/thumb/v7-m/crtbegin.o
                [!provide]                        PROVIDE (__fini_array_end = .)
                0x000000000800104c                . = ALIGN (0x4)
                0x000000000800104c                _sidata = LOADADDR (.data)

.data           0x0000000020000000        0x0 load address 0x000000000800104c
                0x0000000020000000                . = ALIGN (0x4)
                0x0000000020000000                _sdata = .
 *(.data)
 *(.data*)
 *(.RamFunc)
 *(.RamFunc*)
                0x0000000020000000                . = ALIGN (0x4)
                0x0000000020000000                _edata = .

.igot.plt       0x0000000020000000        0x0 load address 0x000000000800104c
 .igot.plt      0x0000000020000000        0x0 c:/st/stm32cubeide_1.4.0/stm32cubeide/plugins/com.st.stm32cube.ide.mcu.externaltools.gnu-tools-for-stm32.7-2018-q2-update.win32_1.4.0.202007081208/tools/bin/../lib/gcc/arm-none-eabi/7.3.1/thumb/v7-m/crtbegin.o
                0x0000000020000000                . = ALIGN (0x4)

.bss            0x0000000020000000       0xa4 load address 0x000000000800104c
                0x0000000020000000                _sbss = .
                0x0000000020000000                __bss_start__ = _sbss
 *(.bss)
 .bss           0x0000000020000000       0x1c c:/st/stm32cubeide_1.4.0/stm32cubeide/plugins/com.st.stm32cube.ide.mcu.externaltools.gnu-tools-for-stm32.7-2018-q2-update.win32_1.4.0.202007081208/tools/bin/../lib/gcc/arm-none-eabi/7.3.1/thumb/v7-m/crtbegin.o
 *(.bss*)
 .bss.Global_SPI_Config
                0x000000002000001c        0x8 STM32_F103C6_Drivers/SPI_DRIVER/STM32_F103C6_SPI_Driver.o
                0x000000002000001c                Global_SPI_Config
 .bss.Global_UART_Config
                0x0000000020000024        0xc STM32_F103C6_Drivers/USART_DRIVER/STM32_F103C6_USART_Driver.o
                0x0000000020000024                Global_UART_Config
 .bss.USART_Index
                0x0000000020000030        0x1 STM32_F103C6_Drivers/USART_DRIVER/STM32_F103C6_USART_Driver.o
                0x0000000020000030                USART_Index
 *(COMMON)
 *fill*         0x0000000020000031        0x3 
 COMMON         0x0000000020000034       0x3c STM32_F103C6_Drivers/EXTI_DRIVER/STM32_F103C6_EXTI_Driver.o
                0x0000000020000034                GP_IRQ_CallBack
 COMMON         0x0000000020000070       0x30 STM32_F103C6_Drivers/SPI_DRIVER/STM32_F103C6_SPI_Driver.o
                0x0000000020000070                Global_SPI_Config2
                0x0000000020000088                Global_SPI_Config1
 COMMON         0x00000000200000a0        0x1 Src/main.o
                0x00000000200000a0                ch
                0x00000000200000a4                . = ALIGN (0x4)
 *fill*         0x00000000200000a1        0x3 
                0x00000000200000a4                _ebss = .
                0x00000000200000a4                __bss_end__ = _ebss

._user_heap_stack
                0x00000000200000a4      0x604 load address 0x000000000800104c
                0x00000000200000a8                . = ALIGN (0x8)
 *fill*         0x00000000200000a4        0x4 
                [!provide]                        PROVIDE (end = .)
                0x00000000200000a8                PROVIDE (_end = .)
                0x00000000200002a8                . = (. + _Min_Heap_Size)
 *fill*         0x00000000200000a8      0x200 
                0x00000000200006a8                . = (. + _Min_Stack_Size)
 *fill*         0x00000000200002a8      0x400 
                0x00000000200006a8                . = ALIGN (0x8)

/DISCARD/
 libc.a(*)
 libm.a(*)
 libgcc.a(*)

.ARM.attributes
                0x0000000000000000       0x29
 *(.ARM.attributes)
 .ARM.attributes
                0x0000000000000000       0x1d c:/st/stm32cubeide_1.4.0/stm32cubeide/plugins/com.st.stm32cube.ide.mcu.externaltools.gnu-tools-for-stm32.7-2018-q2-update.win32_1.4.0.202007081208/tools/bin/../lib/gcc/arm-none-eabi/7.3.1/thumb/v7-m/crti.o
 .ARM.attributes
                0x000000000000001d       0x2d c:/st/stm32cubeide_1.4.0/stm32cubeide/plugins/com.st.stm32cube.ide.mcu.externaltools.gnu-tools-for-stm32.7-2018-q2-update.win32_1.4.0.202007081208/tools/bin/../lib/gcc/arm-none-eabi/7.3.1/thumb/v7-m/crtbegin.o
 .ARM.attributes
                0x000000000000004a       0x33 STM32_F103C6_Drivers/EXTI_DRIVER/STM32_F103C6_EXTI_Driver.o
 .ARM.attributes
                0x000000000000007d       0x33 STM32_F103C6_Drivers/GPIO/STM32_F103C6_GPIO_Driver.o
 .ARM.attributes
                0x00000000000000b0       0x33 STM32_F103C6_Drivers/RCC_DRIVER/STM32_F103C6_RCC_Driver.o
 .ARM.attributes
                0x00000000000000e3       0x33 STM32_F103C6_Drivers/SPI_DRIVER/STM32_F103C6_SPI_Driver.o
 .ARM.attributes
                0x0000000000000116       0x33 STM32_F103C6_Drivers/USART_DRIVER/STM32_F103C6_USART_Driver.o
 .ARM.attributes
                0x0000000000000149       0x33 Src/main.o
 .ARM.attributes
                0x000000000000017c       0x21 Startup/startup_stm32f103c6tx.o
 .ARM.attributes
                0x000000000000019d       0x2d c:/st/stm32cubeide_1.4.0/stm32cubeide/plugins/com.st.stm32cube.ide.mcu.externaltools.gnu-tools-for-stm32.7-2018-q2-update.win32_1.4.0.202007081208/tools/bin/../lib/gcc/arm-none-eabi/7.3.1/../../../../arm-none-eabi/lib/thumb/v7-m\libc_nano.a(lib_a-init.o)
 .ARM.attributes
                0x00000000000001ca       0x1d c:/st/stm32cubeide_1.4.0/stm32cubeide/plugins/com.st.stm32cube.ide.mcu.externaltools.gnu-tools-for-stm32.7-2018-q2-update.win32_1.4.0.202007081208/tools/bin/../lib/gcc/arm-none-eabi/7.3.1/thumb/v7-m/crtn.o
OUTPUT(unit8_lesson5_lab1_Master.elf elf32-littlearm)

.debug_info     0x0000000000000000     0x520d
 .debug_info    0x0000000000000000      0xdc2 STM32_F103C6_Drivers/EXTI_DRIVER/STM32_F103C6_EXTI_Driver.o
 .debug_info    0x0000000000000dc2      0xd61 STM32_F103C6_Drivers/GPIO/STM32_F103C6_GPIO_Driver.o
 .debug_info    0x0000000000001b23      0xb0a STM32_F103C6_Drivers/RCC_DRIVER/STM32_F103C6_RCC_Driver.o
 .debug_info    0x000000000000262d      0xf14 STM32_F103C6_Drivers/SPI_DRIVER/STM32_F103C6_SPI_Driver.o
 .debug_info    0x0000000000003541      0xe2a STM32_F103C6_Drivers/USART_DRIVER/STM32_F103C6_USART_Driver.o
 .debug_info    0x000000000000436b      0xe80 Src/main.o
 .debug_info    0x00000000000051eb       0x22 Startup/startup_stm32f103c6tx.o

.debug_abbrev   0x0000000000000000      0xcaa
 .debug_abbrev  0x0000000000000000      0x239 STM32_F103C6_Drivers/EXTI_DRIVER/STM32_F103C6_EXTI_Driver.o
 .debug_abbrev  0x0000000000000239      0x241 STM32_F103C6_Drivers/GPIO/STM32_F103C6_GPIO_Driver.o
 .debug_abbrev  0x000000000000047a      0x19b STM32_F103C6_Drivers/RCC_DRIVER/STM32_F103C6_RCC_Driver.o
 .debug_abbrev  0x0000000000000615      0x240 STM32_F103C6_Drivers/SPI_DRIVER/STM32_F103C6_SPI_Driver.o
 .debug_abbrev  0x0000000000000855      0x23f STM32_F103C6_Drivers/USART_DRIVER/STM32_F103C6_USART_Driver.o
 .debug_abbrev  0x0000000000000a94      0x204 Src/main.o
 .debug_abbrev  0x0000000000000c98       0x12 Startup/startup_stm32f103c6tx.o

.debug_loc      0x0000000000000000      0xd10
 .debug_loc     0x0000000000000000      0x320 STM32_F103C6_Drivers/EXTI_DRIVER/STM32_F103C6_EXTI_Driver.o
 .debug_loc     0x0000000000000320      0x330 STM32_F103C6_Drivers/GPIO/STM32_F103C6_GPIO_Driver.o
 .debug_loc     0x0000000000000650       0xc8 STM32_F103C6_Drivers/RCC_DRIVER/STM32_F103C6_RCC_Driver.o
 .debug_loc     0x0000000000000718      0x2bc STM32_F103C6_Drivers/SPI_DRIVER/STM32_F103C6_SPI_Driver.o
 .debug_loc     0x00000000000009d4      0x294 STM32_F103C6_Drivers/USART_DRIVER/STM32_F103C6_USART_Driver.o
 .debug_loc     0x0000000000000c68       0xa8 Src/main.o

.debug_aranges  0x0000000000000000      0x228
 .debug_aranges
                0x0000000000000000       0x80 STM32_F103C6_Drivers/EXTI_DRIVER/STM32_F103C6_EXTI_Driver.o
 .debug_aranges
                0x0000000000000080       0x60 STM32_F103C6_Drivers/GPIO/STM32_F103C6_GPIO_Driver.o
 .debug_aranges
                0x00000000000000e0       0x38 STM32_F103C6_Drivers/RCC_DRIVER/STM32_F103C6_RCC_Driver.o
 .debug_aranges
                0x0000000000000118       0x58 STM32_F103C6_Drivers/SPI_DRIVER/STM32_F103C6_SPI_Driver.o
 .debug_aranges
                0x0000000000000170       0x60 STM32_F103C6_Drivers/USART_DRIVER/STM32_F103C6_USART_Driver.o
 .debug_aranges
                0x00000000000001d0       0x30 Src/main.o
 .debug_aranges
                0x0000000000000200       0x28 Startup/startup_stm32f103c6tx.o

.debug_ranges   0x0000000000000000      0x1c0
 .debug_ranges  0x0000000000000000       0x70 STM32_F103C6_Drivers/EXTI_DRIVER/STM32_F103C6_EXTI_Driver.o
 .debug_ranges  0x0000000000000070       0x50 STM32_F103C6_Drivers/GPIO/STM32_F103C6_GPIO_Driver.o
 .debug_ranges  0x00000000000000c0       0x28 STM32_F103C6_Drivers/RCC_DRIVER/STM32_F103C6_RCC_Driver.o
 .debug_ranges  0x00000000000000e8       0x48 STM32_F103C6_Drivers/SPI_DRIVER/STM32_F103C6_SPI_Driver.o
 .debug_ranges  0x0000000000000130       0x50 STM32_F103C6_Drivers/USART_DRIVER/STM32_F103C6_USART_Driver.o
 .debug_ranges  0x0000000000000180       0x20 Src/main.o
 .debug_ranges  0x00000000000001a0       0x20 Startup/startup_stm32f103c6tx.o

.debug_macro    0x0000000000000000      0xf09
 .debug_macro   0x0000000000000000      0x162 STM32_F103C6_Drivers/EXTI_DRIVER/STM32_F103C6_EXTI_Driver.o
 .debug_macro   0x0000000000000162      0x225 STM32_F103C6_Drivers/EXTI_DRIVER/STM32_F103C6_EXTI_Driver.o
 .debug_macro   0x0000000000000387      0x149 STM32_F103C6_Drivers/GPIO/STM32_F103C6_GPIO_Driver.o
 .debug_macro   0x00000000000004d0      0x15c STM32_F103C6_Drivers/RCC_DRIVER/STM32_F103C6_RCC_Driver.o
 .debug_macro   0x000000000000062c       0x10 STM32_F103C6_Drivers/RCC_DRIVER/STM32_F103C6_RCC_Driver.o
 .debug_macro   0x000000000000063c      0x16f STM32_F103C6_Drivers/SPI_DRIVER/STM32_F103C6_SPI_Driver.o
 .debug_macro   0x00000000000007ab       0xd6 STM32_F103C6_Drivers/SPI_DRIVER/STM32_F103C6_SPI_Driver.o
 .debug_macro   0x0000000000000881       0x16 STM32_F103C6_Drivers/SPI_DRIVER/STM32_F103C6_SPI_Driver.o
 .debug_macro   0x0000000000000897       0xce STM32_F103C6_Drivers/SPI_DRIVER/STM32_F103C6_SPI_Driver.o
 .debug_macro   0x0000000000000965      0x157 STM32_F103C6_Drivers/USART_DRIVER/STM32_F103C6_USART_Driver.o
 .debug_macro   0x0000000000000abc       0xf1 STM32_F103C6_Drivers/USART_DRIVER/STM32_F103C6_USART_Driver.o
 .debug_macro   0x0000000000000bad      0x1a2 Src/main.o
 .debug_macro   0x0000000000000d4f       0xd4 Src/main.o
 .debug_macro   0x0000000000000e23       0xa0 Src/main.o
 .debug_macro   0x0000000000000ec3       0x46 Src/main.o

.debug_line     0x0000000000000000     0x28e7
 .debug_line    0x0000000000000000      0x75b STM32_F103C6_Drivers/EXTI_DRIVER/STM32_F103C6_EXTI_Driver.o
 .debug_line    0x000000000000075b      0x6a4 STM32_F103C6_Drivers/GPIO/STM32_F103C6_GPIO_Driver.o
 .debug_line    0x0000000000000dff      0x5e3 STM32_F103C6_Drivers/RCC_DRIVER/STM32_F103C6_RCC_Driver.o
 .debug_line    0x00000000000013e2      0x70b STM32_F103C6_Drivers/SPI_DRIVER/STM32_F103C6_SPI_Driver.o
 .debug_line    0x0000000000001aed      0x6e3 STM32_F103C6_Drivers/USART_DRIVER/STM32_F103C6_USART_Driver.o
 .debug_line    0x00000000000021d0      0x693 Src/main.o
 .debug_line    0x0000000000002863       0x84 Startup/startup_stm32f103c6tx.o

.debug_str      0x0000000000000000     0xac1b
 .debug_str     0x0000000000000000     0x95b4 STM32_F103C6_Drivers/EXTI_DRIVER/STM32_F103C6_EXTI_Driver.o
                                       0x9824 (size before relaxing)
 .debug_str     0x00000000000095b4      0x193 STM32_F103C6_Drivers/GPIO/STM32_F103C6_GPIO_Driver.o
                                       0x8399 (size before relaxing)
 .debug_str     0x0000000000009747      0x114 STM32_F103C6_Drivers/RCC_DRIVER/STM32_F103C6_RCC_Driver.o
                                       0x82dd (size before relaxing)
 .debug_str     0x000000000000985b      0x7ed STM32_F103C6_Drivers/SPI_DRIVER/STM32_F103C6_SPI_Driver.o
                                       0x8ae3 (size before relaxing)
 .debug_str     0x000000000000a048      0x7c2 STM32_F103C6_Drivers/USART_DRIVER/STM32_F103C6_USART_Driver.o
                                       0x8ae1 (size before relaxing)
 .debug_str     0x000000000000a80a      0x3e0 Src/main.o
                                       0xa732 (size before relaxing)
 .debug_str     0x000000000000abea       0x31 Startup/startup_stm32f103c6tx.o
                                         0x7d (size before relaxing)

.comment        0x0000000000000000       0x7b
 .comment       0x0000000000000000       0x7b STM32_F103C6_Drivers/EXTI_DRIVER/STM32_F103C6_EXTI_Driver.o
                                         0x7c (size before relaxing)
 .comment       0x000000000000007b       0x7c STM32_F103C6_Drivers/GPIO/STM32_F103C6_GPIO_Driver.o
 .comment       0x000000000000007b       0x7c STM32_F103C6_Drivers/RCC_DRIVER/STM32_F103C6_RCC_Driver.o
 .comment       0x000000000000007b       0x7c STM32_F103C6_Drivers/SPI_DRIVER/STM32_F103C6_SPI_Driver.o
 .comment       0x000000000000007b       0x7c STM32_F103C6_Drivers/USART_DRIVER/STM32_F103C6_USART_Driver.o
 .comment       0x000000000000007b       0x7c Src/main.o

.debug_frame    0x0000000000000000      0x6d8
 .debug_frame   0x0000000000000000      0x1b0 STM32_F103C6_Drivers/EXTI_DRIVER/STM32_F103C6_EXTI_Driver.o
 .debug_frame   0x00000000000001b0      0x178 STM32_F103C6_Drivers/GPIO/STM32_F103C6_GPIO_Driver.o
 .debug_frame   0x0000000000000328       0x84 STM32_F103C6_Drivers/RCC_DRIVER/STM32_F103C6_RCC_Driver.o
 .debug_frame   0x00000000000003ac      0x148 STM32_F103C6_Drivers/SPI_DRIVER/STM32_F103C6_SPI_Driver.o
 .debug_frame   0x00000000000004f4      0x14c STM32_F103C6_Drivers/USART_DRIVER/STM32_F103C6_USART_Driver.o
 .debug_frame   0x0000000000000640       0x6c Src/main.o
 .debug_frame   0x00000000000006ac       0x2c c:/st/stm32cubeide_1.4.0/stm32cubeide/plugins/com.st.stm32cube.ide.mcu.externaltools.gnu-tools-for-stm32.7-2018-q2-update.win32_1.4.0.202007081208/tools/bin/../lib/gcc/arm-none-eabi/7.3.1/../../../../arm-none-eabi/lib/thumb/v7-m\libc_nano.a(lib_a-init.o)
