../STM32_F103C6_Drivers/LCD_DRIVER/lcd.c:9:6:my_wait	24	static
../STM32_F103C6_Drivers/LCD_DRIVER/lcd.c:16:6:LCD_init	8	static
../STM32_F103C6_Drivers/LCD_DRIVER/lcd.c:100:6:LCD_GOTO_XY	16	static
../STM32_F103C6_Drivers/LCD_DRIVER/lcd.c:115:6:LCD_Command	16	static
../STM32_F103C6_Drivers/LCD_DRIVER/lcd.c:142:6:LCD_Clear_Screen	8	static
../STM32_F103C6_Drivers/LCD_DRIVER/lcd.c:146:6:LCD_kick	8	static
../STM32_F103C6_Drivers/LCD_DRIVER/lcd.c:154:6:LCD_IsBusy	8	static
../STM32_F103C6_Drivers/LCD_DRIVER/lcd.c:205:6:LCD_WriteChar	16	static
../STM32_F103C6_Drivers/LCD_DRIVER/lcd.c:233:6:LCD_WriteString	24	static
../STM32_F103C6_Drivers/LCD_DRIVER/lcd.c:255:6:LCD_Wirte_Special_Char	8	static
