STM32_F103C6_USART_Driver.c:46:6:MCAL_UART_Init	24	static
STM32_F103C6_USART_Driver.c:136:6:MCAL_UART_DeInit	16	static
STM32_F103C6_USART_Driver.c:181:6:MCAL_UART_SendData	24	static
STM32_F103C6_USART_Driver.c:222:6:MCAL_UART_WAIT_TC	16	static
STM32_F103C6_USART_Driver.c:229:6:MCAL_UART_ReceiveData	24	static
STM32_F103C6_USART_Driver.c:283:6:MCAL_UART_GPIO_Set_Pins	24	static
STM32_F103C6_USART_Driver.c:400:6:USART1_IRQHandler	8	static
STM32_F103C6_USART_Driver.c:407:6:USART2_IRQHandler	8	static
STM32_F103C6_USART_Driver.c:412:6:USART3_IRQHandler	8	static
