STM32_F103C6_EXTI_Driver.c:47:6:Enable_NVIC	16	static
STM32_F103C6_EXTI_Driver.c:86:6:Disable_NVIC	16	static
STM32_F103C6_EXTI_Driver.c:135:6:Update_EXTI	24	static
STM32_F103C6_EXTI_Driver.c:221:6:MCAL_EXTI_GPIO_Init	16	static
STM32_F103C6_EXTI_Driver.c:234:6:MCAL_EXTI_GPIO_DeInit	4	static
STM32_F103C6_EXTI_Driver.c:274:6:MCAL_EXTI_GPIO_Update	16	static
STM32_F103C6_EXTI_Driver.c:288:6:EXTI0_IRQHandler	8	static
STM32_F103C6_EXTI_Driver.c:296:6:EXTI1_IRQHandler	8	static
STM32_F103C6_EXTI_Driver.c:303:6:EXTI2_IRQHandler	8	static
STM32_F103C6_EXTI_Driver.c:309:6:EXTI3_IRQHandler	8	static
STM32_F103C6_EXTI_Driver.c:315:6:EXTI4_IRQHandler	8	static
STM32_F103C6_EXTI_Driver.c:320:6:EXTI9_5_IRQHandler	8	static
STM32_F103C6_EXTI_Driver.c:329:6:EXTI15_10_IRQHandler	8	static
