STM32_F103C6_USART_Driver.c:46:6:MCAL_UART_Init	24	static
STM32_F103C6_USART_Driver.c:133:6:MCAL_UART_DeInit	16	static
STM32_F103C6_USART_Driver.c:178:6:MCAL_UART_SendData	24	static
STM32_F103C6_USART_Driver.c:219:6:MCAL_UART_WAIT_TC	16	static
STM32_F103C6_USART_Driver.c:226:6:MCAL_UART_ReceiveData	24	static
STM32_F103C6_USART_Driver.c:280:6:MCAL_UART_GPIO_Set_Pins	24	static
STM32_F103C6_USART_Driver.c:397:6:USART1_IRQHandler	8	static
STM32_F103C6_USART_Driver.c:404:6:USART2_IRQHandler	8	static
STM32_F103C6_USART_Driver.c:409:6:USART3_IRQHandler	8	static
