
Memory Configuration

Name             Origin             Length             Attributes
FLASH            0x0000000000000000 0x0000000020000000 xr
SRAM             0x0000000020000000 0x0000000020000000 xrw
*default*        0x0000000000000000 0xffffffffffffffff

Linker script and memory map


.text           0x0000000000000000      0x138
 *(.vectors*)
 .vectors       0x0000000000000000       0x20 startup.o
                0x0000000000000000                g_p_fn_vector
 *(.text*)
 .text          0x0000000000000020       0x88 main.o
                0x0000000000000020                main
 .text          0x00000000000000a8       0x90 startup.o
                0x00000000000000a8                Reset_Handler
                0x000000000000012c                MM_Fault_Handler
                0x000000000000012c                Bus_Fault
                0x000000000000012c                Default_Handler
                0x000000000000012c                H_fault_Handler
                0x000000000000012c                Usage_Fault_Handler
                0x000000000000012c                NMI_Handler
 *(.rodata)
                0x0000000000000138                _E_text = .

.glue_7         0x0000000000000138        0x0
 .glue_7        0x0000000000000138        0x0 linker stubs

.glue_7t        0x0000000000000138        0x0
 .glue_7t       0x0000000000000138        0x0 linker stubs

.vfp11_veneer   0x0000000000000138        0x0
 .vfp11_veneer  0x0000000000000138        0x0 linker stubs

.v4_bx          0x0000000000000138        0x0
 .v4_bx         0x0000000000000138        0x0 linker stubs

.iplt           0x0000000000000138        0x0
 .iplt          0x0000000000000138        0x0 main.o

.rel.dyn        0x0000000000000138        0x0
 .rel.iplt      0x0000000000000138        0x0 main.o

.data           0x0000000020000000        0x0 load address 0x0000000000000138
                0x0000000020000000                _S_data = .
 *(.data)
 .data          0x0000000020000000        0x0 main.o
 .data          0x0000000020000000        0x0 startup.o
                0x0000000020000000                _E_data = .

.igot.plt       0x0000000020000000        0x0 load address 0x0000000000000138
 .igot.plt      0x0000000020000000        0x0 main.o

.bss            0x0000000020000000      0x400 load address 0x0000000000000138
                0x0000000020000000                _S_bss = .
 *(.bss)
 .bss           0x0000000020000000        0x0 main.o
 .bss           0x0000000020000000      0x400 startup.o
                0x0000000020000400                _E_bss = .
LOAD main.o
LOAD startup.o
OUTPUT(learn-in-depth.elf elf32-littlearm)

.debug_info     0x0000000000000000     0x1446
 .debug_info    0x0000000000000000      0x9a2 main.o
 .debug_info    0x00000000000009a2      0xaa4 startup.o

.debug_abbrev   0x0000000000000000      0x37c
 .debug_abbrev  0x0000000000000000      0x18e main.o
 .debug_abbrev  0x000000000000018e      0x1ee startup.o

.debug_loc      0x0000000000000000       0xb4
 .debug_loc     0x0000000000000000       0x38 main.o
 .debug_loc     0x0000000000000038       0x7c startup.o

.debug_aranges  0x0000000000000000       0x40
 .debug_aranges
                0x0000000000000000       0x20 main.o
 .debug_aranges
                0x0000000000000020       0x20 startup.o

.debug_line     0x0000000000000000      0x405
 .debug_line    0x0000000000000000      0x201 main.o
 .debug_line    0x0000000000000201      0x204 startup.o

.debug_str      0x0000000000000000      0x550
 .debug_str     0x0000000000000000      0x4cb main.o
                                        0x52f (size before relaxing)
 .debug_str     0x00000000000004cb       0x85 startup.o
                                        0x59a (size before relaxing)

.comment        0x0000000000000000       0x7b
 .comment       0x0000000000000000       0x7b main.o
                                         0x7c (size before relaxing)
 .comment       0x000000000000007b       0x7c startup.o

.ARM.attributes
                0x0000000000000000       0x33
 .ARM.attributes
                0x0000000000000000       0x33 main.o
 .ARM.attributes
                0x0000000000000033       0x33 startup.o

.debug_frame    0x0000000000000000       0x7c
 .debug_frame   0x0000000000000000       0x2c main.o
 .debug_frame   0x000000000000002c       0x50 startup.o
